Archive member included to satisfy reference by file (symbol)

C:/devkitPro/libctru/lib\libcitro2d.a(base.o)
                              main.o (C2D_Init)
C:/devkitPro/libctru/lib\libcitro2d.a(spritesheet.o)
                              main.o (C2D_SpriteSheetLoad)
C:/devkitPro/libctru/lib\libcitro2d.a(render2d.shbin.o)
                              C:/devkitPro/libctru/lib\libcitro2d.a(base.o) (render2d_shbin)
C:/devkitPro/libctru/lib\libcitro3d.a(base.o)
                              main.o (C3D_Init)
C:/devkitPro/libctru/lib\libcitro3d.a(renderqueue.o)
                              C:/devkitPro/libctru/lib\libcitro3d.a(base.o) (C3Di_RenderQueueEnableVBlank)
C:/devkitPro/libctru/lib\libcitro3d.a(texture.o)
                              C:/devkitPro/libctru/lib\libcitro2d.a(base.o) (C3D_TexBind)
C:/devkitPro/libctru/lib\libcitro3d.a(tex3ds.o)
                              C:/devkitPro/libctru/lib\libcitro2d.a(spritesheet.o) (Tex3DS_TextureImport)
C:/devkitPro/libctru/lib\libcitro3d.a(framebuffer.o)
                              C:/devkitPro/libctru/lib\libcitro3d.a(renderqueue.o) (C3D_CalcColorBufSize)
C:/devkitPro/libctru/lib\libcitro3d.a(texenv.o)
                              C:/devkitPro/libctru/lib\libcitro2d.a(base.o) (C3D_GetTexEnv)
C:/devkitPro/libctru/lib\libcitro3d.a(proctex.o)
                              C:/devkitPro/libctru/lib\libcitro2d.a(base.o) (C3D_ProcTexInit)
C:/devkitPro/libctru/lib\libcitro3d.a(buffers.o)
                              C:/devkitPro/libctru/lib\libcitro2d.a(base.o) (BufInfo_Init)
C:/devkitPro/libctru/lib\libcitro3d.a(drawArrays.o)
                              C:/devkitPro/libctru/lib\libcitro2d.a(base.o) (C3D_DrawArrays)
C:/devkitPro/libctru/lib\libcitro3d.a(effect.o)
                              C:/devkitPro/libctru/lib\libcitro3d.a(base.o) (C3D_DepthMap)
C:/devkitPro/libctru/lib\libcitro3d.a(attribs.o)
                              C:/devkitPro/libctru/lib\libcitro2d.a(base.o) (AttrInfo_Init)
C:/devkitPro/libctru/lib\libcitro3d.a(immediate.o)
                              C:/devkitPro/libctru/lib\libcitro3d.a(base.o) (C3D_ImmSendAttrib)
C:/devkitPro/libctru/lib\libcitro3d.a(uniforms.o)
                              C:/devkitPro/libctru/lib\libcitro3d.a(base.o) (C3D_UpdateUniforms)
C:/devkitPro/libctru/lib\libcitro3d.a(mtx_ortho.o)
                              C:/devkitPro/libctru/lib\libcitro2d.a(base.o) (Mtx_Ortho)
C:/devkitPro/libctru/lib\libcitro3d.a(mtx_scale.o)
                              C:/devkitPro/libctru/lib\libcitro2d.a(base.o) (Mtx_Scale)
C:/devkitPro/libctru/lib\libcitro3d.a(mtx_multiply.o)
                              C:/devkitPro/libctru/lib\libcitro2d.a(base.o) (Mtx_Multiply)
C:/devkitPro/libctru/lib\libcitro3d.a(mtx_orthotilt.o)
                              C:/devkitPro/libctru/lib\libcitro2d.a(base.o) (Mtx_OrthoTilt)
C:/devkitPro/libctru/lib\libcitro3d.a(mtx_translate.o)
                              C:/devkitPro/libctru/lib\libcitro2d.a(base.o) (Mtx_Translate)
C:/devkitPro/libctru/lib\libcitro3d.a(mtx_rotatez.o)
                              C:/devkitPro/libctru/lib\libcitro2d.a(base.o) (Mtx_RotateZ)
C:/devkitPro/libctru/lib\libctru.a(vram.o)
                              C:/devkitPro/libctru/lib\libcitro3d.a(renderqueue.o) (vramAlloc)
C:/devkitPro/libctru/lib\libctru.a(linear.o)
                              C:/devkitPro/libctru/lib\libcitro2d.a(base.o) (linearAlloc)
C:/devkitPro/libctru/lib\libctru.a(mem_pool.o)
                              C:/devkitPro/libctru/lib\libctru.a(vram.o) (MemPool::Allocate(MemChunk&, unsigned long, int))
C:/devkitPro/libctru/lib\libctru.a(romfs_dev.o)
                              main.o (romfsMountSelf)
C:/devkitPro/libctru/lib\libctru.a(os.o)
                              C:/devkitPro/libctru/lib\libcitro3d.a(texture.o) (osConvertVirtToPhys)
C:/devkitPro/libctru/lib\libctru.a(console.o)
                              main.o (consoleInit)
C:/devkitPro/libctru/lib\libctru.a(path_buf.o)
                              C:/devkitPro/libctru/lib\libctru.a(romfs_dev.o) (__ctru_dev_utf16_buf)
C:/devkitPro/libctru/lib\libctru.a(gfx.o)
                              C:/devkitPro/libctru/lib\libcitro2d.a(base.o) (gfxIsWide)
C:/devkitPro/libctru/lib\libctru.a(shaderProgram.o)
                              C:/devkitPro/libctru/lib\libcitro2d.a(base.o) (shaderInstanceGetUniformLocation)
C:/devkitPro/libctru/lib\libctru.a(shbin.o)
                              C:/devkitPro/libctru/lib\libcitro2d.a(base.o) (DVLB_ParseFile)
C:/devkitPro/libctru/lib\libctru.a(gx.o)
                              C:/devkitPro/libctru/lib\libcitro3d.a(renderqueue.o) (GX_BindQueue)
C:/devkitPro/libctru/lib\libctru.a(gxqueue.o)
                              C:/devkitPro/libctru/lib\libcitro3d.a(renderqueue.o) (gxCmdQueueClear)
C:/devkitPro/libctru/lib\libctru.a(gpu.o)
                              C:/devkitPro/libctru/lib\libcitro3d.a(base.o) (GPUCMD_Add)
C:/devkitPro/libctru/lib\libctru.a(gspgpu.o)
[...]
Memory Configuration

Name             Origin             Length             Attributes
*default*        0x0000000000000000 0xffffffffffffffff

Linker script and memory map

                0x0000000000100000                PROVIDE (__start__ = 0x100000)
                0x0000000000100000                . = __start__

.text           0x0000000000100000    0x2b6b4
 *(.crt0)
 .crt0          0x0000000000100000       0x94 c:/devkitpro/devkitarm/bin/../lib/gcc/arm-none-eabi/10.2.0/../../../../arm-none-eabi/lib/armv6k/fpu/3dsx_crt0.o
                0x0000000000100000                _start
                0x0000000000100008                __service_ptr
                0x000000000010000c                __apt_appid
                0x0000000000100010                __heap_size
                0x0000000000100014                __linear_heap_size
                0x0000000000100018                __system_arglist
                0x000000000010001c                __system_runflags
 *(.init)
 .init          0x0000000000100094        0xc c:/devkitpro/devkitarm/bin/../lib/gcc/arm-none-eabi/10.2.0/armv6k/fpu/crti.o
                0x0000000000100094                _init
 .init          0x00000000001000a0        0xc c:/devkitpro/devkitarm/bin/../lib/gcc/arm-none-eabi/10.2.0/armv6k/fpu/crtn.o
                0x00000000001000ac                . = ALIGN (0x4)
 *(.text)
 .text          0x00000000001000ac      0x20c c:/devkitpro/devkitarm/bin/../lib/gcc/arm-none-eabi/10.2.0/armv6k/fpu\libgcc.a(_udivsi3.o)
                0x00000000001000ac                __aeabi_uidiv
                0x00000000001000ac                __udivsi3
                0x0000000000100298                __aeabi_uidivmod
 .text          0x00000000001002b8      0x240 c:/devkitpro/devkitarm/bin/../lib/gcc/arm-none-eabi/10.2.0/armv6k/fpu\libgcc.a(_divsi3.o)
                0x00000000001002b8                __divsi3
                0x00000000001002b8                __aeabi_idiv
                0x00000000001004d8                __aeabi_idivmod
 .text          0x00000000001004f8        0x4 c:/devkitpro/devkitarm/bin/../lib/gcc/arm-none-eabi/10.2.0/armv6k/fpu\libgcc.a(_dvmd_tls.o)
                0x00000000001004f8                __aeabi_idiv0
                0x00000000001004f8                __aeabi_ldiv0
 .text          0x00000000001004fc      0x3c0 c:/devkitpro/devkitarm/bin/../lib/gcc/arm-none-eabi/10.2.0/armv6k/fpu\libgcc.a(_arm_addsubdf3.o)
                0x00000000001004fc                __aeabi_drsub
                0x0000000000100504                __aeabi_dsub
                0x0000000000100504                __subdf3
                0x0000000000100508                __aeabi_dadd
                0x0000000000100508                __adddf3
                0x00000000001007b4                __floatunsidf
                0x00000000001007b4                __aeabi_ui2d
                0x00000000001007d8                __floatsidf
                0x00000000001007d8                __aeabi_i2d
                0x0000000000100800                __aeabi_f2d
                0x0000000000100800                __extendsfdf2
                0x0000000000100848                __floatundidf
                0x0000000000100848                __aeabi_ul2d
                0x000000000010085c                __floatdidf
                0x000000000010085c                __aeabi_l2d
 .text          0x00000000001008bc       0xd4 c:/devkitpro/devkitarm/bin/../lib/gcc/arm-none-eabi/10.2.0/armv6k/fpu\libgcc.a(_aeabi_ldivmod.o)
                0x00000000001008bc                __aeabi_ldivmod
 .text          0x0000000000100990       0x3c c:/devkitpro/devkitarm/bin/../lib/gcc/arm-none-eabi/10.2.0/armv6k/fpu\libgcc.a(_aeabi_uldivmod.o)
                0x0000000000100990                __aeabi_uldivmod
 *fill*         0x00000000001009cc       0x14 
 .text          0x00000000001009e0      0x390 c:/devkitpro/devkitarm/bin/../lib/gcc/arm-none-eabi/10.2.0/../../../../arm-none-eabi/lib/armv6k/fpu\libg.a(lib_a-strcmp.o)
                0x00000000001009e8                strcmp
 *(.text.*)
 .text.__do_global_dtors_aux
                0x0000000000100d70       0x40 c:/devkitpro/devkitarm/bin/../lib/gcc/arm-none-eabi/10.2.0/armv6k/fpu/crtbegin.o
 .text.frame_dummy
                0x0000000000100db0       0x2c c:/devkitpro/devkitarm/bin/../lib/gcc/arm-none-eabi/10.2.0/armv6k/fpu/crtbegin.o
 *fill*         0x0000000000100ddc        0x4 
 .text.startup.main
                0x0000000000100de0      0x68c main.o
                0x0000000000100de0                main
 .text.C2Di_FrameEndHook
                0x000000000010146c       0x34 C:/devkitPro/libctru/lib\libcitro2d.a(base.o)
 .text.C2D_Init
                0x00000000001014a0      0x330 C:/devkitPro/libctru/lib\libcitro2d.a(base.o)
                0x00000000001014a0                C2D_Init
 .text.C2D_Fini
                0x00000000001017d0       0x44 C:/devkitPro/libctru/lib\libcitro2d.a(base.o)
                0x00000000001017d0                C2D_Fini
 .text.C2D_Prepare
                0x0000000000101814       0xd0 C:/devkitPro/libctru/lib\libcitro2d.a(base.o)
                0x0000000000101814                C2D_Prepare
 .text.C2D_Flush
                0x00000000001018e4       0x3c C:/devkitPro/libctru/lib\libcitro2d.a(base.o)
                0x00000000001018e4                C2D_Flush
 .text.C2D_SceneSize
                0x0000000000101920      0x108 C:/devkitPro/libctru/lib\libcitro2d.a(base.o)
                0x0000000000101920                C2D_SceneSize
 .text.C2D_CreateScreenTarget
                0x0000000000101a28       0x58 C:/devkitPro/libctru/lib\libcitro2d.a(base.o)
                0x0000000000101a28                C2D_CreateScreenTarget
 .text.C2D_TargetClear
                0x0000000000101a80       0x58 C:/devkitPro/libctru/lib\libcitro2d.a(base.o)
                0x0000000000101a80                C2D_TargetClear
 .text.C2Di_CalcQuad
                0x0000000000101ad8      0x13c C:/devkitPro/libctru/lib\libcitro2d.a(base.o)
                0x0000000000101ad8                C2Di_CalcQuad
 .text.C2Di_Update
                0x0000000000101c14      0x22c C:/devkitPro/libctru/lib\libcitro2d.a(base.o)
                0x0000000000101c14                C2Di_Update
 .text.C2D_DrawImage
                0x0000000000101e40      0x2f8 C:/devkitPro/libctru/lib\libcitro2d.a(base.o)
                0x0000000000101e40                C2D_DrawImage
 .text.C2D_SpriteSheetLoadFromHandle
                0x0000000000102138       0x6c C:/devkitPro/libctru/lib\libcitro2d.a(spritesheet.o)
                0x0000000000102138                C2D_SpriteSheetLoadFromHandle
 .text.C2D_SpriteSheetLoad
                0x00000000001021a4       0x48 C:/devkitPro/libctru/lib\libcitro2d.a(spritesheet.o)
                0x00000000001021a4                C2D_SpriteSheetLoad
 .text.C2D_SpriteSheetFree
                0x00000000001021ec       0x28 C:/devkitPro/libctru/lib\libcitro2d.a(spritesheet.o)
                0x00000000001021ec                C2D_SpriteSheetFree
 .text.C2D_SpriteSheetGetImage
                0x0000000000102214       0x2c C:/devkitPro/libctru/lib\libcitro2d.a(spritesheet.o)
                0x0000000000102214                C2D_SpriteSheetGetImage
 .text.C3Di_LightEnvUpdate
                0x0000000000102240        0x4 C:/devkitPro/libctru/lib\libcitro3d.a(base.o)
                0x0000000000102240                C3Di_LightEnvUpdate
 .text.C3Di_LightEnvDirty
                0x0000000000102244        0x4 C:/devkitPro/libctru/lib\libcitro3d.a(base.o)
                0x0000000000102244                C3Di_LightEnvDirty
 .text.C3Di_AptEventHook
                0x0000000000102248       0xb4 C:/devkitPro/libctru/lib\libcitro3d.a(base.o)
 .text.C3Di_GasUpdate
                0x00000000001022fc        0x4 C:/devkitPro/libctru/lib\libcitro3d.a(base.o)
                0x00000000001022fc                C3Di_GasUpdate
 .text.C3D_Init
                0x0000000000102300      0x1e0 C:/devkitPro/libctru/lib\libcitro3d.a(base.o)
                0x0000000000102300                C3D_Init
 .text.C3D_SetViewport
                0x00000000001024e0       0x98 C:/devkitPro/libctru/lib\libcitro3d.a(base.o)
                0x00000000001024e0                C3D_SetViewport
 .text.C3Di_UpdateContext
                0x0000000000102578      0x4ec C:/devkitPro/libctru/lib\libcitro3d.a(base.o)
                0x0000000000102578                C3Di_UpdateContext
 .text.C3Di_SplitFrame
                0x0000000000102a64       0xe0 C:/devkitPro/libctru/lib\libcitro3d.a(base.o)
                0x0000000000102a64                C3Di_SplitFrame
 .text.C3D_Fini
                0x0000000000102b44       0x44 C:/devkitPro/libctru/lib\libcitro3d.a(base.o)
                0x0000000000102b44                C3D_Fini
 .text.C3D_BindProgram
                0x0000000000102b88      0x108 C:/devkitPro/libctru/lib\libcitro3d.a(base.o)
                0x0000000000102b88                C3D_BindProgram
 .text.onVBlank0
                0x0000000000102c90       0x4c C:/devkitPro/libctru/lib\libcitro3d.a(renderqueue.o)
 .text.onVBlank1
                0x0000000000102cdc       0x4c C:/devkitPro/libctru/lib\libcitro3d.a(renderqueue.o)
 .text.C3Di_RenderTargetDestroy
                0x0000000000102d28       0x80 C:/devkitPro/libctru/lib\libcitro3d.a(renderqueue.o)
 .text.onQueueFinish
                0x0000000000102da8       0xf4 C:/devkitPro/libctru/lib\libcitro3d.a(renderqueue.o)
 .text.C3Di_RenderQueueEnableVBlank
                0x0000000000102e9c       0x38 C:/devkitPro/libctru/lib\libcitro3d.a(renderqueue.o)
                0x0000000000102e9c                C3Di_RenderQueueEnableVBlank
 .text.C3Di_RenderQueueDisableVBlank
                0x0000000000102ed4       0x30 C:/devkitPro/libctru/lib\libcitro3d.a(renderqueue.o)
                0x0000000000102ed4                C3Di_RenderQueueDisableVBlank
 .text.C3Di_RenderQueueInit
                0x0000000000102f04       0x60 C:/devkitPro/libctru/lib\libcitro3d.a(renderqueue.o)
                0x0000000000102f04                C3Di_RenderQueueInit
 .text.C3Di_RenderQueueExit
                0x0000000000102f64       0xb0 C:/devkitPro/libctru/lib\libcitro3d.a(renderqueue.o)
                0x0000000000102f64                C3Di_RenderQueueExit
 .text.C3Di_RenderQueueWaitDone
                0x0000000000103014       0x34 C:/devkitPro/libctru/lib\libcitro3d.a(renderqueue.o)
                0x0000000000103014                C3Di_RenderQueueWaitDone
 .text.C3D_FrameBegin
                0x0000000000103048       0xe4 C:/devkitPro/libctru/lib\libcitro3d.a(renderqueue.o)
                0x0000000000103048                C3D_FrameBegin
 .text.C3D_FrameDrawOn
                0x000000000010312c       0x48 C:/devkitPro/libctru/lib\libcitro3d.a(renderqueue.o)
                0x000000000010312c                C3D_FrameDrawOn
 .text.C3D_FrameSplit
                0x0000000000103174       0x58 C:/devkitPro/libctru/lib\libcitro3d.a(renderqueue.o)
                0x0000000000103174                C3D_FrameSplit
 .text.C3D_FrameEnd
                0x00000000001031cc      0x1d8 C:/devkitPro/libctru/lib\libcitro3d.a(renderqueue.o)
                0x00000000001031cc                C3D_FrameEnd
 .text.C3D_FrameEndHook
                0x00000000001033a4       0x1c C:/devkitPro/libctru/lib\libcitro3d.a(renderqueue.o)
                0x00000000001033a4                C3D_FrameEndHook
 .text.C3D_RenderTargetCreate
                0x00000000001033c0      0x128 C:/devkitPro/libctru/lib\libcitro3d.a(renderqueue.o)
                0x00000000001033c0                C3D_RenderTargetCreate
 .text.C3D_RenderTargetSetOutput
                0x00000000001034e8       0xa8 C:/devkitPro/libctru/lib\libcitro3d.a(renderqueue.o)
                0x00000000001034e8                C3D_RenderTargetSetOutput
 .text.C3D_SyncTextureCopy
                0x0000000000103590       0xfc C:/devkitPro/libctru/lib\libcitro3d.a(renderqueue.o)
                0x0000000000103590                C3D_SyncTextureCopy
 .text.C3D_TexInitWithParams
                0x000000000010368c      0x2a0 C:/devkitPro/libctru/lib\libcitro3d.a(texture.o)
                0x000000000010368c                C3D_TexInitWithParams
 .text.C3D_TexLoadImage
                0x000000000010392c       0xc8 C:/devkitPro/libctru/lib\libcitro3d.a(texture.o)
                0x000000000010392c                C3D_TexLoadImage
 .text.C3D_TexBind
                0x00000000001039f4       0x44 C:/devkitPro/libctru/lib\libcitro3d.a(texture.o)
                0x00000000001039f4                C3D_TexBind
 .text.C3D_TexDelete
                0x0000000000103a38       0x74 C:/devkitPro/libctru/lib\libcitro3d.a(texture.o)
                0x0000000000103a38                C3D_TexDelete
 .text.C3Di_SetTex
                0x0000000000103aac      0x16c C:/devkitPro/libctru/lib\libcitro3d.a(texture.o)
                0x0000000000103aac                C3Di_SetTex
 .text.Tex3DSi_ImportCommon
                0x0000000000103c18      0x3f4 C:/devkitPro/libctru/lib\libcitro3d.a(tex3ds.o)
 .text.Tex3DS_TextureImportStdio
                0x000000000010400c       0x38 C:/devkitPro/libctru/lib\libcitro3d.a(tex3ds.o)
                0x000000000010400c                Tex3DS_TextureImportStdio
 .text.Tex3DS_GetSubTexture
                0x0000000000104044       0x1c C:/devkitPro/libctru/lib\libcitro3d.a(tex3ds.o)
                0x0000000000104044                Tex3DS_GetSubTexture
 .text.Tex3DS_TextureFree
                0x0000000000104060        0x4 C:/devkitPro/libctru/lib\libcitro3d.a(tex3ds.o)
                0x0000000000104060                Tex3DS_TextureFree
 .text.C3D_CalcColorBufSize
                0x0000000000104064       0x1c C:/devkitPro/libctru/lib\libcitro3d.a(framebuffer.o)
                0x0000000000104064                C3D_CalcColorBufSize
 .text.C3D_CalcDepthBufSize
                0x0000000000104080       0x1c C:/devkitPro/libctru/lib\libcitro3d.a(framebuffer.o)
                0x0000000000104080                C3D_CalcDepthBufSize
 .text.C3D_SetFrameBuf
                0x000000000010409c       0x44 C:/devkitPro/libctru/lib\libcitro3d.a(framebuffer.o)
                0x000000000010409c                C3D_SetFrameBuf
 .text.C3Di_FrameBufBind
                0x00000000001040e0      0x16c C:/devkitPro/libctru/lib\libcitro3d.a(framebuffer.o)
                0x00000000001040e0                C3Di_FrameBufBind
 .text.C3D_FrameBufClear
                0x000000000010424c       0xcc C:/devkitPro/libctru/lib\libcitro3d.a(framebuffer.o)
                0x000000000010424c                C3D_FrameBufClear
 .text.C3D_FrameBufTransfer
                0x0000000000104318       0x44 C:/devkitPro/libctru/lib\libcitro3d.a(framebuffer.o)
                0x0000000000104318                C3D_FrameBufTransfer
 .text.C3D_GetTexEnv
                0x000000000010435c       0x34 C:/devkitPro/libctru/lib\libcitro3d.a(texenv.o)
                0x000000000010435c                C3D_GetTexEnv
 .text.C3Di_TexEnvBind
                0x0000000000104390       0x24 C:/devkitPro/libctru/lib\libcitro3d.a(texenv.o)
                0x0000000000104390                C3Di_TexEnvBind
 .text.C3D_ProcTexInit
                0x00000000001043b4       0x70 C:/devkitPro/libctru/lib\libcitro3d.a(proctex.o)
                0x00000000001043b4                C3D_ProcTexInit
 .text.C3D_ProcTexBind
                0x0000000000104424       0x54 C:/devkitPro/libctru/lib\libcitro3d.a(proctex.o)
                0x0000000000104424                C3D_ProcTexBind
 .text.C3D_ProcTexLutBind
                0x0000000000104478       0x5c C:/devkitPro/libctru/lib\libcitro3d.a(proctex.o)
                0x0000000000104478                C3D_ProcTexLutBind
 .text.ProcTexLut_FromArray
                0x00000000001044d4       0xa4 C:/devkitPro/libctru/lib\libcitro3d.a(proctex.o)
                0x00000000001044d4                ProcTexLut_FromArray
 .text.C3Di_ProcTexUpdate
                0x0000000000104578      0x17c C:/devkitPro/libctru/lib\libcitro3d.a(proctex.o)
                0x0000000000104578                C3Di_ProcTexUpdate
 .text.C3Di_ProcTexDirty
                0x00000000001046f4       0x68 C:/devkitPro/libctru/lib\libcitro3d.a(proctex.o)
                0x00000000001046f4                C3Di_ProcTexDirty
 .text.BufInfo_Init
                0x000000000010475c       0x24 C:/devkitPro/libctru/lib\libcitro3d.a(buffers.o)
                0x000000000010475c                BufInfo_Init
 .text.BufInfo_Add
                0x0000000000104780       0x80 C:/devkitPro/libctru/lib\libcitro3d.a(buffers.o)
                0x0000000000104780                BufInfo_Add
 .text.C3D_SetBufInfo
                0x0000000000104800       0x40 C:/devkitPro/libctru/lib\libcitro3d.a(buffers.o)
                0x0000000000104800                C3D_SetBufInfo
 .text.C3Di_BufInfoBind
                0x0000000000104840       0x48 C:/devkitPro/libctru/lib\libcitro3d.a(buffers.o)
                0x0000000000104840                C3Di_BufInfoBind
 .text.C3D_DrawArrays
                0x0000000000104888      0x148 C:/devkitPro/libctru/lib\libcitro3d.a(drawArrays.o)
                0x0000000000104888                C3D_DrawArrays
 .text.C3D_DepthMap
                0x00000000001049d0       0x40 C:/devkitPro/libctru/lib\libcitro3d.a(effect.o)
                0x00000000001049d0                C3D_DepthMap
 .text.C3D_CullFace
                0x0000000000104a10       0x1c C:/devkitPro/libctru/lib\libcitro3d.a(effect.o)
                0x0000000000104a10                C3D_CullFace
 .text.C3D_StencilTest
                0x0000000000104a2c       0x40 C:/devkitPro/libctru/lib\libcitro3d.a(effect.o)
                0x0000000000104a2c                C3D_StencilTest
 .text.C3D_StencilOp
                0x0000000000104a6c       0x24 C:/devkitPro/libctru/lib\libcitro3d.a(effect.o)
                0x0000000000104a6c                C3D_StencilOp
 .text.C3D_BlendingColor
                0x0000000000104a90       0x1c C:/devkitPro/libctru/lib\libcitro3d.a(effect.o)
                0x0000000000104a90                C3D_BlendingColor
 .text.C3D_EarlyDepthTest
                0x0000000000104aac       0x24 C:/devkitPro/libctru/lib\libcitro3d.a(effect.o)
                0x0000000000104aac                C3D_EarlyDepthTest
 .text.C3D_DepthTest
                0x0000000000104ad0       0x2c C:/devkitPro/libctru/lib\libcitro3d.a(effect.o)
                0x0000000000104ad0                C3D_DepthTest
 .text.C3D_AlphaTest
                0x0000000000104afc       0x2c C:/devkitPro/libctru/lib\libcitro3d.a(effect.o)
                0x0000000000104afc                C3D_AlphaTest
 .text.C3D_AlphaBlend
                0x0000000000104b28       0x50 C:/devkitPro/libctru/lib\libcitro3d.a(effect.o)
                0x0000000000104b28                C3D_AlphaBlend
 .text.C3D_FragOpMode
                0x0000000000104b78       0x30 C:/devkitPro/libctru/lib\libcitro3d.a(effect.o)
                0x0000000000104b78                C3D_FragOpMode
 .text.C3D_FragOpShadow
                0x0000000000104ba8       0x44 C:/devkitPro/libctru/lib\libcitro3d.a(effect.o)
                0x0000000000104ba8                C3D_FragOpShadow
 .text.C3Di_EffectBind
                0x0000000000104bec      0x1ac C:/devkitPro/libctru/lib\libcitro3d.a(effect.o)
                0x0000000000104bec                C3Di_EffectBind
 .text.AttrInfo_Init
                0x0000000000104d98       0x28 C:/devkitPro/libctru/lib\libcitro3d.a(attribs.o)
                0x0000000000104d98                AttrInfo_Init
 .text.AttrInfo_AddLoader
                0x0000000000104dc0       0x98 C:/devkitPro/libctru/lib\libcitro3d.a(attribs.o)
                0x0000000000104dc0                AttrInfo_AddLoader
 .text.C3D_SetAttrInfo
                0x0000000000104e58       0x54 C:/devkitPro/libctru/lib\libcitro3d.a(attribs.o)
                0x0000000000104e58                C3D_SetAttrInfo
 .text.C3Di_AttrInfoBind
                0x0000000000104eac       0x80 C:/devkitPro/libctru/lib\libcitro3d.a(attribs.o)
                0x0000000000104eac                C3Di_AttrInfoBind
 .text.C3D_ImmSendAttrib
                0x0000000000104f2c       0xa8 C:/devkitPro/libctru/lib\libcitro3d.a(immediate.o)
                0x0000000000104f2c                C3D_ImmSendAttrib
 .text.C3D_UpdateUniforms
                0x0000000000104fd4      0x29c C:/devkitPro/libctru/lib\libcitro3d.a(uniforms.o)
                0x0000000000104fd4                C3D_UpdateUniforms
 .text.C3Di_DirtyUniforms
                0x0000000000105270       0xc0 C:/devkitPro/libctru/lib\libcitro3d.a(uniforms.o)
                0x0000000000105270                C3Di_DirtyUniforms
 .text.C3Di_LoadShaderUniforms
                0x0000000000105330       0xd8 C:/devkitPro/libctru/lib\libcitro3d.a(uniforms.o)
                0x0000000000105330                C3Di_LoadShaderUniforms
 .text.C3Di_ClearShaderUniforms
                0x0000000000105408       0x28 C:/devkitPro/libctru/lib\libcitro3d.a(uniforms.o)
                0x0000000000105408                C3Di_ClearShaderUniforms
 .text.Mtx_Ortho
                0x0000000000105430       0xcc C:/devkitPro/libctru/lib\libcitro3d.a(mtx_ortho.o)
                0x0000000000105430                Mtx_Ortho
 .text.Mtx_OrthoTilt
                0x00000000001054fc       0xcc C:/devkitPro/libctru/lib\libcitro3d.a(mtx_orthotilt.o)
                0x00000000001054fc                Mtx_OrthoTilt
 .text._ZL21addrMapNodeComparatorPK11rbtree_nodeS1_
                0x00000000001055c8       0x24 C:/devkitPro/libctru/lib\libctru.a(vram.o)
 .text._ZL21addrMapNodeDestructorP11rbtree_node
                0x00000000001055ec        0x4 C:/devkitPro/libctru/lib\libctru.a(vram.o)
 .text.vramMemAlign
                0x00000000001055f0      0x114 C:/devkitPro/libctru/lib\libctru.a(vram.o)
                0x00000000001055f0                vramMemAlign
 .text.vramAlloc
                0x0000000000105704        0x8 C:/devkitPro/libctru/lib\libctru.a(vram.o)
                0x0000000000105704                vramAlloc
 .text.vramFree
                0x000000000010570c       0x5c C:/devkitPro/libctru/lib\libctru.a(vram.o)
                0x000000000010570c                vramFree
 .text._ZL21addrMapNodeComparatorPK11rbtree_nodeS1_
                0x0000000000105768       0x24 C:/devkitPro/libctru/lib\libctru.a(linear.o)
 .text._ZL21addrMapNodeDestructorP11rbtree_node
                0x000000000010578c        0x4 C:/devkitPro/libctru/lib\libctru.a(linear.o)
 .text.linearMemAlign
                0x0000000000105790      0x120 C:/devkitPro/libctru/lib\libctru.a(linear.o)
                0x0000000000105790                linearMemAlign
 .text.linearAlloc
                0x00000000001058b0        0x8 C:/devkitPro/libctru/lib\libctru.a(linear.o)
                0x00000000001058b0                linearAlloc
 .text.linearFree
                0x00000000001058b8       0x5c C:/devkitPro/libctru/lib\libctru.a(linear.o)
                0x00000000001058b8                linearFree
 .text._ZN7MemPool13CoalesceRightEP8MemBlock
                0x0000000000105914       0x84 C:/devkitPro/libctru/lib\libctru.a(mem_pool.o)
                0x0000000000105914                MemPool::CoalesceRight(MemBlock*)
 .text._ZN7MemPool8AllocateER8MemChunkmi
                0x0000000000105998      0x170 C:/devkitPro/libctru/lib\libctru.a(mem_pool.o)
                0x0000000000105998                MemPool::Allocate(MemChunk&, unsigned long, int)
 .text._ZN7MemPool10DeallocateERK8MemChunk
                0x0000000000105b08       0xfc C:/devkitPro/libctru/lib\libctru.a(mem_pool.o)
                0x0000000000105b08                MemPool::Deallocate(MemChunk const&)
 .text.romfs_close
                0x0000000000105c04        0x8 C:/devkitPro/libctru/lib\libctru.a(romfs_dev.o)
 .text.romfs_seek
                0x0000000000105c0c       0xc8 C:/devkitPro/libctru/lib\libctru.a(romfs_dev.o)
 .text.romfs_dirreset
                0x0000000000105cd4       0x24 C:/devkitPro/libctru/lib\libctru.a(romfs_dev.o)
 .text.fill_dir
                0x0000000000105cf8       0xc8 C:/devkitPro/libctru/lib\libctru.a(romfs_dev.o)
 .text.romfs_dirnext
                0x0000000000105dc0      0x2b0 C:/devkitPro/libctru/lib\libctru.a(romfs_dev.o)
 .text.romfs_free
                0x0000000000106070       0x84 C:/devkitPro/libctru/lib\libctru.a(romfs_dev.o)
 .text.searchForFile.constprop.0
                0x00000000001060f4       0xd4 C:/devkitPro/libctru/lib\libctru.a(romfs_dev.o)
 .text.searchForDir.constprop.0
                0x00000000001061c8       0xd8 C:/devkitPro/libctru/lib\libctru.a(romfs_dev.o)
 .text.navigateToDir.constprop.0
                0x00000000001062a0      0x1c0 C:/devkitPro/libctru/lib\libctru.a(romfs_dev.o)
 .text.romfs_open
                0x0000000000106460      0x128 C:/devkitPro/libctru/lib\libctru.a(romfs_dev.o)
 .text.romfs_chdir
                0x0000000000106588       0x4c C:/devkitPro/libctru/lib\libctru.a(romfs_dev.o)
 .text.romfs_diropen
                0x00000000001065d4       0x70 C:/devkitPro/libctru/lib\libctru.a(romfs_dev.o)
 .text.romfs_stat
                0x0000000000106644      0x17c C:/devkitPro/libctru/lib\libctru.a(romfs_dev.o)
 .text.romfs_dirclose
                0x00000000001067c0        0x8 C:/devkitPro/libctru/lib\libctru.a(romfs_dev.o)
 .text.romfs_fstat
                0x00000000001067c8       0x7c C:/devkitPro/libctru/lib\libctru.a(romfs_dev.o)
 .text.romfs_read
                0x0000000000106844       0xd4 C:/devkitPro/libctru/lib\libctru.a(romfs_dev.o)
 .text.romfsMountFromFile
                0x0000000000106918      0x290 C:/devkitPro/libctru/lib\libctru.a(romfs_dev.o)
                0x0000000000106918                romfsMountFromFile
 .text.romfsMountFromCurrentProcess
                0x0000000000106ba8       0x98 C:/devkitPro/libctru/lib\libctru.a(romfs_dev.o)
                0x0000000000106ba8                romfsMountFromCurrentProcess
 .text.romfsMountSelf
                0x0000000000106c40      0x25c C:/devkitPro/libctru/lib\libctru.a(romfs_dev.o)
                0x0000000000106c40                romfsMountSelf
 .text.romfsUnmount
                0x0000000000106e9c       0xac C:/devkitPro/libctru/lib\libctru.a(romfs_dev.o)
                0x0000000000106e9c                romfsUnmount
 .text.osConvertVirtToPhys
                0x0000000000106f48       0x74 C:/devkitPro/libctru/lib\libctru.a(os.o)
                0x0000000000106f48                osConvertVirtToPhys
 .text.osGetTimeRef
                0x0000000000106fbc       0x54 C:/devkitPro/libctru/lib\libctru.a(os.o)
                0x0000000000106fbc                osGetTimeRef
 .text.osGetTime
                0x0000000000107010       0xe4 C:/devkitPro/libctru/lib\libctru.a(os.o)
                0x0000000000107010                osGetTime
 .text.__libctru_gtod
                0x00000000001070f4       0x74 C:/devkitPro/libctru/lib\libctru.a(os.o)
                0x00000000001070f4                __libctru_gtod
 .text.__ctru_speedup_config
                0x0000000000107168       0x34 C:/devkitPro/libctru/lib\libctru.a(os.o)
                0x0000000000107168                __ctru_speedup_config
 .text.consoleDrawChar
                0x000000000010719c      0x178 C:/devkitPro/libctru/lib\libctru.a(console.o)
                0x000000000010719c                consoleDrawChar
 .text.consolePrintChar
                0x0000000000107314      0x124 C:/devkitPro/libctru/lib\libctru.a(console.o)
                0x0000000000107314                consolePrintChar
 .text.con_write
                0x0000000000107438      0xa00 C:/devkitPro/libctru/lib\libctru.a(console.o)
                0x0000000000107438                con_write
 .text.consoleInit
                0x0000000000107e38      0x168 C:/devkitPro/libctru/lib\libctru.a(console.o)
                0x0000000000107e38                consoleInit
 .text.newRow   0x0000000000107fa0       0xf4 C:/devkitPro/libctru/lib\libctru.a(console.o)
 .text.gfxPresentFramebuffer
                0x0000000000108094       0xd0 C:/devkitPro/libctru/lib\libctru.a(gfx.o)
 .text.gfxIsWide
                0x0000000000108164       0x1c C:/devkitPro/libctru/lib\libctru.a(gfx.o)
                0x0000000000108164                gfxIsWide
 .text.gfxSetScreenFormat
                0x0000000000108180       0xec C:/devkitPro/libctru/lib\libctru.a(gfx.o)
                0x0000000000108180                gfxSetScreenFormat
 .text.gfxSetDoubleBuffering
                0x000000000010826c       0x10 C:/devkitPro/libctru/lib\libctru.a(gfx.o)
                0x000000000010826c                gfxSetDoubleBuffering
 .text.gfxInit  0x000000000010827c      0x108 C:/devkitPro/libctru/lib\libctru.a(gfx.o)
                0x000000000010827c                gfxInit
 .text.gfxInitDefault
                0x0000000000108384       0x10 C:/devkitPro/libctru/lib\libctru.a(gfx.o)
                0x0000000000108384                gfxInitDefault
 .text.gfxExit  0x0000000000108394       0xb4 C:/devkitPro/libctru/lib\libctru.a(gfx.o)
                0x0000000000108394                gfxExit
 .text.gfxGetFramebuffer
                0x0000000000108448       0xa0 C:/devkitPro/libctru/lib\libctru.a(gfx.o)
                0x0000000000108448                gfxGetFramebuffer
 .text.gfxFlushBuffers
                0x00000000001084e8      0x10c C:/devkitPro/libctru/lib\libctru.a(gfx.o)
                0x00000000001084e8                gfxFlushBuffers
 .text.gfxScreenSwapBuffers
                0x00000000001085f4       0x30 C:/devkitPro/libctru/lib\libctru.a(gfx.o)
                0x00000000001085f4                gfxScreenSwapBuffers
 .text.gfxSwapBuffersGpu
                0x0000000000108624       0x50 C:/devkitPro/libctru/lib\libctru.a(gfx.o)
                0x0000000000108624                gfxSwapBuffersGpu
 .text.shaderInstanceInit
                0x0000000000108674      0x1e0 C:/devkitPro/libctru/lib\libctru.a(shaderProgram.o)
                0x0000000000108674                shaderInstanceInit
 .text.shaderInstanceGetUniformLocation
                0x0000000000108854       0x18 C:/devkitPro/libctru/lib\libctru.a(shaderProgram.o)
                0x0000000000108854                shaderInstanceGetUniformLocation
 .text.shaderProgramInit
                0x000000000010886c       0x1c C:/devkitPro/libctru/lib\libctru.a(shaderProgram.o)
                0x000000000010886c                shaderProgramInit
 .text.shaderProgramFree
                0x0000000000108888       0x64 C:/devkitPro/libctru/lib\libctru.a(shaderProgram.o)
                0x0000000000108888                shaderProgramFree
 .text.shaderProgramSetVsh
                0x00000000001088ec       0x80 C:/devkitPro/libctru/lib\libctru.a(shaderProgram.o)
                0x00000000001088ec                shaderProgramSetVsh
 .text.shaderProgramConfigure
                0x000000000010896c      0x8c0 C:/devkitPro/libctru/lib\libctru.a(shaderProgram.o)
                0x000000000010896c                shaderProgramConfigure
 .text.DVLE_GenerateOutmap.part.0
                0x000000000010922c      0x1f8 C:/devkitPro/libctru/lib\libctru.a(shbin.o)
 .text.DVLB_ParseFile
                0x0000000000109424      0x1cc C:/devkitPro/libctru/lib\libctru.a(shbin.o)
                0x0000000000109424                DVLB_ParseFile
 .text.DVLB_Free
                0x00000000001095f0       0x38 C:/devkitPro/libctru/lib\libctru.a(shbin.o)
                0x00000000001095f0                DVLB_Free
 .text.DVLE_GetUniformRegister
                0x0000000000109628       0x74 C:/devkitPro/libctru/lib\libctru.a(shbin.o)
                0x0000000000109628                DVLE_GetUniformRegister
 .text.GX_BindQueue
                0x000000000010969c       0x10 C:/devkitPro/libctru/lib\libctru.a(gx.o)
                0x000000000010969c                GX_BindQueue
 .text.GX_ProcessCommandList
                0x00000000001096ac       0x78 C:/devkitPro/libctru/lib\libctru.a(gx.o)
                0x00000000001096ac                GX_ProcessCommandList
 .text.GX_MemoryFill
                0x0000000000109724       0x74 C:/devkitPro/libctru/lib\libctru.a(gx.o)
                0x0000000000109724                GX_MemoryFill
 .text.GX_DisplayTransfer
                0x0000000000109798       0x70 C:/devkitPro/libctru/lib\libctru.a(gx.o)
                0x0000000000109798                GX_DisplayTransfer
 .text.GX_TextureCopy
                0x0000000000109808       0x74 C:/devkitPro/libctru/lib\libctru.a(gx.o)
                0x0000000000109808                GX_TextureCopy
 .text.gxCmdQueueDoCommands.part.0
                0x000000000010987c       0x68 C:/devkitPro/libctru/lib\libctru.a(gxqueue.o)
 .text.gxCmdQueueInterrupt
                0x00000000001098e4       0xc8 C:/devkitPro/libctru/lib\libctru.a(gxqueue.o)
                0x00000000001098e4                gxCmdQueueInterrupt
 .text.gxCmdQueueClear
                0x00000000001099ac       0x4c C:/devkitPro/libctru/lib\libctru.a(gxqueue.o)
                0x00000000001099ac                gxCmdQueueClear
 .text.gxCmdQueueAdd
                0x00000000001099f8       0xf8 C:/devkitPro/libctru/lib\libctru.a(gxqueue.o)
                0x00000000001099f8                gxCmdQueueAdd
 .text.gxCmdQueueRun
                0x0000000000109af0       0x80 C:/devkitPro/libctru/lib\libctru.a(gxqueue.o)
                0x0000000000109af0                gxCmdQueueRun
 .text.gxCmdQueueStop
                0x0000000000109b70       0x60 C:/devkitPro/libctru/lib\libctru.a(gxqueue.o)
                0x0000000000109b70                gxCmdQueueStop
 .text.gxCmdQueueWait
                0x0000000000109bd0       0x74 C:/devkitPro/libctru/lib\libctru.a(gxqueue.o)
                0x0000000000109bd0                gxCmdQueueWait
 .text.GPUCMD_Add
                0x0000000000109c44      0x13c C:/devkitPro/libctru/lib\libctru.a(gpu.o)
                0x0000000000109c44                GPUCMD_Add
 .text.GPUCMD_Split
                0x0000000000109d80       0xac C:/devkitPro/libctru/lib\libctru.a(gpu.o)
                0x0000000000109d80                GPUCMD_Split
 .text.f32tof16
                0x0000000000109e2c       0x40 C:/devkitPro/libctru/lib\libctru.a(gpu.o)
                0x0000000000109e2c                f32tof16
 .text.f32tof24
                0x0000000000109e6c       0x40 C:/devkitPro/libctru/lib\libctru.a(gpu.o)
                0x0000000000109e6c                f32tof24
 .text.f32tof31
                0x0000000000109eac       0x44 C:/devkitPro/libctru/lib\libctru.a(gpu.o)
                0x0000000000109eac                f32tof31
 .text.gspHardwareInit
                0x0000000000109ef0      0xc58 C:/devkitPro/libctru/lib\libctru.a(gspgpu.o)
 .text.gspInit  0x000000000010ab48      0x254 C:/devkitPro/libctru/lib\libctru.a(gspgpu.o)
                0x000000000010ab48                gspInit
 .text.gspExit  0x000000000010ad9c       0xf0 C:/devkitPro/libctru/lib\libctru.a(gspgpu.o)
                0x000000000010ad9c                gspExit
 .text.gspHasGpuRight
                0x000000000010ae8c       0x10 C:/devkitPro/libctru/lib\libctru.a(gspgpu.o)
                0x000000000010ae8c                gspHasGpuRight
 .text.gspPresentBuffer
                0x000000000010ae9c       0x98 C:/devkitPro/libctru/lib\libctru.a(gspgpu.o)
                0x000000000010ae9c                gspPresentBuffer
 .text.gspSetEventCallback
                0x000000000010af34       0x30 C:/devkitPro/libctru/lib\libctru.a(gspgpu.o)
                0x000000000010af34                gspSetEventCallback
 .text.gspWaitForEvent
                0x000000000010af64       0x50 C:/devkitPro/libctru/lib\libctru.a(gspgpu.o)
                0x000000000010af64                gspWaitForEvent
 .text.gspWaitForAnyEvent
                0x000000000010afb4       0x4c C:/devkitPro/libctru/lib\libctru.a(gspgpu.o)
                0x000000000010afb4                gspWaitForAnyEvent
 .text.gspEventThreadMain
                0x000000000010b000      0x160 C:/devkitPro/libctru/lib\libctru.a(gspgpu.o)
 .text.gspSubmitGxCommand
                0x000000000010b160      0x130 C:/devkitPro/libctru/lib\libctru.a(gspgpu.o)
                0x000000000010b160                gspSubmitGxCommand
 .text.GSPGPU_FlushDataCache
                0x000000000010b290       0x50 C:/devkitPro/libctru/lib\libctru.a(gspgpu.o)
                0x000000000010b290                GSPGPU_FlushDataCache
 .text.GSPGPU_SetLcdForceBlack
                0x000000000010b2e0       0x34 C:/devkitPro/libctru/lib\libctru.a(gspgpu.o)
                0x000000000010b2e0                GSPGPU_SetLcdForceBlack
 .text.GSPGPU_AcquireRight
                0x000000000010b314       0x68 C:/devkitPro/libctru/lib\libctru.a(gspgpu.o)
                0x000000000010b314                GSPGPU_AcquireRight
 .text.GSPGPU_ReleaseRight
                0x000000000010b37c       0x48 C:/devkitPro/libctru/lib\libctru.a(gspgpu.o)
                0x000000000010b37c                GSPGPU_ReleaseRight
 .text.GSPGPU_ImportDisplayCaptureInfo
                0x000000000010b3c4       0x7c C:/devkitPro/libctru/lib\libctru.a(gspgpu.o)
                0x000000000010b3c4                GSPGPU_ImportDisplayCaptureInfo
 .text.GSPGPU_SaveVramSysArea
                0x000000000010b440       0x2c C:/devkitPro/libctru/lib\libctru.a(gspgpu.o)
                0x000000000010b440                GSPGPU_SaveVramSysArea
 .text.GSPGPU_RestoreVramSysArea
                0x000000000010b46c       0x2c C:/devkitPro/libctru/lib\libctru.a(gspgpu.o)
                0x000000000010b46c                GSPGPU_RestoreVramSysArea
 .text.aptConvertScreenForCapture
                0x000000000010b498      0x1b0 C:/devkitPro/libctru/lib\libctru.a(apt.o)
 .text.aptDspSleep
                0x000000000010b648        0x8 C:/devkitPro/libctru/lib\libctru.a(apt.o)
                0x000000000010b648                aptDspSleep
 .text.aptDspWakeup
                0x000000000010b650        0x4 C:/devkitPro/libctru/lib\libctru.a(apt.o)
                0x000000000010b650                aptDspWakeup
 .text.aptDspCancel
                0x000000000010b654        0x4 C:/devkitPro/libctru/lib\libctru.a(apt.o)
                0x000000000010b654                aptDspCancel
 .text.aptSendCommand
                0x000000000010b658      0x15c C:/devkitPro/libctru/lib\libctru.a(apt.o)
                0x000000000010b658                aptSendCommand
 .text.aptExitProcess
                0x000000000010b7b4       0x38 C:/devkitPro/libctru/lib\libctru.a(apt.o)
 .text.aptExit  0x000000000010b7ec      0x2f0 C:/devkitPro/libctru/lib\libctru.a(apt.o)
                0x000000000010b7ec                aptExit
 .text.aptHandleSleep
                0x000000000010badc       0xd8 C:/devkitPro/libctru/lib\libctru.a(apt.o)
                0x000000000010badc                aptHandleSleep
 .text.aptHook  0x000000000010bbb4       0x30 C:/devkitPro/libctru/lib\libctru.a(apt.o)
                0x000000000010bbb4                aptHook
 .text.aptUnhook
                0x000000000010bbe4       0x30 C:/devkitPro/libctru/lib\libctru.a(apt.o)
                0x000000000010bbe4                aptUnhook
 .text.APT_SleepIfShellClosed
                0x000000000010bc14       0x84 C:/devkitPro/libctru/lib\libctru.a(apt.o)
                0x000000000010bc14                APT_SleepIfShellClosed
 .text.aptSetSleepAllowed
                0x000000000010bc98       0x84 C:/devkitPro/libctru/lib\libctru.a(apt.o)
                0x000000000010bc98                aptSetSleepAllowed
 .text.APT_UnlockTransition
                0x000000000010bd1c       0x84 C:/devkitPro/libctru/lib\libctru.a(apt.o)
                0x000000000010bd1c                APT_UnlockTransition
 .text.aptEventHandler
                0x000000000010bda0      0x484 C:/devkitPro/libctru/lib\libctru.a(apt.o)
 .text.APT_ReceiveParameter
                0x000000000010c224       0xb0 C:/devkitPro/libctru/lib\libctru.a(apt.o)
                0x000000000010c224                APT_ReceiveParameter
 .text.aptReceiveParameter.constprop.0
                0x000000000010c2d4       0xb0 C:/devkitPro/libctru/lib\libctru.a(apt.o)
 *fill*         0x000000000010c384        0x4 
 .text.aptScreenTransfer
                0x000000000010c388      0x2bc C:/devkitPro/libctru/lib\libctru.a(apt.o)
 .text.aptWaitForWakeUp.isra.0
                0x000000000010c644      0x2d0 C:/devkitPro/libctru/lib\libctru.a(apt.o)
 .text.aptJumpToHomeMenu
                0x000000000010c914       0xf8 C:/devkitPro/libctru/lib\libctru.a(apt.o)
                0x000000000010c914                aptJumpToHomeMenu
 .text.aptMainLoop
                0x000000000010ca0c       0x4c C:/devkitPro/libctru/lib\libctru.a(apt.o)
                0x000000000010ca0c                aptMainLoop
 .text.aptInit  0x000000000010ca58      0x234 C:/devkitPro/libctru/lib\libctru.a(apt.o)
                0x000000000010ca58                aptInit
 .text.APT_CheckNew3DS
                0x000000000010cc8c       0x7c C:/devkitPro/libctru/lib\libctru.a(apt.o)
                0x000000000010cc8c                APT_CheckNew3DS
 .text.hidShouldUseIrrst
                0x000000000010cd08       0x24 C:/devkitPro/libctru/lib\libctru.a(hid.o)
                0x000000000010cd08                hidShouldUseIrrst
 .text.hidInit  0x000000000010cd2c      0x18c C:/devkitPro/libctru/lib\libctru.a(hid.o)
                0x000000000010cd2c                hidInit
 .text.hidExit  0x000000000010ceb8       0xe8 C:/devkitPro/libctru/lib\libctru.a(hid.o)
                0x000000000010ceb8                hidExit
 .text.hidScanInput
                0x000000000010cfa0      0x294 C:/devkitPro/libctru/lib\libctru.a(hid.o)
                0x000000000010cfa0                hidScanInput
 .text.hidKeysHeld
                0x000000000010d234       0x10 C:/devkitPro/libctru/lib\libctru.a(hid.o)
                0x000000000010d234                hidKeysHeld
 .text.hidKeysDown
                0x000000000010d244       0x10 C:/devkitPro/libctru/lib\libctru.a(hid.o)
                0x000000000010d244                hidKeysDown
 .text.ptmSysmInit
                0x000000000010d254       0x74 C:/devkitPro/libctru/lib\libctru.a(ptmsysm.o)
                0x000000000010d254                ptmSysmInit
 .text.ptmSysmExit
                0x000000000010d2c8       0x3c C:/devkitPro/libctru/lib\libctru.a(ptmsysm.o)
                0x000000000010d2c8                ptmSysmExit
 .text.PTMSYSM_ConfigureNew3DSCPU
                0x000000000010d304       0x34 C:/devkitPro/libctru/lib\libctru.a(ptmsysm.o)
                0x000000000010d304                PTMSYSM_ConfigureNew3DSCPU
 .text.fsInit   0x000000000010d338       0xc8 C:/devkitPro/libctru/lib\libctru.a(fs.o)
                0x000000000010d338                fsInit
 .text.fsExit   0x000000000010d400       0x3c C:/devkitPro/libctru/lib\libctru.a(fs.o)
                0x000000000010d400                fsExit
 .text.fsExemptFromSession
                0x000000000010d43c       0x60 C:/devkitPro/libctru/lib\libctru.a(fs.o)
                0x000000000010d43c                fsExemptFromSession
 .text.fsUnexemptFromSession
                0x000000000010d49c       0x50 C:/devkitPro/libctru/lib\libctru.a(fs.o)
                0x000000000010d49c                fsUnexemptFromSession
 .text.FSUSER_OpenFile
                0x000000000010d4ec       0xcc C:/devkitPro/libctru/lib\libctru.a(fs.o)
                0x000000000010d4ec                FSUSER_OpenFile
 .text.FSUSER_OpenFileDirectly
                0x000000000010d5b8       0xd4 C:/devkitPro/libctru/lib\libctru.a(fs.o)
                0x000000000010d5b8                FSUSER_OpenFileDirectly
 .text.FSUSER_DeleteFile
                0x000000000010d68c       0xbc C:/devkitPro/libctru/lib\libctru.a(fs.o)
                0x000000000010d68c                FSUSER_DeleteFile
 .text.FSUSER_RenameFile
                0x000000000010d748       0xf8 C:/devkitPro/libctru/lib\libctru.a(fs.o)
                0x000000000010d748                FSUSER_RenameFile
 .text.FSUSER_DeleteDirectory
                0x000000000010d840       0xbc C:/devkitPro/libctru/lib\libctru.a(fs.o)
                0x000000000010d840                FSUSER_DeleteDirectory
 .text.FSUSER_CreateFile
                0x000000000010d8fc       0xd4 C:/devkitPro/libctru/lib\libctru.a(fs.o)
                0x000000000010d8fc                FSUSER_CreateFile
 .text.FSUSER_CreateDirectory
                0x000000000010d9d0       0xc4 C:/devkitPro/libctru/lib\libctru.a(fs.o)
                0x000000000010d9d0                FSUSER_CreateDirectory
 .text.FSUSER_RenameDirectory
                0x000000000010da94       0xf8 C:/devkitPro/libctru/lib\libctru.a(fs.o)
                0x000000000010da94                FSUSER_RenameDirectory
 .text.FSUSER_OpenDirectory
                0x000000000010db8c       0xb4 C:/devkitPro/libctru/lib\libctru.a(fs.o)
                0x000000000010db8c                FSUSER_OpenDirectory
 .text.FSUSER_OpenArchive
                0x000000000010dc40       0x94 C:/devkitPro/libctru/lib\libctru.a(fs.o)
                0x000000000010dc40                FSUSER_OpenArchive
 .text.FSUSER_CloseArchive
                0x000000000010dcd4       0x8c C:/devkitPro/libctru/lib\libctru.a(fs.o)
                0x000000000010dcd4                FSUSER_CloseArchive
 .text.FSUSER_GetSdmcArchiveResource
                0x000000000010dd60       0x74 C:/devkitPro/libctru/lib\libctru.a(fs.o)
                0x000000000010dd60                FSUSER_GetSdmcArchiveResource
 .text.FSUSER_IsSdmcWritable
                0x000000000010ddd4       0x64 C:/devkitPro/libctru/lib\libctru.a(fs.o)
                0x000000000010ddd4                FSUSER_IsSdmcWritable
 .text.FSFILE_Read
                0x000000000010de38       0x58 C:/devkitPro/libctru/lib\libctru.a(fs.o)
                0x000000000010de38                FSFILE_Read
 .text.FSFILE_Write
                0x000000000010de90       0x60 C:/devkitPro/libctru/lib\libctru.a(fs.o)
                0x000000000010de90                FSFILE_Write
 .text.FSFILE_GetSize
                0x000000000010def0       0x38 C:/devkitPro/libctru/lib\libctru.a(fs.o)
                0x000000000010def0                FSFILE_GetSize
 .text.FSFILE_SetSize
                0x000000000010df28       0x28 C:/devkitPro/libctru/lib\libctru.a(fs.o)
                0x000000000010df28                FSFILE_SetSize
 .text.FSFILE_Close
                0x000000000010df50       0x3c C:/devkitPro/libctru/lib\libctru.a(fs.o)
                0x000000000010df50                FSFILE_Close
 .text.FSFILE_Flush
                0x000000000010df8c       0x24 C:/devkitPro/libctru/lib\libctru.a(fs.o)
                0x000000000010df8c                FSFILE_Flush
 .text.FSDIR_Read
                0x000000000010dfb0       0x50 C:/devkitPro/libctru/lib\libctru.a(fs.o)
                0x000000000010dfb0                FSDIR_Read
 .text.FSDIR_Close
                0x000000000010e000       0x3c C:/devkitPro/libctru/lib\libctru.a(fs.o)
                0x000000000010e000                FSDIR_Close
 .text.buffer_read
                0x000000000010e03c       0xcc C:/devkitPro/libctru/lib\libctru.a(decompress.o)
 .text.iov_read
                0x000000000010e108       0xd0 C:/devkitPro/libctru/lib\libctru.a(decompress.o)
 .text.iov_memmove
                0x000000000010e1d8      0x128 C:/devkitPro/libctru/lib\libctru.a(decompress.o)
 .text.decompress_rle
                0x000000000010e300      0x1d8 C:/devkitPro/libctru/lib\libctru.a(decompress.o)
 .text.decompress_lzss
                0x000000000010e4d8      0x258 C:/devkitPro/libctru/lib\libctru.a(decompress.o)
 .text.decompress_huff.part.0
                0x000000000010e730      0x2ec C:/devkitPro/libctru/lib\libctru.a(decompress.o)
 .text.decompress_lz11
                0x000000000010ea1c      0x440 C:/devkitPro/libctru/lib\libctru.a(decompress.o)
 .text.decompressCallback_Stdio
                0x000000000010ee5c       0x10 C:/devkitPro/libctru/lib\libctru.a(decompress.o)
                0x000000000010ee5c                decompressCallback_Stdio
 .text.decompressHeader
                0x000000000010ee6c       0xe4 C:/devkitPro/libctru/lib\libctru.a(decompress.o)
                0x000000000010ee6c                decompressHeader
 .text.decompressV
                0x000000000010ef50      0x250 C:/devkitPro/libctru/lib\libctru.a(decompress.o)
                0x000000000010ef50                decompressV
 .text.rbtree_init
                0x000000000010f1a0       0x10 C:/devkitPro/libctru/lib\libctru.a(rbtree_init.o)
                0x000000000010f1a0                rbtree_init
 .text.do_insert
                0x000000000010f1b0      0x1a0 C:/devkitPro/libctru/lib\libctru.a(rbtree_insert.o)
 .text.rbtree_insert
                0x000000000010f350        0x8 C:/devkitPro/libctru/lib\libctru.a(rbtree_insert.o)
                0x000000000010f350                rbtree_insert
 .text.rbtree_rotate
                0x000000000010f358       0x90 C:/devkitPro/libctru/lib\libctru.a(rbtree_rotate.o)
                0x000000000010f358                rbtree_rotate
 .text.rbtree_remove
                0x000000000010f3e8      0x338 C:/devkitPro/libctru/lib\libctru.a(rbtree_remove.o)
                0x000000000010f3e8                rbtree_remove
 .text.rbtree_find
                0x000000000010f720       0x74 C:/devkitPro/libctru/lib\libctru.a(rbtree_find.o)
                0x000000000010f720                rbtree_find
 .text.utf16_to_utf8
                0x000000000010f794       0xe8 C:/devkitPro/libctru/lib\libctru.a(utf16_to_utf8.o)
                0x000000000010f794                utf16_to_utf8
 .text.decode_utf16
                0x000000000010f87c       0x64 C:/devkitPro/libctru/lib\libctru.a(decode_utf16.o)
                0x000000000010f87c                decode_utf16
 .text.utf8_to_utf16
                0x000000000010f8e0       0xc0 C:/devkitPro/libctru/lib\libctru.a(utf8_to_utf16.o)
                0x000000000010f8e0                utf8_to_utf16
 .text.__system_allocateHeaps
                0x000000000010f9a0      0x1e0 C:/devkitPro/libctru/lib\libctru.a(allocateHeaps.o)
                0x000000000010f9a0                __system_allocateHeaps
 .text.__libctru_init
                0x000000000010fb80       0x38 C:/devkitPro/libctru/lib\libctru.a(ctru_init.o)
                0x000000000010fb80                __libctru_init
 .text.__system_initArgv
                0x000000000010fbb8       0xf0 C:/devkitPro/libctru/lib\libctru.a(initArgv.o)
                0x000000000010fbb8                __system_initArgv
 .text.svcControlMemory
                0x000000000010fca8       0x20 C:/devkitPro/libctru/lib\libctru.a(svc.o)
                0x000000000010fca8                svcControlMemory
 .text.svcQueryMemory
                0x000000000010fcc8       0x30 C:/devkitPro/libctru/lib\libctru.a(svc.o)
                0x000000000010fcc8                svcQueryMemory
 .text.svcExitProcess
                0x000000000010fcf8        0x8 C:/devkitPro/libctru/lib\libctru.a(svc.o)
                0x000000000010fcf8                svcExitProcess
 .text.svcCreateThread
                0x000000000010fd00       0x20 C:/devkitPro/libctru/lib\libctru.a(svc.o)
                0x000000000010fd00                svcCreateThread
 .text.svcExitThread
                0x000000000010fd20        0x8 C:/devkitPro/libctru/lib\libctru.a(svc.o)
                0x000000000010fd20                svcExitThread
 .text.svcSleepThread
                0x000000000010fd28        0x8 C:/devkitPro/libctru/lib\libctru.a(svc.o)
                0x000000000010fd28                svcSleepThread
 .text.svcReleaseMutex
                0x000000000010fd30        0x8 C:/devkitPro/libctru/lib\libctru.a(svc.o)
                0x000000000010fd30                svcReleaseMutex
 .text.svcCreateEvent
                0x000000000010fd38       0x14 C:/devkitPro/libctru/lib\libctru.a(svc.o)
                0x000000000010fd38                svcCreateEvent
 .text.svcSignalEvent
                0x000000000010fd4c        0x8 C:/devkitPro/libctru/lib\libctru.a(svc.o)
                0x000000000010fd4c                svcSignalEvent
 .text.svcClearEvent
                0x000000000010fd54        0x8 C:/devkitPro/libctru/lib\libctru.a(svc.o)
                0x000000000010fd54                svcClearEvent
 .text.svcMapMemoryBlock
                0x000000000010fd5c        0x8 C:/devkitPro/libctru/lib\libctru.a(svc.o)
                0x000000000010fd5c                svcMapMemoryBlock
 .text.svcUnmapMemoryBlock
                0x000000000010fd64        0x8 C:/devkitPro/libctru/lib\libctru.a(svc.o)
                0x000000000010fd64                svcUnmapMemoryBlock
 .text.svcCreateAddressArbiter
                0x000000000010fd6c       0x14 C:/devkitPro/libctru/lib\libctru.a(svc.o)
                0x000000000010fd6c                svcCreateAddressArbiter
 .text.svcArbitrateAddressNoTimeout
                0x000000000010fd80        0x8 C:/devkitPro/libctru/lib\libctru.a(svc.o)
                0x000000000010fd80                svcArbitrateAddressNoTimeout
 .text.svcCloseHandle
                0x000000000010fd88        0x8 C:/devkitPro/libctru/lib\libctru.a(svc.o)
                0x000000000010fd88                svcCloseHandle
 .text.svcWaitSynchronization
                0x000000000010fd90        0x8 C:/devkitPro/libctru/lib\libctru.a(svc.o)
                0x000000000010fd90                svcWaitSynchronization
 .text.svcWaitSynchronizationN
                0x000000000010fd98       0x28 C:/devkitPro/libctru/lib\libctru.a(svc.o)
                0x000000000010fd98                svcWaitSynchronizationN
 .text.svcDuplicateHandle
                0x000000000010fdc0       0x14 C:/devkitPro/libctru/lib\libctru.a(svc.o)
                0x000000000010fdc0                svcDuplicateHandle
 .text.svcGetSystemTick
                0x000000000010fdd4        0x8 C:/devkitPro/libctru/lib\libctru.a(svc.o)
                0x000000000010fdd4                svcGetSystemTick
 .text.svcConnectToPort
                0x000000000010fddc       0x14 C:/devkitPro/libctru/lib\libctru.a(svc.o)
                0x000000000010fddc                svcConnectToPort
 .text.svcSendSyncRequest
                0x000000000010fdf0        0x8 C:/devkitPro/libctru/lib\libctru.a(svc.o)
                0x000000000010fdf0                svcSendSyncRequest
 .text.svcGetResourceLimit
                0x000000000010fdf8       0x14 C:/devkitPro/libctru/lib\libctru.a(svc.o)
                0x000000000010fdf8                svcGetResourceLimit
 .text.svcGetResourceLimitLimitValues
                0x000000000010fe0c        0x8 C:/devkitPro/libctru/lib\libctru.a(svc.o)
                0x000000000010fe0c                svcGetResourceLimitLimitValues
 .text.svcGetResourceLimitCurrentValues
                0x000000000010fe14        0x8 C:/devkitPro/libctru/lib\libctru.a(svc.o)
                0x000000000010fe14                svcGetResourceLimitCurrentValues
 .text.svcBreak
                0x000000000010fe1c        0x8 C:/devkitPro/libctru/lib\libctru.a(svc.o)
                0x000000000010fe1c                svcBreak
 .text.initSystem
                0x000000000010fe24       0x50 C:/devkitPro/libctru/lib\libctru.a(stack_adjust.o)
                0x000000000010fe24                initSystem
 .text.__ctru_exit
                0x000000000010fe74       0x18 C:/devkitPro/libctru/lib\libctru.a(stack_adjust.o)
                0x000000000010fe74                __ctru_exit
 .text.__aeabi_read_tp
                0x000000000010fe8c        0xc C:/devkitPro/libctru/lib\libctru.a(readtp.o)
                0x000000000010fe8c                __aeabi_read_tp
 .text.__sync_init
                0x000000000010fe98        0xc C:/devkitPro/libctru/lib\libctru.a(synchronization.o)
                0x000000000010fe98                __sync_init
 .text.__sync_fini
                0x000000000010fea4       0x18 C:/devkitPro/libctru/lib\libctru.a(synchronization.o)
                0x000000000010fea4                __sync_fini
 .text.syncArbitrateAddress
                0x000000000010febc       0x2c C:/devkitPro/libctru/lib\libctru.a(synchronization.o)
                0x000000000010febc                syncArbitrateAddress
 .text.LightLock_Init
                0x000000000010fee8       0x1c C:/devkitPro/libctru/lib\libctru.a(synchronization.o)
                0x000000000010fee8                LightLock_Init
 .text.LightLock_Lock
                0x000000000010ff04       0x94 C:/devkitPro/libctru/lib\libctru.a(synchronization.o)
                0x000000000010ff04                LightLock_Lock
 .text.LightLock_TryLock
                0x000000000010ff98       0x44 C:/devkitPro/libctru/lib\libctru.a(synchronization.o)
                0x000000000010ff98                LightLock_TryLock
 .text.LightLock_Unlock
                0x000000000010ffdc       0x40 C:/devkitPro/libctru/lib\libctru.a(synchronization.o)
                0x000000000010ffdc                LightLock_Unlock
 .text.RecursiveLock_Init
                0x000000000011001c       0x24 C:/devkitPro/libctru/lib\libctru.a(synchronization.o)
                0x000000000011001c                RecursiveLock_Init
 .text.RecursiveLock_Lock
                0x0000000000110040       0x30 C:/devkitPro/libctru/lib\libctru.a(synchronization.o)
                0x0000000000110040                RecursiveLock_Lock
 .text.RecursiveLock_TryLock
                0x0000000000110070       0x78 C:/devkitPro/libctru/lib\libctru.a(synchronization.o)
                0x0000000000110070                RecursiveLock_TryLock
 .text.RecursiveLock_Unlock
                0x00000000001100e8       0x54 C:/devkitPro/libctru/lib\libctru.a(synchronization.o)
                0x00000000001100e8                RecursiveLock_Unlock
 .text.LightEvent_Init
                0x000000000011013c       0x40 C:/devkitPro/libctru/lib\libctru.a(synchronization.o)
                0x000000000011013c                LightEvent_Init
 .text.LightEvent_Clear
                0x000000000011017c       0xa4 C:/devkitPro/libctru/lib\libctru.a(synchronization.o)
                0x000000000011017c                LightEvent_Clear
 .text.LightEvent_Signal
                0x0000000000110220       0xc8 C:/devkitPro/libctru/lib\libctru.a(synchronization.o)
                0x0000000000110220                LightEvent_Signal
 .text.LightEvent_TryWait
                0x00000000001102e8       0x58 C:/devkitPro/libctru/lib\libctru.a(synchronization.o)
                0x00000000001102e8                LightEvent_TryWait
 .text.LightEvent_Wait
                0x0000000000110340       0xb0 C:/devkitPro/libctru/lib\libctru.a(synchronization.o)
                0x0000000000110340                LightEvent_Wait
 .text.envGetHandle
                0x00000000001103f0       0x84 C:/devkitPro/libctru/lib\libctru.a(env.o)
                0x00000000001103f0                envGetHandle
 .text.envDestroyHandles
                0x0000000000110474       0x50 C:/devkitPro/libctru/lib\libctru.a(env.o)
                0x0000000000110474                envDestroyHandles
 .text.srvInit  0x00000000001104c4      0x124 C:/devkitPro/libctru/lib\libctru.a(srv.o)
                0x00000000001104c4                srvInit
 .text.srvExit  0x00000000001105e8       0x58 C:/devkitPro/libctru/lib\libctru.a(srv.o)
                0x00000000001105e8                srvExit
 .text.srvGetServiceHandleDirect
                0x0000000000110640       0x80 C:/devkitPro/libctru/lib\libctru.a(srv.o)
                0x0000000000110640                srvGetServiceHandleDirect
 .text.srvGetServiceHandle
                0x00000000001106c0       0x48 C:/devkitPro/libctru/lib\libctru.a(srv.o)
                0x00000000001106c0                srvGetServiceHandle
 .text.srvPublishToSubscriber
                0x0000000000110708       0x38 C:/devkitPro/libctru/lib\libctru.a(srv.o)
                0x0000000000110708                srvPublishToSubscriber
 .text.threadCreate
                0x0000000000110740      0x188 C:/devkitPro/libctru/lib\libctru.a(thread.o)
                0x0000000000110740                threadCreate
 .text.threadFree
                0x00000000001108c8       0x2c C:/devkitPro/libctru/lib\libctru.a(thread.o)
                0x00000000001108c8                threadFree
 .text.threadJoin
                0x00000000001108f4       0x24 C:/devkitPro/libctru/lib\libctru.a(thread.o)
                0x00000000001108f4                threadJoin
 .text.threadGetCurrent
                0x0000000000110918       0x30 C:/devkitPro/libctru/lib\libctru.a(thread.o)
                0x0000000000110918                threadGetCurrent
 .text.threadExit
                0x0000000000110948       0x40 C:/devkitPro/libctru/lib\libctru.a(thread.o)
                0x0000000000110948                threadExit
 .text._thread_begin
                0x0000000000110988       0x44 C:/devkitPro/libctru/lib\libctru.a(thread.o)
 .text.mappableFindAddressWithin
                0x00000000001109cc       0x94 C:/devkitPro/libctru/lib\libctru.a(mappable.o)
 .text.mappableInit
                0x0000000000110a60       0x28 C:/devkitPro/libctru/lib\libctru.a(mappable.o)
                0x0000000000110a60                mappableInit
 .text.mappableAlloc
                0x0000000000110a88       0x80 C:/devkitPro/libctru/lib\libctru.a(mappable.o)
                0x0000000000110a88                mappableAlloc
 .text.mappableFree
                0x0000000000110b08        0x4 C:/devkitPro/libctru/lib\libctru.a(mappable.o)
                0x0000000000110b08                mappableFree
 .text.irrstInit
                0x0000000000110b0c      0x160 C:/devkitPro/libctru/lib\libctru.a(irrst.o)
                0x0000000000110b0c                irrstInit
 .text.irrstExit
                0x0000000000110c6c       0xcc C:/devkitPro/libctru/lib\libctru.a(irrst.o)
                0x0000000000110c6c                irrstExit
 .text.irrstScanInput
                0x0000000000110d38       0xb0 C:/devkitPro/libctru/lib\libctru.a(irrst.o)
                0x0000000000110d38                irrstScanInput
 .text.irrstKeysHeld
                0x0000000000110de8       0x24 C:/devkitPro/libctru/lib\libctru.a(irrst.o)
                0x0000000000110de8                irrstKeysHeld
 .text.srvPmGetSessionHandle
                0x0000000000110e0c        0xc C:/devkitPro/libctru/lib\libctru.a(srvpm.o)
                0x0000000000110e0c                srvPmGetSessionHandle
 .text.rbtree_node_next
                0x0000000000110e18       0x50 C:/devkitPro/libctru/lib\libctru.a(rbtree_iterator.o)
                0x0000000000110e18                rbtree_node_next
 .text.encode_utf16
                0x0000000000110e68       0x60 C:/devkitPro/libctru/lib\libctru.a(encode_utf16.o)
                0x0000000000110e68                encode_utf16
 .text.encode_utf8
                0x0000000000110ec8       0xfc C:/devkitPro/libctru/lib\libctru.a(encode_utf8.o)
                0x0000000000110ec8                encode_utf8
 .text.decode_utf8
                0x0000000000110fc4      0x13c C:/devkitPro/libctru/lib\libctru.a(decode_utf8.o)
                0x0000000000110fc4                decode_utf8
 .text.__appInit
                0x0000000000111100       0x30 C:/devkitPro/libctru/lib\libctru.a(appInit.o)
                0x0000000000111100                __appInit
 .text.__libctru_nanosleep
                0x0000000000111130       0x30 C:/devkitPro/libctru/lib\libctru.a(syscalls.o)
 .text.__libctru_get_reent
                0x0000000000111160       0x30 C:/devkitPro/libctru/lib\libctru.a(syscalls.o)
 .text.__system_initSyscalls
                0x0000000000111190       0xf8 C:/devkitPro/libctru/lib\libctru.a(syscalls.o)
                0x0000000000111190                __system_initSyscalls
 .text.__appExit
                0x0000000000111288       0x30 C:/devkitPro/libctru/lib\libctru.a(appExit.o)
                0x0000000000111288                __appExit
 .text.__libctru_exit
                0x00000000001112b8       0x90 C:/devkitPro/libctru/lib\libctru.a(ctru_exit.o)
                0x00000000001112b8                __libctru_exit
 .text.archive_link
                0x0000000000111348       0x14 C:/devkitPro/libctru/lib\libctru.a(archive_dev.o)
 .text.archive_dirreset
                0x000000000011135c       0x14 C:/devkitPro/libctru/lib\libctru.a(archive_dev.o)
 .text.archive_chmod
                0x0000000000111370       0x14 C:/devkitPro/libctru/lib\libctru.a(archive_dev.o)
 .text.error_cmp
                0x0000000000111384       0x24 C:/devkitPro/libctru/lib\libctru.a(archive_dev.o)
 .text.archive_translate_error
                0x00000000001113a8       0x50 C:/devkitPro/libctru/lib\libctru.a(archive_dev.o)
 .text.archive_seek
                0x00000000001113f8       0xd4 C:/devkitPro/libctru/lib\libctru.a(archive_dev.o)
 .text._archiveInit.part.0
                0x00000000001114cc       0x7c C:/devkitPro/libctru/lib\libctru.a(archive_dev.o)
 .text.archiveFindDevice.part.0
                0x0000000000111548       0x8c C:/devkitPro/libctru/lib\libctru.a(archive_dev.o)
 .text.archive_utf16path
                0x00000000001115d4      0x294 C:/devkitPro/libctru/lib\libctru.a(archive_dev.o)
 .text._archiveUnmountDeviceStruct.part.0
                0x0000000000111868       0xa0 C:/devkitPro/libctru/lib\libctru.a(archive_dev.o)
 .text.archive_fchmod
                0x0000000000111908       0x14 C:/devkitPro/libctru/lib\libctru.a(archive_dev.o)
 .text.archive_statvfs
                0x000000000011191c       0x14 C:/devkitPro/libctru/lib\libctru.a(archive_dev.o)
 .text._archiveMountDevice
                0x0000000000111930      0x158 C:/devkitPro/libctru/lib\libctru.a(archive_dev.o)
 .text.archive_diropen
                0x0000000000111a88       0xe8 C:/devkitPro/libctru/lib\libctru.a(archive_dev.o)
 .text.archive_fstat
                0x0000000000111b70       0xa4 C:/devkitPro/libctru/lib\libctru.a(archive_dev.o)
 .text.archive_close
                0x0000000000111c14       0x6c C:/devkitPro/libctru/lib\libctru.a(archive_dev.o)
 .text.archive_fsync
                0x0000000000111c80       0x6c C:/devkitPro/libctru/lib\libctru.a(archive_dev.o)
 .text.archive_dirclose
                0x0000000000111cec       0x70 C:/devkitPro/libctru/lib\libctru.a(archive_dev.o)
 .text.sdmc_statvfs
                0x0000000000111d5c       0xe8 C:/devkitPro/libctru/lib\libctru.a(archive_dev.o)
 .text.archive_ftruncate
                0x0000000000111e44       0x80 C:/devkitPro/libctru/lib\libctru.a(archive_dev.o)
 .text.archive_chdir
                0x0000000000111ec4       0xfc C:/devkitPro/libctru/lib\libctru.a(archive_dev.o)
 .text.archive_read
                0x0000000000111fc0       0xb0 C:/devkitPro/libctru/lib\libctru.a(archive_dev.o)
 .text.archive_unlink
                0x0000000000112070       0xac C:/devkitPro/libctru/lib\libctru.a(archive_dev.o)
 .text.archive_rmdir
                0x000000000011211c       0xc8 C:/devkitPro/libctru/lib\libctru.a(archive_dev.o)
 .text.archive_mkdir
                0x00000000001121e4       0xec C:/devkitPro/libctru/lib\libctru.a(archive_dev.o)
 .text.archive_stat
                0x00000000001122d0      0x1a8 C:/devkitPro/libctru/lib\libctru.a(archive_dev.o)
 .text.archive_rename
                0x0000000000112478      0x184 C:/devkitPro/libctru/lib\libctru.a(archive_dev.o)
 .text.archive_dirnext
                0x00000000001125fc      0x168 C:/devkitPro/libctru/lib\libctru.a(archive_dev.o)
 .text.archive_write
                0x0000000000112764      0x12c C:/devkitPro/libctru/lib\libctru.a(archive_dev.o)
 .text.archive_open
                0x0000000000112890      0x1f0 C:/devkitPro/libctru/lib\libctru.a(archive_dev.o)
 .text.archiveMountSdmc
                0x0000000000112a80      0x1a4 C:/devkitPro/libctru/lib\libctru.a(archive_dev.o)
                0x0000000000112a80                archiveMountSdmc
 .text.archiveUnmountAll
                0x0000000000112c24       0x54 C:/devkitPro/libctru/lib\libctru.a(archive_dev.o)
                0x0000000000112c24                archiveUnmountAll
 .text.cosf     0x0000000000112c78      0x22c c:/devkitpro/devkitarm/bin/../lib/gcc/arm-none-eabi/10.2.0/../../../../arm-none-eabi/lib/armv6k/fpu\libm.a(lib_a-cosf.o)
                0x0000000000112c78                cosf
 .text.with_errnof
                0x0000000000112ea4       0x24 c:/devkitpro/devkitarm/bin/../lib/gcc/arm-none-eabi/10.2.0/../../../../arm-none-eabi/lib/armv6k/fpu\libm.a(lib_a-math_errf.o)
 .text.__math_invalidf
                0x0000000000112ec8       0x1c c:/devkitpro/devkitarm/bin/../lib/gcc/arm-none-eabi/10.2.0/../../../../arm-none-eabi/lib/armv6k/fpu\libm.a(lib_a-math_errf.o)
                0x0000000000112ec8                __math_invalidf
 *fill*         0x0000000000112ee4        0x4 
 .text.sinf     0x0000000000112ee8      0x274 c:/devkitpro/devkitarm/bin/../lib/gcc/arm-none-eabi/10.2.0/../../../../arm-none-eabi/lib/armv6k/fpu\libm.a(lib_a-sinf.o)
                0x0000000000112ee8                sinf
 .text.__udivmoddi4
                0x000000000011315c      0x120 c:/devkitpro/devkitarm/bin/../lib/gcc/arm-none-eabi/10.2.0/armv6k/fpu\libgcc.a(_udivmoddi4.o)
                0x000000000011315c                __udivmoddi4
 .text.bsearch  0x000000000011327c       0x78 c:/devkitpro/devkitarm/bin/../lib/gcc/arm-none-eabi/10.2.0/../../../../arm-none-eabi/lib/armv6k/fpu\libg.a(lib_a-bsearch.o)
                0x000000000011327c                bsearch
 .text.calloc   0x00000000001132f4       0x28 c:/devkitpro/devkitarm/bin/../lib/gcc/arm-none-eabi/10.2.0/../../../../arm-none-eabi/lib/armv6k/fpu\libg.a(lib_a-calloc.o)
                0x00000000001132f4                calloc
 .text._calloc_r
                0x000000000011331c       0x94 c:/devkitpro/devkitarm/bin/../lib/gcc/arm-none-eabi/10.2.0/../../../../arm-none-eabi/lib/armv6k/fpu\libg.a(lib_a-callocr.o)
                0x000000000011331c                _calloc_r
 .text.__errno  0x00000000001133b0        0xc c:/devkitpro/devkitarm/bin/../lib/gcc/arm-none-eabi/10.2.0/../../../../arm-none-eabi/lib/armv6k/fpu\libg.a(lib_a-errno.o)
                0x00000000001133b0                __errno
 .text.exit     0x00000000001133bc       0x34 c:/devkitpro/devkitarm/bin/../lib/gcc/arm-none-eabi/10.2.0/../../../../arm-none-eabi/lib/armv6k/fpu\libg.a(lib_a-exit.o)
                0x00000000001133bc                exit
 .text._fclose_r
                0x00000000001133f0      0x160 c:/devkitpro/devkitarm/bin/../lib/gcc/arm-none-eabi/10.2.0/../../../../arm-none-eabi/lib/armv6k/fpu\libg.a(lib_a-fclose.o)
                0x00000000001133f0                _fclose_r
 .text.fclose   0x0000000000113550       0x20 c:/devkitpro/devkitarm/bin/../lib/gcc/arm-none-eabi/10.2.0/../../../../arm-none-eabi/lib/armv6k/fpu\libg.a(lib_a-fclose.o)
                0x0000000000113550                fclose
 .text.__sflush_r
                0x0000000000113570      0x258 c:/devkitpro/devkitarm/bin/../lib/gcc/arm-none-eabi/10.2.0/../../../../arm-none-eabi/lib/armv6k/fpu\libg.a(lib_a-fflush.o)
                0x0000000000113570                __sflush_r
 .text._fflush_r
                0x00000000001137c8       0x94 c:/devkitpro/devkitarm/bin/../lib/gcc/arm-none-eabi/10.2.0/../../../../arm-none-eabi/lib/armv6k/fpu\libg.a(lib_a-fflush.o)
                0x00000000001137c8                _fflush_r
 .text.fflush   0x000000000011385c       0x38 c:/devkitpro/devkitarm/bin/../lib/gcc/arm-none-eabi/10.2.0/../../../../arm-none-eabi/lib/armv6k/fpu\libg.a(lib_a-fflush.o)
                0x000000000011385c                fflush
 .text._cleanup_r
                0x0000000000113894        0xc c:/devkitpro/devkitarm/bin/../lib/gcc/arm-none-eabi/10.2.0/../../../../arm-none-eabi/lib/armv6k/fpu\libg.a(lib_a-findfp.o)
                0x0000000000113894                _cleanup_r
 .text.__sinit  0x00000000001138a0      0x184 c:/devkitpro/devkitarm/bin/../lib/gcc/arm-none-eabi/10.2.0/../../../../arm-none-eabi/lib/armv6k/fpu\libg.a(lib_a-findfp.o)
                0x00000000001138a0                __sinit
 .text.__sfp    0x0000000000113a24      0x134 c:/devkitpro/devkitarm/bin/../lib/gcc/arm-none-eabi/10.2.0/../../../../arm-none-eabi/lib/armv6k/fpu\libg.a(lib_a-findfp.o)
                0x0000000000113a24                __sfp
 .text.__sfp_lock_acquire
                0x0000000000113b58        0xc c:/devkitpro/devkitarm/bin/../lib/gcc/arm-none-eabi/10.2.0/../../../../arm-none-eabi/lib/armv6k/fpu\libg.a(lib_a-findfp.o)
                0x0000000000113b58                __sfp_lock_acquire
 .text.__sfp_lock_release
                0x0000000000113b64        0xc c:/devkitpro/devkitarm/bin/../lib/gcc/arm-none-eabi/10.2.0/../../../../arm-none-eabi/lib/armv6k/fpu\libg.a(lib_a-findfp.o)
                0x0000000000113b64                __sfp_lock_release
 .text.__libc_fini_array
                0x0000000000113b70       0x3c c:/devkitpro/devkitarm/bin/../lib/gcc/arm-none-eabi/10.2.0/../../../../arm-none-eabi/lib/armv6k/fpu\libg.a(lib_a-fini.o)
                0x0000000000113b70                __libc_fini_array
 .text._fopen_r
                0x0000000000113bac      0x140 c:/devkitpro/devkitarm/bin/../lib/gcc/arm-none-eabi/10.2.0/../../../../arm-none-eabi/lib/armv6k/fpu\libg.a(lib_a-fopen.o)
                0x0000000000113bac                _fopen_r
 .text.fopen    0x0000000000113cec       0x28 c:/devkitpro/devkitarm/bin/../lib/gcc/arm-none-eabi/10.2.0/../../../../arm-none-eabi/lib/armv6k/fpu\libg.a(lib_a-fopen.o)
                0x0000000000113cec                fopen
 .text._fread_r
                0x0000000000113d14      0x2d0 c:/devkitpro/devkitarm/bin/../lib/gcc/arm-none-eabi/10.2.0/../../../../arm-none-eabi/lib/armv6k/fpu\libg.a(lib_a-fread.o)
                0x0000000000113d14                _fread_r
 .text.fread    0x0000000000113fe4       0x38 c:/devkitpro/devkitarm/bin/../lib/gcc/arm-none-eabi/10.2.0/../../../../arm-none-eabi/lib/armv6k/fpu\libg.a(lib_a-fread.o)
                0x0000000000113fe4                fread
 .text._malloc_trim_r
                0x000000000011401c       0xf8 c:/devkitpro/devkitarm/bin/../lib/gcc/arm-none-eabi/10.2.0/../../../../arm-none-eabi/lib/armv6k/fpu\libg.a(lib_a-freer.o)
                0x000000000011401c                _malloc_trim_r
 .text._free_r  0x0000000000114114      0x2e4 c:/devkitpro/devkitarm/bin/../lib/gcc/arm-none-eabi/10.2.0/../../../../arm-none-eabi/lib/armv6k/fpu\libg.a(lib_a-freer.o)
                0x0000000000114114                _free_r
 .text._fseek_r
                0x00000000001143f8       0x1c c:/devkitpro/devkitarm/bin/../lib/gcc/arm-none-eabi/10.2.0/../../../../arm-none-eabi/lib/armv6k/fpu\libg.a(lib_a-fseek.o)
                0x00000000001143f8                _fseek_r
 .text._fseeko_r
                0x0000000000114414      0x4f8 c:/devkitpro/devkitarm/bin/../lib/gcc/arm-none-eabi/10.2.0/../../../../arm-none-eabi/lib/armv6k/fpu\libg.a(lib_a-fseeko.o)
                0x0000000000114414                _fseeko_r
 .text._ftello_r
                0x000000000011490c      0x1bc c:/devkitpro/devkitarm/bin/../lib/gcc/arm-none-eabi/10.2.0/../../../../arm-none-eabi/lib/armv6k/fpu\libg.a(lib_a-ftello.o)
                0x000000000011490c                _ftello_r
 .text._fwalk   0x0000000000114ac8       0x68 c:/devkitpro/devkitarm/bin/../lib/gcc/arm-none-eabi/10.2.0/../../../../arm-none-eabi/lib/armv6k/fpu\libg.a(lib_a-fwalk.o)
                0x0000000000114ac8                _fwalk
 .text._fwalk_reent
                0x0000000000114b30       0x70 c:/devkitpro/devkitarm/bin/../lib/gcc/arm-none-eabi/10.2.0/../../../../arm-none-eabi/lib/armv6k/fpu\libg.a(lib_a-fwalk.o)
                0x0000000000114b30                _fwalk_reent
 .text.__libc_init_array
                0x0000000000114ba0       0x7c c:/devkitpro/devkitarm/bin/../lib/gcc/arm-none-eabi/10.2.0/../../../../arm-none-eabi/lib/armv6k/fpu\libg.a(lib_a-init.o)
                0x0000000000114ba0                __libc_init_array
 .text.__smakebuf_r
                0x0000000000114c1c      0x138 c:/devkitpro/devkitarm/bin/../lib/gcc/arm-none-eabi/10.2.0/../../../../arm-none-eabi/lib/armv6k/fpu\libg.a(lib_a-makebuf.o)
                0x0000000000114c1c                __smakebuf_r
 .text.__swhatbuf_r
                0x0000000000114d54       0x94 c:/devkitpro/devkitarm/bin/../lib/gcc/arm-none-eabi/10.2.0/../../../../arm-none-eabi/lib/armv6k/fpu\libg.a(lib_a-makebuf.o)
                0x0000000000114d54                __swhatbuf_r
 .text.memalign
                0x0000000000114de8       0x28 c:/devkitpro/devkitarm/bin/../lib/gcc/arm-none-eabi/10.2.0/../../../../arm-none-eabi/lib/armv6k/fpu\libg.a(lib_a-malign.o)
                0x0000000000114de8                memalign
 .text._memalign_r
                0x0000000000114e10      0x148 c:/devkitpro/devkitarm/bin/../lib/gcc/arm-none-eabi/10.2.0/../../../../arm-none-eabi/lib/armv6k/fpu\libg.a(lib_a-malignr.o)
                0x0000000000114e10                _memalign_r
 .text.malloc   0x0000000000114f58       0x20 c:/devkitpro/devkitarm/bin/../lib/gcc/arm-none-eabi/10.2.0/../../../../arm-none-eabi/lib/armv6k/fpu\libg.a(lib_a-malloc.o)
                0x0000000000114f58                malloc
 .text.free     0x0000000000114f78       0x20 c:/devkitpro/devkitarm/bin/../lib/gcc/arm-none-eabi/10.2.0/../../../../arm-none-eabi/lib/armv6k/fpu\libg.a(lib_a-malloc.o)
                0x0000000000114f78                free
 .text._malloc_r
                0x0000000000114f98      0x7f0 c:/devkitpro/devkitarm/bin/../lib/gcc/arm-none-eabi/10.2.0/../../../../arm-none-eabi/lib/armv6k/fpu\libg.a(lib_a-mallocr.o)
                0x0000000000114f98                _malloc_r
 .text.memchr   0x0000000000115788       0xe0 c:/devkitpro/devkitarm/bin/../lib/gcc/arm-none-eabi/10.2.0/../../../../arm-none-eabi/lib/armv6k/fpu\libg.a(lib_a-memchr-stub.o)
                0x0000000000115788                memchr
 .text.memcmp   0x0000000000115868       0xa8 c:/devkitpro/devkitarm/bin/../lib/gcc/arm-none-eabi/10.2.0/../../../../arm-none-eabi/lib/armv6k/fpu\libg.a(lib_a-memcmp.o)
                0x0000000000115868                memcmp
 .text.memcpy   0x0000000000115910      0x11c c:/devkitpro/devkitarm/bin/../lib/gcc/arm-none-eabi/10.2.0/../../../../arm-none-eabi/lib/armv6k/fpu\libg.a(lib_a-memcpy-stub.o)
                0x0000000000115910                memcpy
 .text.memset   0x0000000000115a2c      0x118 c:/devkitpro/devkitarm/bin/../lib/gcc/arm-none-eabi/10.2.0/../../../../arm-none-eabi/lib/armv6k/fpu\libg.a(lib_a-memset.o)
                0x0000000000115a2c                memset
 .text.__malloc_lock
                0x0000000000115b44        0xc c:/devkitpro/devkitarm/bin/../lib/gcc/arm-none-eabi/10.2.0/../../../../arm-none-eabi/lib/armv6k/fpu\libg.a(lib_a-mlock.o)
                0x0000000000115b44                __malloc_lock
 .text.__malloc_unlock
                0x0000000000115b50        0xc c:/devkitpro/devkitarm/bin/../lib/gcc/arm-none-eabi/10.2.0/../../../../arm-none-eabi/lib/armv6k/fpu\libg.a(lib_a-mlock.o)
                0x0000000000115b50                __malloc_unlock
 .text.printf   0x0000000000115b5c       0x34 c:/devkitpro/devkitarm/bin/../lib/gcc/arm-none-eabi/10.2.0/../../../../arm-none-eabi/lib/armv6k/fpu\libg.a(lib_a-printf.o)
                0x0000000000115b5c                printf
 .text.srand    0x0000000000115b90       0x1c c:/devkitpro/devkitarm/bin/../lib/gcc/arm-none-eabi/10.2.0/../../../../arm-none-eabi/lib/armv6k/fpu\libg.a(lib_a-rand.o)
                0x0000000000115b90                srand
 .text.rand     0x0000000000115bac       0x44 c:/devkitpro/devkitarm/bin/../lib/gcc/arm-none-eabi/10.2.0/../../../../arm-none-eabi/lib/armv6k/fpu\libg.a(lib_a-rand.o)
                0x0000000000115bac                rand
 .text.lflush   0x0000000000115bf0       0x1c c:/devkitpro/devkitarm/bin/../lib/gcc/arm-none-eabi/10.2.0/../../../../arm-none-eabi/lib/armv6k/fpu\libg.a(lib_a-refill.o)
 .text.__srefill_r
                0x0000000000115c0c      0x1ac c:/devkitpro/devkitarm/bin/../lib/gcc/arm-none-eabi/10.2.0/../../../../arm-none-eabi/lib/armv6k/fpu\libg.a(lib_a-refill.o)
                0x0000000000115c0c                __srefill_r
 .text.setvbuf  0x0000000000115db8      0x260 c:/devkitpro/devkitarm/bin/../lib/gcc/arm-none-eabi/10.2.0/../../../../arm-none-eabi/lib/armv6k/fpu\libg.a(lib_a-setvbuf.o)
                0x0000000000115db8                setvbuf
 .text.sscanf   0x0000000000116018       0x74 c:/devkitpro/devkitarm/bin/../lib/gcc/arm-none-eabi/10.2.0/../../../../arm-none-eabi/lib/armv6k/fpu\libg.a(lib_a-sscanf.o)
                0x0000000000116018                sscanf
 .text.__sread  0x000000000011608c       0x44 c:/devkitpro/devkitarm/bin/../lib/gcc/arm-none-eabi/10.2.0/../../../../arm-none-eabi/lib/armv6k/fpu\libg.a(lib_a-stdio.o)
                0x000000000011608c                __sread
 .text.__seofread
                0x00000000001160d0        0x8 c:/devkitpro/devkitarm/bin/../lib/gcc/arm-none-eabi/10.2.0/../../../../arm-none-eabi/lib/armv6k/fpu\libg.a(lib_a-stdio.o)
                0x00000000001160d0                __seofread
 .text.__swrite
                0x00000000001160d8       0x68 c:/devkitpro/devkitarm/bin/../lib/gcc/arm-none-eabi/10.2.0/../../../../arm-none-eabi/lib/armv6k/fpu\libg.a(lib_a-stdio.o)
                0x00000000001160d8                __swrite
 .text.__sseek  0x0000000000116140       0x48 c:/devkitpro/devkitarm/bin/../lib/gcc/arm-none-eabi/10.2.0/../../../../arm-none-eabi/lib/armv6k/fpu\libg.a(lib_a-stdio.o)
                0x0000000000116140                __sseek
 .text.__sclose
                0x0000000000116188        0x8 c:/devkitpro/devkitarm/bin/../lib/gcc/arm-none-eabi/10.2.0/../../../../arm-none-eabi/lib/armv6k/fpu\libg.a(lib_a-stdio.o)
                0x0000000000116188                __sclose
 .text.strchr   0x0000000000116190      0x144 c:/devkitpro/devkitarm/bin/../lib/gcc/arm-none-eabi/10.2.0/../../../../arm-none-eabi/lib/armv6k/fpu\libg.a(lib_a-strchr.o)
                0x0000000000116190                strchr
 .text.strlen   0x00000000001162d4       0x5c c:/devkitpro/devkitarm/bin/../lib/gcc/arm-none-eabi/10.2.0/../../../../arm-none-eabi/lib/armv6k/fpu\libg.a(lib_a-strlen-stub.o)
                0x00000000001162d4                strlen
 .text.strncat  0x0000000000116330       0xec c:/devkitpro/devkitarm/bin/../lib/gcc/arm-none-eabi/10.2.0/../../../../arm-none-eabi/lib/armv6k/fpu\libg.a(lib_a-strncat.o)
                0x0000000000116330                strncat
 .text.strncmp  0x000000000011641c       0xdc c:/devkitpro/devkitarm/bin/../lib/gcc/arm-none-eabi/10.2.0/../../../../arm-none-eabi/lib/armv6k/fpu\libg.a(lib_a-strncmp.o)
                0x000000000011641c                strncmp
 .text.strncpy  0x00000000001164f8       0xc0 c:/devkitpro/devkitarm/bin/../lib/gcc/arm-none-eabi/10.2.0/../../../../arm-none-eabi/lib/armv6k/fpu\libg.a(lib_a-strncpy.o)
                0x00000000001164f8                strncpy
 .text.strnlen  0x00000000001165b8       0x48 c:/devkitpro/devkitarm/bin/../lib/gcc/arm-none-eabi/10.2.0/../../../../arm-none-eabi/lib/armv6k/fpu\libg.a(lib_a-strnlen.o)
                0x00000000001165b8                strnlen
 .text.get_arg  0x0000000000116600       0x50 c:/devkitpro/devkitarm/bin/../lib/gcc/arm-none-eabi/10.2.0/../../../../arm-none-eabi/lib/armv6k/fpu\libg.a(lib_a-svfscanf.o)
 .text.__ssvfscanf_r
                0x0000000000116650     0x2b68 c:/devkitpro/devkitarm/bin/../lib/gcc/arm-none-eabi/10.2.0/../../../../arm-none-eabi/lib/armv6k/fpu\libg.a(lib_a-svfscanf.o)
                0x0000000000116650                __ssvfscanf_r
 .text.time     0x00000000001191b8       0x3c c:/devkitpro/devkitarm/bin/../lib/gcc/arm-none-eabi/10.2.0/../../../../arm-none-eabi/lib/armv6k/fpu\libg.a(lib_a-time.o)
                0x00000000001191b8                time
 .text.get_arg  0x00000000001191f4      0x64c c:/devkitpro/devkitarm/bin/../lib/gcc/arm-none-eabi/10.2.0/../../../../arm-none-eabi/lib/armv6k/fpu\libg.a(lib_a-vfiprintf.o)
 .text.__sprint_r
                0x0000000000119840       0x34 c:/devkitpro/devkitarm/bin/../lib/gcc/arm-none-eabi/10.2.0/../../../../arm-none-eabi/lib/armv6k/fpu\libg.a(lib_a-vfiprintf.o)
                0x0000000000119840                __sprint_r
 .text._vfiprintf_r
                0x0000000000119874     0x2584 c:/devkitpro/devkitarm/bin/../lib/gcc/arm-none-eabi/10.2.0/../../../../arm-none-eabi/lib/armv6k/fpu\libg.a(lib_a-vfiprintf.o)
                0x0000000000119874                _vfiprintf_r
 .text.__sbprintf
                0x000000000011bdf8       0xd4 c:/devkitpro/devkitarm/bin/../lib/gcc/arm-none-eabi/10.2.0/../../../../arm-none-eabi/lib/armv6k/fpu\libg.a(lib_a-vfiprintf.o)
 .text.get_arg  0x000000000011becc      0x64c c:/devkitpro/devkitarm/bin/../lib/gcc/arm-none-eabi/10.2.0/../../../../arm-none-eabi/lib/armv6k/fpu\libg.a(lib_a-vfprintf.o)
 .text._vfprintf_r
                0x000000000011c518     0x38d4 c:/devkitpro/devkitarm/bin/../lib/gcc/arm-none-eabi/10.2.0/../../../../arm-none-eabi/lib/armv6k/fpu\libg.a(lib_a-vfprintf.o)
                0x000000000011c518                _vfprintf_r
 .text.__sbprintf
                0x000000000011fdec       0xd4 c:/devkitpro/devkitarm/bin/../lib/gcc/arm-none-eabi/10.2.0/../../../../arm-none-eabi/lib/armv6k/fpu\libg.a(lib_a-vfprintf.o)
 .text._wcrtomb_r
                0x000000000011fec0       0x54 c:/devkitpro/devkitarm/bin/../lib/gcc/arm-none-eabi/10.2.0/../../../../arm-none-eabi/lib/armv6k/fpu\libg.a(lib_a-wcrtomb.o)
                0x000000000011fec0                _wcrtomb_r
 .text._wcsrtombs_r
                0x000000000011ff14       0x28 c:/devkitpro/devkitarm/bin/../lib/gcc/arm-none-eabi/10.2.0/../../../../arm-none-eabi/lib/armv6k/fpu\libg.a(lib_a-wcsrtombs.o)
                0x000000000011ff14                _wcsrtombs_r
 .text.__swsetup_r
                0x000000000011ff3c      0x154 c:/devkitpro/devkitarm/bin/../lib/gcc/arm-none-eabi/10.2.0/../../../../arm-none-eabi/lib/armv6k/fpu\libg.a(lib_a-wsetup.o)
                0x000000000011ff3c                __swsetup_r
 .text.__call_exitprocs
                0x0000000000120090      0x114 c:/devkitpro/devkitarm/bin/../lib/gcc/arm-none-eabi/10.2.0/../../../../arm-none-eabi/lib/armv6k/fpu\libg.a(lib_a-__call_atexit.o)
                0x0000000000120090                __call_exitprocs
 .text.quorem   0x00000000001201a4      0x1a8 c:/devkitpro/devkitarm/bin/../lib/gcc/arm-none-eabi/10.2.0/../../../../arm-none-eabi/lib/armv6k/fpu\libg.a(lib_a-dtoa.o)
 *fill*         0x000000000012034c        0x4 
 .text._dtoa_r  0x0000000000120350     0x12ec c:/devkitpro/devkitarm/bin/../lib/gcc/arm-none-eabi/10.2.0/../../../../arm-none-eabi/lib/armv6k/fpu\libg.a(lib_a-dtoa.o)
                0x0000000000120350                _dtoa_r
 .text.__sflags
                0x000000000012163c       0xc8 c:/devkitpro/devkitarm/bin/../lib/gcc/arm-none-eabi/10.2.0/../../../../arm-none-eabi/lib/armv6k/fpu\libg.a(lib_a-flags.o)
                0x000000000012163c                __sflags
 .text.__sfvwrite_r
                0x0000000000121704      0x4a4 c:/devkitpro/devkitarm/bin/../lib/gcc/arm-none-eabi/10.2.0/../../../../arm-none-eabi/lib/armv6k/fpu\libg.a(lib_a-fvwrite.o)
                0x0000000000121704                __sfvwrite_r
 .text.iswspace
                0x0000000000121ba8        0x8 c:/devkitpro/devkitarm/bin/../lib/gcc/arm-none-eabi/10.2.0/../../../../arm-none-eabi/lib/armv6k/fpu\libg.a(lib_a-iswspace.o)
                0x0000000000121ba8                iswspace
 .text._localeconv_r
                0x0000000000121bb0        0xc c:/devkitpro/devkitarm/bin/../lib/gcc/arm-none-eabi/10.2.0/../../../../arm-none-eabi/lib/armv6k/fpu\libg.a(lib_a-localeconv.o)
                0x0000000000121bb0                _localeconv_r
 .text.__locale_mb_cur_max
                0x0000000000121bbc       0x10 c:/devkitpro/devkitarm/bin/../lib/gcc/arm-none-eabi/10.2.0/../../../../arm-none-eabi/lib/armv6k/fpu\libg.a(lib_a-locale.o)
                0x0000000000121bbc                __locale_mb_cur_max
 .text._mbrtowc_r
                0x0000000000121bcc       0x68 c:/devkitpro/devkitarm/bin/../lib/gcc/arm-none-eabi/10.2.0/../../../../arm-none-eabi/lib/armv6k/fpu\libg.a(lib_a-mbrtowc.o)
                0x0000000000121bcc                _mbrtowc_r
 .text.__utf8_mbtowc
                0x0000000000121c34      0x2fc c:/devkitpro/devkitarm/bin/../lib/gcc/arm-none-eabi/10.2.0/../../../../arm-none-eabi/lib/armv6k/fpu\libg.a(lib_a-mbtowc_r.o)
                0x0000000000121c34                __utf8_mbtowc
 .text.memmove  0x0000000000121f30      0x154 c:/devkitpro/devkitarm/bin/../lib/gcc/arm-none-eabi/10.2.0/../../../../arm-none-eabi/lib/armv6k/fpu\libg.a(lib_a-memmove.o)
                0x0000000000121f30                memmove
 .text._Balloc  0x0000000000122084       0x88 c:/devkitpro/devkitarm/bin/../lib/gcc/arm-none-eabi/10.2.0/../../../../arm-none-eabi/lib/armv6k/fpu\libg.a(lib_a-mprec.o)
                0x0000000000122084                _Balloc
 .text._Bfree   0x000000000012210c       0x1c c:/devkitpro/devkitarm/bin/../lib/gcc/arm-none-eabi/10.2.0/../../../../arm-none-eabi/lib/armv6k/fpu\libg.a(lib_a-mprec.o)
                0x000000000012210c                _Bfree
 .text.__multadd
                0x0000000000122128       0xf4 c:/devkitpro/devkitarm/bin/../lib/gcc/arm-none-eabi/10.2.0/../../../../arm-none-eabi/lib/armv6k/fpu\libg.a(lib_a-mprec.o)
                0x0000000000122128                __multadd
 .text.__s2b    0x000000000012221c      0x110 c:/devkitpro/devkitarm/bin/../lib/gcc/arm-none-eabi/10.2.0/../../../../arm-none-eabi/lib/armv6k/fpu\libg.a(lib_a-mprec.o)
                0x000000000012221c                __s2b
 .text.__hi0bits
                0x000000000012232c       0x58 c:/devkitpro/devkitarm/bin/../lib/gcc/arm-none-eabi/10.2.0/../../../../arm-none-eabi/lib/armv6k/fpu\libg.a(lib_a-mprec.o)
                0x000000000012232c                __hi0bits
 .text.__lo0bits
                0x0000000000122384       0x9c c:/devkitpro/devkitarm/bin/../lib/gcc/arm-none-eabi/10.2.0/../../../../arm-none-eabi/lib/armv6k/fpu\libg.a(lib_a-mprec.o)
                0x0000000000122384                __lo0bits
 .text.__i2b    0x0000000000122420       0xa4 c:/devkitpro/devkitarm/bin/../lib/gcc/arm-none-eabi/10.2.0/../../../../arm-none-eabi/lib/armv6k/fpu\libg.a(lib_a-mprec.o)
                0x0000000000122420                __i2b
 .text.__multiply
                0x00000000001224c4      0x204 c:/devkitpro/devkitarm/bin/../lib/gcc/arm-none-eabi/10.2.0/../../../../arm-none-eabi/lib/armv6k/fpu\libg.a(lib_a-mprec.o)
                0x00000000001224c4                __multiply
 .text.__pow5mult
                0x00000000001226c8      0x120 c:/devkitpro/devkitarm/bin/../lib/gcc/arm-none-eabi/10.2.0/../../../../arm-none-eabi/lib/armv6k/fpu\libg.a(lib_a-mprec.o)
                0x00000000001226c8                __pow5mult
 .text.__lshift
                0x00000000001227e8      0x13c c:/devkitpro/devkitarm/bin/../lib/gcc/arm-none-eabi/10.2.0/../../../../arm-none-eabi/lib/armv6k/fpu\libg.a(lib_a-mprec.o)
                0x00000000001227e8                __lshift
 .text.__mcmp   0x0000000000122924       0x58 c:/devkitpro/devkitarm/bin/../lib/gcc/arm-none-eabi/10.2.0/../../../../arm-none-eabi/lib/armv6k/fpu\libg.a(lib_a-mprec.o)
                0x0000000000122924                __mcmp
 .text.__mdiff  0x000000000012297c      0x1cc c:/devkitpro/devkitarm/bin/../lib/gcc/arm-none-eabi/10.2.0/../../../../arm-none-eabi/lib/armv6k/fpu\libg.a(lib_a-mprec.o)
                0x000000000012297c                __mdiff
 .text.__ulp    0x0000000000122b48       0x88 c:/devkitpro/devkitarm/bin/../lib/gcc/arm-none-eabi/10.2.0/../../../../arm-none-eabi/lib/armv6k/fpu\libg.a(lib_a-mprec.o)
                0x0000000000122b48                __ulp
 .text.__b2d    0x0000000000122bd0       0xd4 c:/devkitpro/devkitarm/bin/../lib/gcc/arm-none-eabi/10.2.0/../../../../arm-none-eabi/lib/armv6k/fpu\libg.a(lib_a-mprec.o)
                0x0000000000122bd0                __b2d
 .text.__d2b    0x0000000000122ca4      0x12c c:/devkitpro/devkitarm/bin/../lib/gcc/arm-none-eabi/10.2.0/../../../../arm-none-eabi/lib/armv6k/fpu\libg.a(lib_a-mprec.o)
                0x0000000000122ca4                __d2b
 .text.__ratio  0x0000000000122dd0       0x78 c:/devkitpro/devkitarm/bin/../lib/gcc/arm-none-eabi/10.2.0/../../../../arm-none-eabi/lib/armv6k/fpu\libg.a(lib_a-mprec.o)
                0x0000000000122dd0                __ratio
 .text.__copybits
                0x0000000000122e48       0x88 c:/devkitpro/devkitarm/bin/../lib/gcc/arm-none-eabi/10.2.0/../../../../arm-none-eabi/lib/armv6k/fpu\libg.a(lib_a-mprec.o)
                0x0000000000122e48                __copybits
 .text.__any_on
                0x0000000000122ed0       0x5c c:/devkitpro/devkitarm/bin/../lib/gcc/arm-none-eabi/10.2.0/../../../../arm-none-eabi/lib/armv6k/fpu\libg.a(lib_a-mprec.o)
                0x0000000000122ed0                __any_on
 .text.realloc  0x0000000000122f2c       0x28 c:/devkitpro/devkitarm/bin/../lib/gcc/arm-none-eabi/10.2.0/../../../../arm-none-eabi/lib/armv6k/fpu\libg.a(lib_a-realloc.o)
                0x0000000000122f2c                realloc
 .text._realloc_r
                0x0000000000122f54      0x598 c:/devkitpro/devkitarm/bin/../lib/gcc/arm-none-eabi/10.2.0/../../../../arm-none-eabi/lib/armv6k/fpu\libg.a(lib_a-reallocr.o)
                0x0000000000122f54                _realloc_r
 .text.__sccl   0x00000000001234ec       0xe4 c:/devkitpro/devkitarm/bin/../lib/gcc/arm-none-eabi/10.2.0/../../../../arm-none-eabi/lib/armv6k/fpu\libg.a(lib_a-sccl.o)
                0x00000000001234ec                __sccl
 .text.nanf     0x00000000001235d0        0xc c:/devkitpro/devkitarm/bin/../lib/gcc/arm-none-eabi/10.2.0/../../../../arm-none-eabi/lib/armv6k/fpu\libg.a(lib_a-sf_nan.o)
                0x00000000001235d0                nanf
 *fill*         0x00000000001235dc        0x4 
 .text.frexp    0x00000000001235e0       0xa8 c:/devkitpro/devkitarm/bin/../lib/gcc/arm-none-eabi/10.2.0/../../../../arm-none-eabi/lib/armv6k/fpu\libg.a(lib_a-s_frexp.o)
                0x00000000001235e0                frexp
 .text.sprintf  0x0000000000123688       0x64 c:/devkitpro/devkitarm/bin/../lib/gcc/arm-none-eabi/10.2.0/../../../../arm-none-eabi/lib/armv6k/fpu\libg.a(lib_a-sprintf.o)
                0x0000000000123688                sprintf
 .text.stpncpy  0x00000000001236ec       0xb8 c:/devkitpro/devkitarm/bin/../lib/gcc/arm-none-eabi/10.2.0/../../../../arm-none-eabi/lib/armv6k/fpu\libg.a(lib_a-stpncpy.o)
                0x00000000001236ec                stpncpy
 *fill*         0x00000000001237a4        0x4 
 .text._strtod_l
                0x00000000001237a8     0x130c c:/devkitpro/devkitarm/bin/../lib/gcc/arm-none-eabi/10.2.0/../../../../arm-none-eabi/lib/armv6k/fpu\libg.a(lib_a-strtod.o)
                0x00000000001237a8                _strtod_l
 .text._strtod_r