Archive member included to satisfy reference by file (symbol)

C:/devkitPro/libctru/lib\libcitro2d.a(base.o)
                              main.o (C2D_Init)
C:/devkitPro/libctru/lib\libcitro2d.a(spritesheet.o)
                              main.o (C2D_SpriteSheetLoad)
C:/devkitPro/libctru/lib\libcitro2d.a(render2d.shbin.o)
                              C:/devkitPro/libctru/lib\libcitro2d.a(base.o) (render2d_shbin)
C:/devkitPro/libctru/lib\libcitro3d.a(base.o)
                              main.o (C3D_Init)
C:/devkitPro/libctru/lib\libcitro3d.a(renderqueue.o)
                              C:/devkitPro/libctru/lib\libcitro3d.a(base.o) (C3Di_RenderQueueEnableVBlank)
C:/devkitPro/libctru/lib\libcitro3d.a(texture.o)
                              C:/devkitPro/libctru/lib\libcitro2d.a(base.o) (C3D_TexBind)
C:/devkitPro/libctru/lib\libcitro3d.a(tex3ds.o)
                              C:/devkitPro/libctru/lib\libcitro2d.a(spritesheet.o) (Tex3DS_TextureImport)
C:/devkitPro/libctru/lib\libcitro3d.a(framebuffer.o)
                              C:/devkitPro/libctru/lib\libcitro3d.a(renderqueue.o) (C3D_CalcColorBufSize)
C:/devkitPro/libctru/lib\libcitro3d.a(texenv.o)
                              C:/devkitPro/libctru/lib\libcitro2d.a(base.o) (C3D_GetTexEnv)
C:/devkitPro/libctru/lib\libcitro3d.a(proctex.o)
                              C:/devkitPro/libctru/lib\libcitro2d.a(base.o) (C3D_ProcTexInit)
C:/devkitPro/libctru/lib\libcitro3d.a(buffers.o)
                              C:/devkitPro/libctru/lib\libcitro2d.a(base.o) (BufInfo_Init)
C:/devkitPro/libctru/lib\libcitro3d.a(drawArrays.o)
                              C:/devkitPro/libctru/lib\libcitro2d.a(base.o) (C3D_DrawArrays)
C:/devkitPro/libctru/lib\libcitro3d.a(effect.o)
                              C:/devkitPro/libctru/lib\libcitro3d.a(base.o) (C3D_DepthMap)
C:/devkitPro/libctru/lib\libcitro3d.a(attribs.o)
                              C:/devkitPro/libctru/lib\libcitro2d.a(base.o) (AttrInfo_Init)
C:/devkitPro/libctru/lib\libcitro3d.a(immediate.o)
                              C:/devkitPro/libctru/lib\libcitro3d.a(base.o) (C3D_ImmSendAttrib)
C:/devkitPro/libctru/lib\libcitro3d.a(uniforms.o)
                              C:/devkitPro/libctru/lib\libcitro3d.a(base.o) (C3D_UpdateUniforms)
C:/devkitPro/libctru/lib\libcitro3d.a(mtx_ortho.o)
                              C:/devkitPro/libctru/lib\libcitro2d.a(base.o) (Mtx_Ortho)
C:/devkitPro/libctru/lib\libcitro3d.a(mtx_scale.o)
                              C:/devkitPro/libctru/lib\libcitro2d.a(base.o) (Mtx_Scale)
C:/devkitPro/libctru/lib\libcitro3d.a(mtx_multiply.o)
                              C:/devkitPro/libctru/lib\libcitro2d.a(base.o) (Mtx_Multiply)
C:/devkitPro/libctru/lib\libcitro3d.a(mtx_orthotilt.o)
                              C:/devkitPro/libctru/lib\libcitro2d.a(base.o) (Mtx_OrthoTilt)
C:/devkitPro/libctru/lib\libcitro3d.a(mtx_translate.o)
                              C:/devkitPro/libctru/lib\libcitro2d.a(base.o) (Mtx_Translate)
C:/devkitPro/libctru/lib\libcitro3d.a(mtx_rotatez.o)
                              C:/devkitPro/libctru/lib\libcitro2d.a(base.o) (Mtx_RotateZ)
C:/devkitPro/libctru/lib\libctru.a(vram.o)
                              C:/devkitPro/libctru/lib\libcitro3d.a(renderqueue.o) (vramAlloc)
C:/devkitPro/libctru/lib\libctru.a(linear.o)
                              C:/devkitPro/libctru/lib\libcitro2d.a(base.o) (linearAlloc)
C:/devkitPro/libctru/lib\libctru.a(mem_pool.o)
                              C:/devkitPro/libctru/lib\libctru.a(vram.o) (MemPool::Allocate(MemChunk&, unsigned long, int))
C:/devkitPro/libctru/lib\libctru.a(romfs_dev.o)
                              main.o (romfsMountSelf)
C:/devkitPro/libctru/lib\libctru.a(os.o)
                              C:/devkitPro/libctru/lib\libcitro3d.a(texture.o) (osConvertVirtToPhys)
C:/devkitPro/libctru/lib\libctru.a(console.o)
                              main.o (consoleInit)
C:/devkitPro/libctru/lib\libctru.a(path_buf.o)
                              C:/devkitPro/libctru/lib\libctru.a(romfs_dev.o) (__ctru_dev_utf16_buf)
C:/devkitPro/libctru/lib\libctru.a(gfx.o)
                              C:/devkitPro/libctru/lib\libcitro2d.a(base.o) (gfxIsWide)
C:/devkitPro/libctru/lib\libctru.a(shaderProgram.o)
                              C:/devkitPro/libctru/lib\libcitro2d.a(base.o) (shaderInstanceGetUniformLocation)
C:/devkitPro/libctru/lib\libctru.a(shbin.o)
                              C:/devkitPro/libctru/lib\libcitro2d.a(base.o) (DVLB_ParseFile)
C:/devkitPro/libctru/lib\libctru.a(gx.o)
                              C:/devkitPro/libctru/lib\libcitro3d.a(renderqueue.o) (GX_BindQueue)
C:/devkitPro/libctru/lib\libctru.a(gxqueue.o)
                              C:/devkitPro/libctru/lib\libcitro3d.a(renderqueue.o) (gxCmdQueueClear)
C:/devkitPro/libctru/lib\libctru.a(gpu.o)
                              C:/devkitPro/libctru/lib\libcitro3d.a(base.o) (GPUCMD_Add)
C:/devkitPro/libctru/lib\libctru.a(gspgpu.o)
[...]
Memory Configuration

Name             Origin             Length             Attributes
*default*        0x0000000000000000 0xffffffffffffffff

Linker script and memory map

                0x0000000000100000                PROVIDE (__start__ = 0x100000)
                0x0000000000100000                . = __start__

.text           0x0000000000100000    0x2cac4
 *(.crt0)
 .crt0          0x0000000000100000       0x94 c:/devkitpro/devkitarm/bin/../lib/gcc/arm-none-eabi/10.2.0/../../../../arm-none-eabi/lib/armv6k/fpu/3dsx_crt0.o
                0x0000000000100000                _start
                0x0000000000100008                __service_ptr
                0x000000000010000c                __apt_appid
                0x0000000000100010                __heap_size
                0x0000000000100014                __linear_heap_size
                0x0000000000100018                __system_arglist
                0x000000000010001c                __system_runflags
 *(.init)
 .init          0x0000000000100094        0xc c:/devkitpro/devkitarm/bin/../lib/gcc/arm-none-eabi/10.2.0/armv6k/fpu/crti.o
                0x0000000000100094                _init
 .init          0x00000000001000a0        0xc c:/devkitpro/devkitarm/bin/../lib/gcc/arm-none-eabi/10.2.0/armv6k/fpu/crtn.o
                0x00000000001000ac                . = ALIGN (0x4)
 *(.text)
 .text          0x00000000001000ac      0x20c c:/devkitpro/devkitarm/bin/../lib/gcc/arm-none-eabi/10.2.0/armv6k/fpu\libgcc.a(_udivsi3.o)
                0x00000000001000ac                __aeabi_uidiv
                0x00000000001000ac                __udivsi3
                0x0000000000100298                __aeabi_uidivmod
 .text          0x00000000001002b8      0x240 c:/devkitpro/devkitarm/bin/../lib/gcc/arm-none-eabi/10.2.0/armv6k/fpu\libgcc.a(_divsi3.o)
                0x00000000001002b8                __divsi3
                0x00000000001002b8                __aeabi_idiv
                0x00000000001004d8                __aeabi_idivmod
 .text          0x00000000001004f8        0x4 c:/devkitpro/devkitarm/bin/../lib/gcc/arm-none-eabi/10.2.0/armv6k/fpu\libgcc.a(_dvmd_tls.o)
                0x00000000001004f8                __aeabi_idiv0
                0x00000000001004f8                __aeabi_ldiv0
 .text          0x00000000001004fc      0x3c0 c:/devkitpro/devkitarm/bin/../lib/gcc/arm-none-eabi/10.2.0/armv6k/fpu\libgcc.a(_arm_addsubdf3.o)
                0x00000000001004fc                __aeabi_drsub
                0x0000000000100504                __aeabi_dsub
                0x0000000000100504                __subdf3
                0x0000000000100508                __aeabi_dadd
                0x0000000000100508                __adddf3
                0x00000000001007b4                __floatunsidf
                0x00000000001007b4                __aeabi_ui2d
                0x00000000001007d8                __floatsidf
                0x00000000001007d8                __aeabi_i2d
                0x0000000000100800                __aeabi_f2d
                0x0000000000100800                __extendsfdf2
                0x0000000000100848                __floatundidf
                0x0000000000100848                __aeabi_ul2d
                0x000000000010085c                __floatdidf
                0x000000000010085c                __aeabi_l2d
 .text          0x00000000001008bc       0xd4 c:/devkitpro/devkitarm/bin/../lib/gcc/arm-none-eabi/10.2.0/armv6k/fpu\libgcc.a(_aeabi_ldivmod.o)
                0x00000000001008bc                __aeabi_ldivmod
 .text          0x0000000000100990       0x3c c:/devkitpro/devkitarm/bin/../lib/gcc/arm-none-eabi/10.2.0/armv6k/fpu\libgcc.a(_aeabi_uldivmod.o)
                0x0000000000100990                __aeabi_uldivmod
 *fill*         0x00000000001009cc       0x14 
 .text          0x00000000001009e0      0x390 c:/devkitpro/devkitarm/bin/../lib/gcc/arm-none-eabi/10.2.0/../../../../arm-none-eabi/lib/armv6k/fpu\libg.a(lib_a-strcmp.o)
                0x00000000001009e8                strcmp
 *(.text.*)
 .text.__do_global_dtors_aux
                0x0000000000100d70       0x40 c:/devkitpro/devkitarm/bin/../lib/gcc/arm-none-eabi/10.2.0/armv6k/fpu/crtbegin.o
 .text.frame_dummy
                0x0000000000100db0       0x2c c:/devkitpro/devkitarm/bin/../lib/gcc/arm-none-eabi/10.2.0/armv6k/fpu/crtbegin.o
 .text.initKatamari
                0x0000000000100ddc       0xb8 main.o
 .text.initBackground
                0x0000000000100e94       0xd8 main.o
 *fill*         0x0000000000100f6c        0x4 
 .text.initSprites
                0x0000000000100f70      0xed4 main.o
 .text.setKatamariSize
                0x0000000000101e44      0x18c main.o
                0x0000000000101e44                setKatamariSize
 .text.startup.main
                0x0000000000101fd0      0x8ac main.o
                0x0000000000101fd0                main
 .text.C2Di_FrameEndHook
                0x000000000010287c       0x34 C:/devkitPro/libctru/lib\libcitro2d.a(base.o)
 .text.C2D_Init
                0x00000000001028b0      0x330 C:/devkitPro/libctru/lib\libcitro2d.a(base.o)
                0x00000000001028b0                C2D_Init
 .text.C2D_Fini
                0x0000000000102be0       0x44 C:/devkitPro/libctru/lib\libcitro2d.a(base.o)
                0x0000000000102be0                C2D_Fini
 .text.C2D_Prepare
                0x0000000000102c24       0xd0 C:/devkitPro/libctru/lib\libcitro2d.a(base.o)
                0x0000000000102c24                C2D_Prepare
 .text.C2D_Flush
                0x0000000000102cf4       0x3c C:/devkitPro/libctru/lib\libcitro2d.a(base.o)
                0x0000000000102cf4                C2D_Flush
 .text.C2D_SceneSize
                0x0000000000102d30      0x108 C:/devkitPro/libctru/lib\libcitro2d.a(base.o)
                0x0000000000102d30                C2D_SceneSize
 .text.C2D_CreateScreenTarget
                0x0000000000102e38       0x58 C:/devkitPro/libctru/lib\libcitro2d.a(base.o)
                0x0000000000102e38                C2D_CreateScreenTarget
 .text.C2D_TargetClear
                0x0000000000102e90       0x58 C:/devkitPro/libctru/lib\libcitro2d.a(base.o)
                0x0000000000102e90                C2D_TargetClear
 .text.C2Di_CalcQuad
                0x0000000000102ee8      0x13c C:/devkitPro/libctru/lib\libcitro2d.a(base.o)
                0x0000000000102ee8                C2Di_CalcQuad
 .text.C2Di_Update
                0x0000000000103024      0x22c C:/devkitPro/libctru/lib\libcitro2d.a(base.o)
                0x0000000000103024                C2Di_Update
 .text.C2D_DrawImage
                0x0000000000103250      0x2f8 C:/devkitPro/libctru/lib\libcitro2d.a(base.o)
                0x0000000000103250                C2D_DrawImage
 .text.C2D_SpriteSheetLoadFromHandle
                0x0000000000103548       0x6c C:/devkitPro/libctru/lib\libcitro2d.a(spritesheet.o)
                0x0000000000103548                C2D_SpriteSheetLoadFromHandle
 .text.C2D_SpriteSheetLoad
                0x00000000001035b4       0x48 C:/devkitPro/libctru/lib\libcitro2d.a(spritesheet.o)
                0x00000000001035b4                C2D_SpriteSheetLoad
 .text.C2D_SpriteSheetFree
                0x00000000001035fc       0x28 C:/devkitPro/libctru/lib\libcitro2d.a(spritesheet.o)
                0x00000000001035fc                C2D_SpriteSheetFree
 .text.C2D_SpriteSheetGetImage
                0x0000000000103624       0x2c C:/devkitPro/libctru/lib\libcitro2d.a(spritesheet.o)
                0x0000000000103624                C2D_SpriteSheetGetImage
 .text.C3Di_LightEnvUpdate
                0x0000000000103650        0x4 C:/devkitPro/libctru/lib\libcitro3d.a(base.o)
                0x0000000000103650                C3Di_LightEnvUpdate
 .text.C3Di_LightEnvDirty
                0x0000000000103654        0x4 C:/devkitPro/libctru/lib\libcitro3d.a(base.o)
                0x0000000000103654                C3Di_LightEnvDirty
 .text.C3Di_AptEventHook
                0x0000000000103658       0xb4 C:/devkitPro/libctru/lib\libcitro3d.a(base.o)
 .text.C3Di_GasUpdate
                0x000000000010370c        0x4 C:/devkitPro/libctru/lib\libcitro3d.a(base.o)
                0x000000000010370c                C3Di_GasUpdate
 .text.C3D_Init
                0x0000000000103710      0x1e0 C:/devkitPro/libctru/lib\libcitro3d.a(base.o)
                0x0000000000103710                C3D_Init
 .text.C3D_SetViewport
                0x00000000001038f0       0x98 C:/devkitPro/libctru/lib\libcitro3d.a(base.o)
                0x00000000001038f0                C3D_SetViewport
 .text.C3Di_UpdateContext
                0x0000000000103988      0x4ec C:/devkitPro/libctru/lib\libcitro3d.a(base.o)
                0x0000000000103988                C3Di_UpdateContext
 .text.C3Di_SplitFrame
                0x0000000000103e74       0xe0 C:/devkitPro/libctru/lib\libcitro3d.a(base.o)
                0x0000000000103e74                C3Di_SplitFrame
 .text.C3D_Fini
                0x0000000000103f54       0x44 C:/devkitPro/libctru/lib\libcitro3d.a(base.o)
                0x0000000000103f54                C3D_Fini
 .text.C3D_BindProgram
                0x0000000000103f98      0x108 C:/devkitPro/libctru/lib\libcitro3d.a(base.o)
                0x0000000000103f98                C3D_BindProgram
 .text.onVBlank0
                0x00000000001040a0       0x4c C:/devkitPro/libctru/lib\libcitro3d.a(renderqueue.o)
 .text.onVBlank1
                0x00000000001040ec       0x4c C:/devkitPro/libctru/lib\libcitro3d.a(renderqueue.o)
 .text.C3Di_RenderTargetDestroy
                0x0000000000104138       0x80 C:/devkitPro/libctru/lib\libcitro3d.a(renderqueue.o)
 .text.onQueueFinish
                0x00000000001041b8       0xf4 C:/devkitPro/libctru/lib\libcitro3d.a(renderqueue.o)
 .text.C3Di_RenderQueueEnableVBlank
                0x00000000001042ac       0x38 C:/devkitPro/libctru/lib\libcitro3d.a(renderqueue.o)
                0x00000000001042ac                C3Di_RenderQueueEnableVBlank
 .text.C3Di_RenderQueueDisableVBlank
                0x00000000001042e4       0x30 C:/devkitPro/libctru/lib\libcitro3d.a(renderqueue.o)
                0x00000000001042e4                C3Di_RenderQueueDisableVBlank
 .text.C3Di_RenderQueueInit
                0x0000000000104314       0x60 C:/devkitPro/libctru/lib\libcitro3d.a(renderqueue.o)
                0x0000000000104314                C3Di_RenderQueueInit
 .text.C3Di_RenderQueueExit
                0x0000000000104374       0xb0 C:/devkitPro/libctru/lib\libcitro3d.a(renderqueue.o)
                0x0000000000104374                C3Di_RenderQueueExit
 .text.C3Di_RenderQueueWaitDone
                0x0000000000104424       0x34 C:/devkitPro/libctru/lib\libcitro3d.a(renderqueue.o)
                0x0000000000104424                C3Di_RenderQueueWaitDone
 .text.C3D_FrameBegin
                0x0000000000104458       0xe4 C:/devkitPro/libctru/lib\libcitro3d.a(renderqueue.o)
                0x0000000000104458                C3D_FrameBegin
 .text.C3D_FrameDrawOn
                0x000000000010453c       0x48 C:/devkitPro/libctru/lib\libcitro3d.a(renderqueue.o)
                0x000000000010453c                C3D_FrameDrawOn
 .text.C3D_FrameSplit
                0x0000000000104584       0x58 C:/devkitPro/libctru/lib\libcitro3d.a(renderqueue.o)
                0x0000000000104584                C3D_FrameSplit
 .text.C3D_FrameEnd
                0x00000000001045dc      0x1d8 C:/devkitPro/libctru/lib\libcitro3d.a(renderqueue.o)
                0x00000000001045dc                C3D_FrameEnd
 .text.C3D_FrameEndHook
                0x00000000001047b4       0x1c C:/devkitPro/libctru/lib\libcitro3d.a(renderqueue.o)
                0x00000000001047b4                C3D_FrameEndHook
 .text.C3D_RenderTargetCreate
                0x00000000001047d0      0x128 C:/devkitPro/libctru/lib\libcitro3d.a(renderqueue.o)
                0x00000000001047d0                C3D_RenderTargetCreate
 .text.C3D_RenderTargetSetOutput
                0x00000000001048f8       0xa8 C:/devkitPro/libctru/lib\libcitro3d.a(renderqueue.o)
                0x00000000001048f8                C3D_RenderTargetSetOutput
 .text.C3D_SyncTextureCopy
                0x00000000001049a0       0xfc C:/devkitPro/libctru/lib\libcitro3d.a(renderqueue.o)
                0x00000000001049a0                C3D_SyncTextureCopy
 .text.C3D_TexInitWithParams
                0x0000000000104a9c      0x2a0 C:/devkitPro/libctru/lib\libcitro3d.a(texture.o)
                0x0000000000104a9c                C3D_TexInitWithParams
 .text.C3D_TexLoadImage
                0x0000000000104d3c       0xc8 C:/devkitPro/libctru/lib\libcitro3d.a(texture.o)
                0x0000000000104d3c                C3D_TexLoadImage
 .text.C3D_TexBind
                0x0000000000104e04       0x44 C:/devkitPro/libctru/lib\libcitro3d.a(texture.o)
                0x0000000000104e04                C3D_TexBind
 .text.C3D_TexDelete
                0x0000000000104e48       0x74 C:/devkitPro/libctru/lib\libcitro3d.a(texture.o)
                0x0000000000104e48                C3D_TexDelete
 .text.C3Di_SetTex
                0x0000000000104ebc      0x16c C:/devkitPro/libctru/lib\libcitro3d.a(texture.o)
                0x0000000000104ebc                C3Di_SetTex
 .text.Tex3DSi_ImportCommon
                0x0000000000105028      0x3f4 C:/devkitPro/libctru/lib\libcitro3d.a(tex3ds.o)
 .text.Tex3DS_TextureImportStdio
                0x000000000010541c       0x38 C:/devkitPro/libctru/lib\libcitro3d.a(tex3ds.o)
                0x000000000010541c                Tex3DS_TextureImportStdio
 .text.Tex3DS_GetSubTexture
                0x0000000000105454       0x1c C:/devkitPro/libctru/lib\libcitro3d.a(tex3ds.o)
                0x0000000000105454                Tex3DS_GetSubTexture
 .text.Tex3DS_TextureFree
                0x0000000000105470        0x4 C:/devkitPro/libctru/lib\libcitro3d.a(tex3ds.o)
                0x0000000000105470                Tex3DS_TextureFree
 .text.C3D_CalcColorBufSize
                0x0000000000105474       0x1c C:/devkitPro/libctru/lib\libcitro3d.a(framebuffer.o)
                0x0000000000105474                C3D_CalcColorBufSize
 .text.C3D_CalcDepthBufSize
                0x0000000000105490       0x1c C:/devkitPro/libctru/lib\libcitro3d.a(framebuffer.o)
                0x0000000000105490                C3D_CalcDepthBufSize
 .text.C3D_SetFrameBuf
                0x00000000001054ac       0x44 C:/devkitPro/libctru/lib\libcitro3d.a(framebuffer.o)
                0x00000000001054ac                C3D_SetFrameBuf
 .text.C3Di_FrameBufBind
                0x00000000001054f0      0x16c C:/devkitPro/libctru/lib\libcitro3d.a(framebuffer.o)
                0x00000000001054f0                C3Di_FrameBufBind
 .text.C3D_FrameBufClear
                0x000000000010565c       0xcc C:/devkitPro/libctru/lib\libcitro3d.a(framebuffer.o)
                0x000000000010565c                C3D_FrameBufClear
 .text.C3D_FrameBufTransfer
                0x0000000000105728       0x44 C:/devkitPro/libctru/lib\libcitro3d.a(framebuffer.o)
                0x0000000000105728                C3D_FrameBufTransfer
 .text.C3D_GetTexEnv
                0x000000000010576c       0x34 C:/devkitPro/libctru/lib\libcitro3d.a(texenv.o)
                0x000000000010576c                C3D_GetTexEnv
 .text.C3Di_TexEnvBind
                0x00000000001057a0       0x24 C:/devkitPro/libctru/lib\libcitro3d.a(texenv.o)
                0x00000000001057a0                C3Di_TexEnvBind
 .text.C3D_ProcTexInit
                0x00000000001057c4       0x70 C:/devkitPro/libctru/lib\libcitro3d.a(proctex.o)
                0x00000000001057c4                C3D_ProcTexInit
 .text.C3D_ProcTexBind
                0x0000000000105834       0x54 C:/devkitPro/libctru/lib\libcitro3d.a(proctex.o)
                0x0000000000105834                C3D_ProcTexBind
 .text.C3D_ProcTexLutBind
                0x0000000000105888       0x5c C:/devkitPro/libctru/lib\libcitro3d.a(proctex.o)
                0x0000000000105888                C3D_ProcTexLutBind
 .text.ProcTexLut_FromArray
                0x00000000001058e4       0xa4 C:/devkitPro/libctru/lib\libcitro3d.a(proctex.o)
                0x00000000001058e4                ProcTexLut_FromArray
 .text.C3Di_ProcTexUpdate
                0x0000000000105988      0x17c C:/devkitPro/libctru/lib\libcitro3d.a(proctex.o)
                0x0000000000105988                C3Di_ProcTexUpdate
 .text.C3Di_ProcTexDirty
                0x0000000000105b04       0x68 C:/devkitPro/libctru/lib\libcitro3d.a(proctex.o)
                0x0000000000105b04                C3Di_ProcTexDirty
 .text.BufInfo_Init
                0x0000000000105b6c       0x24 C:/devkitPro/libctru/lib\libcitro3d.a(buffers.o)
                0x0000000000105b6c                BufInfo_Init
 .text.BufInfo_Add
                0x0000000000105b90       0x80 C:/devkitPro/libctru/lib\libcitro3d.a(buffers.o)
                0x0000000000105b90                BufInfo_Add
 .text.C3D_SetBufInfo
                0x0000000000105c10       0x40 C:/devkitPro/libctru/lib\libcitro3d.a(buffers.o)
                0x0000000000105c10                C3D_SetBufInfo
 .text.C3Di_BufInfoBind
                0x0000000000105c50       0x48 C:/devkitPro/libctru/lib\libcitro3d.a(buffers.o)
                0x0000000000105c50                C3Di_BufInfoBind
 .text.C3D_DrawArrays
                0x0000000000105c98      0x148 C:/devkitPro/libctru/lib\libcitro3d.a(drawArrays.o)
                0x0000000000105c98                C3D_DrawArrays
 .text.C3D_DepthMap
                0x0000000000105de0       0x40 C:/devkitPro/libctru/lib\libcitro3d.a(effect.o)
                0x0000000000105de0                C3D_DepthMap
 .text.C3D_CullFace
                0x0000000000105e20       0x1c C:/devkitPro/libctru/lib\libcitro3d.a(effect.o)
                0x0000000000105e20                C3D_CullFace
 .text.C3D_StencilTest
                0x0000000000105e3c       0x40 C:/devkitPro/libctru/lib\libcitro3d.a(effect.o)
                0x0000000000105e3c                C3D_StencilTest
 .text.C3D_StencilOp
                0x0000000000105e7c       0x24 C:/devkitPro/libctru/lib\libcitro3d.a(effect.o)
                0x0000000000105e7c                C3D_StencilOp
 .text.C3D_BlendingColor
                0x0000000000105ea0       0x1c C:/devkitPro/libctru/lib\libcitro3d.a(effect.o)
                0x0000000000105ea0                C3D_BlendingColor
 .text.C3D_EarlyDepthTest
                0x0000000000105ebc       0x24 C:/devkitPro/libctru/lib\libcitro3d.a(effect.o)
                0x0000000000105ebc                C3D_EarlyDepthTest
 .text.C3D_DepthTest
                0x0000000000105ee0       0x2c C:/devkitPro/libctru/lib\libcitro3d.a(effect.o)
                0x0000000000105ee0                C3D_DepthTest
 .text.C3D_AlphaTest
                0x0000000000105f0c       0x2c C:/devkitPro/libctru/lib\libcitro3d.a(effect.o)
                0x0000000000105f0c                C3D_AlphaTest
 .text.C3D_AlphaBlend
                0x0000000000105f38       0x50 C:/devkitPro/libctru/lib\libcitro3d.a(effect.o)
                0x0000000000105f38                C3D_AlphaBlend
 .text.C3D_FragOpMode
                0x0000000000105f88       0x30 C:/devkitPro/libctru/lib\libcitro3d.a(effect.o)
                0x0000000000105f88                C3D_FragOpMode
 .text.C3D_FragOpShadow
                0x0000000000105fb8       0x44 C:/devkitPro/libctru/lib\libcitro3d.a(effect.o)
                0x0000000000105fb8                C3D_FragOpShadow
 .text.C3Di_EffectBind
                0x0000000000105ffc      0x1ac C:/devkitPro/libctru/lib\libcitro3d.a(effect.o)
                0x0000000000105ffc                C3Di_EffectBind
 .text.AttrInfo_Init
                0x00000000001061a8       0x28 C:/devkitPro/libctru/lib\libcitro3d.a(attribs.o)
                0x00000000001061a8                AttrInfo_Init
 .text.AttrInfo_AddLoader
                0x00000000001061d0       0x98 C:/devkitPro/libctru/lib\libcitro3d.a(attribs.o)
                0x00000000001061d0                AttrInfo_AddLoader
 .text.C3D_SetAttrInfo
                0x0000000000106268       0x54 C:/devkitPro/libctru/lib\libcitro3d.a(attribs.o)
                0x0000000000106268                C3D_SetAttrInfo
 .text.C3Di_AttrInfoBind
                0x00000000001062bc       0x80 C:/devkitPro/libctru/lib\libcitro3d.a(attribs.o)
                0x00000000001062bc                C3Di_AttrInfoBind
 .text.C3D_ImmSendAttrib
                0x000000000010633c       0xa8 C:/devkitPro/libctru/lib\libcitro3d.a(immediate.o)
                0x000000000010633c                C3D_ImmSendAttrib
 .text.C3D_UpdateUniforms
                0x00000000001063e4      0x29c C:/devkitPro/libctru/lib\libcitro3d.a(uniforms.o)
                0x00000000001063e4                C3D_UpdateUniforms
 .text.C3Di_DirtyUniforms
                0x0000000000106680       0xc0 C:/devkitPro/libctru/lib\libcitro3d.a(uniforms.o)
                0x0000000000106680                C3Di_DirtyUniforms
 .text.C3Di_LoadShaderUniforms
                0x0000000000106740       0xd8 C:/devkitPro/libctru/lib\libcitro3d.a(uniforms.o)
                0x0000000000106740                C3Di_LoadShaderUniforms
 .text.C3Di_ClearShaderUniforms
                0x0000000000106818       0x28 C:/devkitPro/libctru/lib\libcitro3d.a(uniforms.o)
                0x0000000000106818                C3Di_ClearShaderUniforms
 .text.Mtx_Ortho
                0x0000000000106840       0xcc C:/devkitPro/libctru/lib\libcitro3d.a(mtx_ortho.o)
                0x0000000000106840                Mtx_Ortho
 .text.Mtx_OrthoTilt
                0x000000000010690c       0xcc C:/devkitPro/libctru/lib\libcitro3d.a(mtx_orthotilt.o)
                0x000000000010690c                Mtx_OrthoTilt
 .text._ZL21addrMapNodeComparatorPK11rbtree_nodeS1_
                0x00000000001069d8       0x24 C:/devkitPro/libctru/lib\libctru.a(vram.o)
 .text._ZL21addrMapNodeDestructorP11rbtree_node
                0x00000000001069fc        0x4 C:/devkitPro/libctru/lib\libctru.a(vram.o)
 .text.vramMemAlign
                0x0000000000106a00      0x114 C:/devkitPro/libctru/lib\libctru.a(vram.o)
                0x0000000000106a00                vramMemAlign
 .text.vramAlloc
                0x0000000000106b14        0x8 C:/devkitPro/libctru/lib\libctru.a(vram.o)
                0x0000000000106b14                vramAlloc
 .text.vramFree
                0x0000000000106b1c       0x5c C:/devkitPro/libctru/lib\libctru.a(vram.o)
                0x0000000000106b1c                vramFree
 .text._ZL21addrMapNodeComparatorPK11rbtree_nodeS1_
                0x0000000000106b78       0x24 C:/devkitPro/libctru/lib\libctru.a(linear.o)
 .text._ZL21addrMapNodeDestructorP11rbtree_node
                0x0000000000106b9c        0x4 C:/devkitPro/libctru/lib\libctru.a(linear.o)
 .text.linearMemAlign
                0x0000000000106ba0      0x120 C:/devkitPro/libctru/lib\libctru.a(linear.o)
                0x0000000000106ba0                linearMemAlign
 .text.linearAlloc
                0x0000000000106cc0        0x8 C:/devkitPro/libctru/lib\libctru.a(linear.o)
                0x0000000000106cc0                linearAlloc
 .text.linearFree
                0x0000000000106cc8       0x5c C:/devkitPro/libctru/lib\libctru.a(linear.o)
                0x0000000000106cc8                linearFree
 .text._ZN7MemPool13CoalesceRightEP8MemBlock
                0x0000000000106d24       0x84 C:/devkitPro/libctru/lib\libctru.a(mem_pool.o)
                0x0000000000106d24                MemPool::CoalesceRight(MemBlock*)
 .text._ZN7MemPool8AllocateER8MemChunkmi
                0x0000000000106da8      0x170 C:/devkitPro/libctru/lib\libctru.a(mem_pool.o)
                0x0000000000106da8                MemPool::Allocate(MemChunk&, unsigned long, int)
 .text._ZN7MemPool10DeallocateERK8MemChunk
                0x0000000000106f18       0xfc C:/devkitPro/libctru/lib\libctru.a(mem_pool.o)
                0x0000000000106f18                MemPool::Deallocate(MemChunk const&)
 .text.romfs_close
                0x0000000000107014        0x8 C:/devkitPro/libctru/lib\libctru.a(romfs_dev.o)
 .text.romfs_seek
                0x000000000010701c       0xc8 C:/devkitPro/libctru/lib\libctru.a(romfs_dev.o)
 .text.romfs_dirreset
                0x00000000001070e4       0x24 C:/devkitPro/libctru/lib\libctru.a(romfs_dev.o)
 .text.fill_dir
                0x0000000000107108       0xc8 C:/devkitPro/libctru/lib\libctru.a(romfs_dev.o)
 .text.romfs_dirnext
                0x00000000001071d0      0x2b0 C:/devkitPro/libctru/lib\libctru.a(romfs_dev.o)
 .text.romfs_free
                0x0000000000107480       0x84 C:/devkitPro/libctru/lib\libctru.a(romfs_dev.o)
 .text.searchForFile.constprop.0
                0x0000000000107504       0xd4 C:/devkitPro/libctru/lib\libctru.a(romfs_dev.o)
 .text.searchForDir.constprop.0
                0x00000000001075d8       0xd8 C:/devkitPro/libctru/lib\libctru.a(romfs_dev.o)
 .text.navigateToDir.constprop.0
                0x00000000001076b0      0x1c0 C:/devkitPro/libctru/lib\libctru.a(romfs_dev.o)
 .text.romfs_open
                0x0000000000107870      0x128 C:/devkitPro/libctru/lib\libctru.a(romfs_dev.o)
 .text.romfs_chdir
                0x0000000000107998       0x4c C:/devkitPro/libctru/lib\libctru.a(romfs_dev.o)
 .text.romfs_diropen
                0x00000000001079e4       0x70 C:/devkitPro/libctru/lib\libctru.a(romfs_dev.o)
 .text.romfs_stat
                0x0000000000107a54      0x17c C:/devkitPro/libctru/lib\libctru.a(romfs_dev.o)
 .text.romfs_dirclose
                0x0000000000107bd0        0x8 C:/devkitPro/libctru/lib\libctru.a(romfs_dev.o)
 .text.romfs_fstat
                0x0000000000107bd8       0x7c C:/devkitPro/libctru/lib\libctru.a(romfs_dev.o)
 .text.romfs_read
                0x0000000000107c54       0xd4 C:/devkitPro/libctru/lib\libctru.a(romfs_dev.o)
 .text.romfsMountFromFile
                0x0000000000107d28      0x290 C:/devkitPro/libctru/lib\libctru.a(romfs_dev.o)
                0x0000000000107d28                romfsMountFromFile
 .text.romfsMountFromCurrentProcess
                0x0000000000107fb8       0x98 C:/devkitPro/libctru/lib\libctru.a(romfs_dev.o)
                0x0000000000107fb8                romfsMountFromCurrentProcess
 .text.romfsMountSelf
                0x0000000000108050      0x25c C:/devkitPro/libctru/lib\libctru.a(romfs_dev.o)
                0x0000000000108050                romfsMountSelf
 .text.romfsUnmount
                0x00000000001082ac       0xac C:/devkitPro/libctru/lib\libctru.a(romfs_dev.o)
                0x00000000001082ac                romfsUnmount
 .text.osConvertVirtToPhys
                0x0000000000108358       0x74 C:/devkitPro/libctru/lib\libctru.a(os.o)
                0x0000000000108358                osConvertVirtToPhys
 .text.osGetTimeRef
                0x00000000001083cc       0x54 C:/devkitPro/libctru/lib\libctru.a(os.o)
                0x00000000001083cc                osGetTimeRef
 .text.osGetTime
                0x0000000000108420       0xe4 C:/devkitPro/libctru/lib\libctru.a(os.o)
                0x0000000000108420                osGetTime
 .text.__libctru_gtod
                0x0000000000108504       0x74 C:/devkitPro/libctru/lib\libctru.a(os.o)
                0x0000000000108504                __libctru_gtod
 .text.__ctru_speedup_config
                0x0000000000108578       0x34 C:/devkitPro/libctru/lib\libctru.a(os.o)
                0x0000000000108578                __ctru_speedup_config
 .text.consoleDrawChar
                0x00000000001085ac      0x178 C:/devkitPro/libctru/lib\libctru.a(console.o)
                0x00000000001085ac                consoleDrawChar
 .text.consolePrintChar
                0x0000000000108724      0x124 C:/devkitPro/libctru/lib\libctru.a(console.o)
                0x0000000000108724                consolePrintChar
 .text.con_write
                0x0000000000108848      0xa00 C:/devkitPro/libctru/lib\libctru.a(console.o)
                0x0000000000108848                con_write
 .text.consoleInit
                0x0000000000109248      0x168 C:/devkitPro/libctru/lib\libctru.a(console.o)
                0x0000000000109248                consoleInit
 .text.newRow   0x00000000001093b0       0xf4 C:/devkitPro/libctru/lib\libctru.a(console.o)
 .text.gfxPresentFramebuffer
                0x00000000001094a4       0xd0 C:/devkitPro/libctru/lib\libctru.a(gfx.o)
 .text.gfxIsWide
                0x0000000000109574       0x1c C:/devkitPro/libctru/lib\libctru.a(gfx.o)
                0x0000000000109574                gfxIsWide
 .text.gfxSetScreenFormat
                0x0000000000109590       0xec C:/devkitPro/libctru/lib\libctru.a(gfx.o)
                0x0000000000109590                gfxSetScreenFormat
 .text.gfxSetDoubleBuffering
                0x000000000010967c       0x10 C:/devkitPro/libctru/lib\libctru.a(gfx.o)
                0x000000000010967c                gfxSetDoubleBuffering
 .text.gfxInit  0x000000000010968c      0x108 C:/devkitPro/libctru/lib\libctru.a(gfx.o)
                0x000000000010968c                gfxInit
 .text.gfxInitDefault
                0x0000000000109794       0x10 C:/devkitPro/libctru/lib\libctru.a(gfx.o)
                0x0000000000109794                gfxInitDefault
 .text.gfxExit  0x00000000001097a4       0xb4 C:/devkitPro/libctru/lib\libctru.a(gfx.o)
                0x00000000001097a4                gfxExit
 .text.gfxGetFramebuffer
                0x0000000000109858       0xa0 C:/devkitPro/libctru/lib\libctru.a(gfx.o)
                0x0000000000109858                gfxGetFramebuffer
 .text.gfxFlushBuffers
                0x00000000001098f8      0x10c C:/devkitPro/libctru/lib\libctru.a(gfx.o)
                0x00000000001098f8                gfxFlushBuffers
 .text.gfxScreenSwapBuffers
                0x0000000000109a04       0x30 C:/devkitPro/libctru/lib\libctru.a(gfx.o)
                0x0000000000109a04                gfxScreenSwapBuffers
 .text.gfxSwapBuffersGpu
                0x0000000000109a34       0x50 C:/devkitPro/libctru/lib\libctru.a(gfx.o)
                0x0000000000109a34                gfxSwapBuffersGpu
 .text.shaderInstanceInit
                0x0000000000109a84      0x1e0 C:/devkitPro/libctru/lib\libctru.a(shaderProgram.o)
                0x0000000000109a84                shaderInstanceInit
 .text.shaderInstanceGetUniformLocation
                0x0000000000109c64       0x18 C:/devkitPro/libctru/lib\libctru.a(shaderProgram.o)
                0x0000000000109c64                shaderInstanceGetUniformLocation
 .text.shaderProgramInit
                0x0000000000109c7c       0x1c C:/devkitPro/libctru/lib\libctru.a(shaderProgram.o)
                0x0000000000109c7c                shaderProgramInit
 .text.shaderProgramFree
                0x0000000000109c98       0x64 C:/devkitPro/libctru/lib\libctru.a(shaderProgram.o)
                0x0000000000109c98                shaderProgramFree
 .text.shaderProgramSetVsh
                0x0000000000109cfc       0x80 C:/devkitPro/libctru/lib\libctru.a(shaderProgram.o)
                0x0000000000109cfc                shaderProgramSetVsh
 .text.shaderProgramConfigure
                0x0000000000109d7c      0x8c0 C:/devkitPro/libctru/lib\libctru.a(shaderProgram.o)
                0x0000000000109d7c                shaderProgramConfigure
 .text.DVLE_GenerateOutmap.part.0
                0x000000000010a63c      0x1f8 C:/devkitPro/libctru/lib\libctru.a(shbin.o)
 .text.DVLB_ParseFile
                0x000000000010a834      0x1cc C:/devkitPro/libctru/lib\libctru.a(shbin.o)
                0x000000000010a834                DVLB_ParseFile
 .text.DVLB_Free
                0x000000000010aa00       0x38 C:/devkitPro/libctru/lib\libctru.a(shbin.o)
                0x000000000010aa00                DVLB_Free
 .text.DVLE_GetUniformRegister
                0x000000000010aa38       0x74 C:/devkitPro/libctru/lib\libctru.a(shbin.o)
                0x000000000010aa38                DVLE_GetUniformRegister
 .text.GX_BindQueue
                0x000000000010aaac       0x10 C:/devkitPro/libctru/lib\libctru.a(gx.o)
                0x000000000010aaac                GX_BindQueue
 .text.GX_ProcessCommandList
                0x000000000010aabc       0x78 C:/devkitPro/libctru/lib\libctru.a(gx.o)
                0x000000000010aabc                GX_ProcessCommandList
 .text.GX_MemoryFill
                0x000000000010ab34       0x74 C:/devkitPro/libctru/lib\libctru.a(gx.o)
                0x000000000010ab34                GX_MemoryFill
 .text.GX_DisplayTransfer
                0x000000000010aba8       0x70 C:/devkitPro/libctru/lib\libctru.a(gx.o)
                0x000000000010aba8                GX_DisplayTransfer
 .text.GX_TextureCopy
                0x000000000010ac18       0x74 C:/devkitPro/libctru/lib\libctru.a(gx.o)
                0x000000000010ac18                GX_TextureCopy
 .text.gxCmdQueueDoCommands.part.0
                0x000000000010ac8c       0x68 C:/devkitPro/libctru/lib\libctru.a(gxqueue.o)
 .text.gxCmdQueueInterrupt
                0x000000000010acf4       0xc8 C:/devkitPro/libctru/lib\libctru.a(gxqueue.o)
                0x000000000010acf4                gxCmdQueueInterrupt
 .text.gxCmdQueueClear
                0x000000000010adbc       0x4c C:/devkitPro/libctru/lib\libctru.a(gxqueue.o)
                0x000000000010adbc                gxCmdQueueClear
 .text.gxCmdQueueAdd
                0x000000000010ae08       0xf8 C:/devkitPro/libctru/lib\libctru.a(gxqueue.o)
                0x000000000010ae08                gxCmdQueueAdd
 .text.gxCmdQueueRun
                0x000000000010af00       0x80 C:/devkitPro/libctru/lib\libctru.a(gxqueue.o)
                0x000000000010af00                gxCmdQueueRun
 .text.gxCmdQueueStop
                0x000000000010af80       0x60 C:/devkitPro/libctru/lib\libctru.a(gxqueue.o)
                0x000000000010af80                gxCmdQueueStop
 .text.gxCmdQueueWait
                0x000000000010afe0       0x74 C:/devkitPro/libctru/lib\libctru.a(gxqueue.o)
                0x000000000010afe0                gxCmdQueueWait
 .text.GPUCMD_Add
                0x000000000010b054      0x13c C:/devkitPro/libctru/lib\libctru.a(gpu.o)
                0x000000000010b054                GPUCMD_Add
 .text.GPUCMD_Split
                0x000000000010b190       0xac C:/devkitPro/libctru/lib\libctru.a(gpu.o)
                0x000000000010b190                GPUCMD_Split
 .text.f32tof16
                0x000000000010b23c       0x40 C:/devkitPro/libctru/lib\libctru.a(gpu.o)
                0x000000000010b23c                f32tof16
 .text.f32tof24
                0x000000000010b27c       0x40 C:/devkitPro/libctru/lib\libctru.a(gpu.o)
                0x000000000010b27c                f32tof24
 .text.f32tof31
                0x000000000010b2bc       0x44 C:/devkitPro/libctru/lib\libctru.a(gpu.o)
                0x000000000010b2bc                f32tof31
 .text.gspHardwareInit
                0x000000000010b300      0xc58 C:/devkitPro/libctru/lib\libctru.a(gspgpu.o)
 .text.gspInit  0x000000000010bf58      0x254 C:/devkitPro/libctru/lib\libctru.a(gspgpu.o)
                0x000000000010bf58                gspInit
 .text.gspExit  0x000000000010c1ac       0xf0 C:/devkitPro/libctru/lib\libctru.a(gspgpu.o)
                0x000000000010c1ac                gspExit
 .text.gspHasGpuRight
                0x000000000010c29c       0x10 C:/devkitPro/libctru/lib\libctru.a(gspgpu.o)
                0x000000000010c29c                gspHasGpuRight
 .text.gspPresentBuffer
                0x000000000010c2ac       0x98 C:/devkitPro/libctru/lib\libctru.a(gspgpu.o)
                0x000000000010c2ac                gspPresentBuffer
 .text.gspSetEventCallback
                0x000000000010c344       0x30 C:/devkitPro/libctru/lib\libctru.a(gspgpu.o)
                0x000000000010c344                gspSetEventCallback
 .text.gspWaitForEvent
                0x000000000010c374       0x50 C:/devkitPro/libctru/lib\libctru.a(gspgpu.o)
                0x000000000010c374                gspWaitForEvent
 .text.gspWaitForAnyEvent
                0x000000000010c3c4       0x4c C:/devkitPro/libctru/lib\libctru.a(gspgpu.o)
                0x000000000010c3c4                gspWaitForAnyEvent
 .text.gspEventThreadMain
                0x000000000010c410      0x160 C:/devkitPro/libctru/lib\libctru.a(gspgpu.o)
 .text.gspSubmitGxCommand
                0x000000000010c570      0x130 C:/devkitPro/libctru/lib\libctru.a(gspgpu.o)
                0x000000000010c570                gspSubmitGxCommand
 .text.GSPGPU_FlushDataCache
                0x000000000010c6a0       0x50 C:/devkitPro/libctru/lib\libctru.a(gspgpu.o)
                0x000000000010c6a0                GSPGPU_FlushDataCache
 .text.GSPGPU_SetLcdForceBlack
                0x000000000010c6f0       0x34 C:/devkitPro/libctru/lib\libctru.a(gspgpu.o)
                0x000000000010c6f0                GSPGPU_SetLcdForceBlack
 .text.GSPGPU_AcquireRight
                0x000000000010c724       0x68 C:/devkitPro/libctru/lib\libctru.a(gspgpu.o)
                0x000000000010c724                GSPGPU_AcquireRight
 .text.GSPGPU_ReleaseRight
                0x000000000010c78c       0x48 C:/devkitPro/libctru/lib\libctru.a(gspgpu.o)
                0x000000000010c78c                GSPGPU_ReleaseRight
 .text.GSPGPU_ImportDisplayCaptureInfo
                0x000000000010c7d4       0x7c C:/devkitPro/libctru/lib\libctru.a(gspgpu.o)
                0x000000000010c7d4                GSPGPU_ImportDisplayCaptureInfo
 .text.GSPGPU_SaveVramSysArea
                0x000000000010c850       0x2c C:/devkitPro/libctru/lib\libctru.a(gspgpu.o)
                0x000000000010c850                GSPGPU_SaveVramSysArea
 .text.GSPGPU_RestoreVramSysArea
                0x000000000010c87c       0x2c C:/devkitPro/libctru/lib\libctru.a(gspgpu.o)
                0x000000000010c87c                GSPGPU_RestoreVramSysArea
 .text.aptConvertScreenForCapture
                0x000000000010c8a8      0x1b0 C:/devkitPro/libctru/lib\libctru.a(apt.o)
 .text.aptDspSleep
                0x000000000010ca58        0x8 C:/devkitPro/libctru/lib\libctru.a(apt.o)
                0x000000000010ca58                aptDspSleep
 .text.aptDspWakeup
                0x000000000010ca60        0x4 C:/devkitPro/libctru/lib\libctru.a(apt.o)
                0x000000000010ca60                aptDspWakeup
 .text.aptDspCancel
                0x000000000010ca64        0x4 C:/devkitPro/libctru/lib\libctru.a(apt.o)
                0x000000000010ca64                aptDspCancel
 .text.aptSendCommand
                0x000000000010ca68      0x15c C:/devkitPro/libctru/lib\libctru.a(apt.o)
                0x000000000010ca68                aptSendCommand
 .text.aptExitProcess
                0x000000000010cbc4       0x38 C:/devkitPro/libctru/lib\libctru.a(apt.o)
 .text.aptExit  0x000000000010cbfc      0x2f0 C:/devkitPro/libctru/lib\libctru.a(apt.o)
                0x000000000010cbfc                aptExit
 .text.aptHandleSleep
                0x000000000010ceec       0xd8 C:/devkitPro/libctru/lib\libctru.a(apt.o)
                0x000000000010ceec                aptHandleSleep
 .text.aptHook  0x000000000010cfc4       0x30 C:/devkitPro/libctru/lib\libctru.a(apt.o)
                0x000000000010cfc4                aptHook
 .text.aptUnhook
                0x000000000010cff4       0x30 C:/devkitPro/libctru/lib\libctru.a(apt.o)
                0x000000000010cff4                aptUnhook
 .text.APT_SleepIfShellClosed
                0x000000000010d024       0x84 C:/devkitPro/libctru/lib\libctru.a(apt.o)
                0x000000000010d024                APT_SleepIfShellClosed
 .text.aptSetSleepAllowed
                0x000000000010d0a8       0x84 C:/devkitPro/libctru/lib\libctru.a(apt.o)
                0x000000000010d0a8                aptSetSleepAllowed
 .text.APT_UnlockTransition
                0x000000000010d12c       0x84 C:/devkitPro/libctru/lib\libctru.a(apt.o)
                0x000000000010d12c                APT_UnlockTransition
 .text.aptEventHandler
                0x000000000010d1b0      0x484 C:/devkitPro/libctru/lib\libctru.a(apt.o)
 .text.APT_ReceiveParameter
                0x000000000010d634       0xb0 C:/devkitPro/libctru/lib\libctru.a(apt.o)
                0x000000000010d634                APT_ReceiveParameter
 .text.aptReceiveParameter.constprop.0
                0x000000000010d6e4       0xb0 C:/devkitPro/libctru/lib\libctru.a(apt.o)
 *fill*         0x000000000010d794        0x4 
 .text.aptScreenTransfer
                0x000000000010d798      0x2bc C:/devkitPro/libctru/lib\libctru.a(apt.o)
 .text.aptWaitForWakeUp.isra.0
                0x000000000010da54      0x2d0 C:/devkitPro/libctru/lib\libctru.a(apt.o)
 .text.aptJumpToHomeMenu
                0x000000000010dd24       0xf8 C:/devkitPro/libctru/lib\libctru.a(apt.o)
                0x000000000010dd24                aptJumpToHomeMenu
 .text.aptMainLoop
                0x000000000010de1c       0x4c C:/devkitPro/libctru/lib\libctru.a(apt.o)
                0x000000000010de1c                aptMainLoop
 .text.aptInit  0x000000000010de68      0x234 C:/devkitPro/libctru/lib\libctru.a(apt.o)
                0x000000000010de68                aptInit
 .text.APT_CheckNew3DS
                0x000000000010e09c       0x7c C:/devkitPro/libctru/lib\libctru.a(apt.o)
                0x000000000010e09c                APT_CheckNew3DS
 .text.hidShouldUseIrrst
                0x000000000010e118       0x24 C:/devkitPro/libctru/lib\libctru.a(hid.o)
                0x000000000010e118                hidShouldUseIrrst
 .text.hidInit  0x000000000010e13c      0x18c C:/devkitPro/libctru/lib\libctru.a(hid.o)
                0x000000000010e13c                hidInit
 .text.hidExit  0x000000000010e2c8       0xe8 C:/devkitPro/libctru/lib\libctru.a(hid.o)
                0x000000000010e2c8                hidExit
 .text.hidScanInput
                0x000000000010e3b0      0x294 C:/devkitPro/libctru/lib\libctru.a(hid.o)
                0x000000000010e3b0                hidScanInput
 .text.hidKeysHeld
                0x000000000010e644       0x10 C:/devkitPro/libctru/lib\libctru.a(hid.o)
                0x000000000010e644                hidKeysHeld
 .text.hidKeysDown
                0x000000000010e654       0x10 C:/devkitPro/libctru/lib\libctru.a(hid.o)
                0x000000000010e654                hidKeysDown
 .text.ptmSysmInit
                0x000000000010e664       0x74 C:/devkitPro/libctru/lib\libctru.a(ptmsysm.o)
                0x000000000010e664                ptmSysmInit
 .text.ptmSysmExit
                0x000000000010e6d8       0x3c C:/devkitPro/libctru/lib\libctru.a(ptmsysm.o)
                0x000000000010e6d8                ptmSysmExit
 .text.PTMSYSM_ConfigureNew3DSCPU
                0x000000000010e714       0x34 C:/devkitPro/libctru/lib\libctru.a(ptmsysm.o)
                0x000000000010e714                PTMSYSM_ConfigureNew3DSCPU
 .text.fsInit   0x000000000010e748       0xc8 C:/devkitPro/libctru/lib\libctru.a(fs.o)
                0x000000000010e748                fsInit
 .text.fsExit   0x000000000010e810       0x3c C:/devkitPro/libctru/lib\libctru.a(fs.o)
                0x000000000010e810                fsExit
 .text.fsExemptFromSession
                0x000000000010e84c       0x60 C:/devkitPro/libctru/lib\libctru.a(fs.o)
                0x000000000010e84c                fsExemptFromSession
 .text.fsUnexemptFromSession
                0x000000000010e8ac       0x50 C:/devkitPro/libctru/lib\libctru.a(fs.o)
                0x000000000010e8ac                fsUnexemptFromSession
 .text.FSUSER_OpenFile
                0x000000000010e8fc       0xcc C:/devkitPro/libctru/lib\libctru.a(fs.o)
                0x000000000010e8fc                FSUSER_OpenFile
 .text.FSUSER_OpenFileDirectly
                0x000000000010e9c8       0xd4 C:/devkitPro/libctru/lib\libctru.a(fs.o)
                0x000000000010e9c8                FSUSER_OpenFileDirectly
 .text.FSUSER_DeleteFile
                0x000000000010ea9c       0xbc C:/devkitPro/libctru/lib\libctru.a(fs.o)
                0x000000000010ea9c                FSUSER_DeleteFile
 .text.FSUSER_RenameFile
                0x000000000010eb58       0xf8 C:/devkitPro/libctru/lib\libctru.a(fs.o)
                0x000000000010eb58                FSUSER_RenameFile
 .text.FSUSER_DeleteDirectory
                0x000000000010ec50       0xbc C:/devkitPro/libctru/lib\libctru.a(fs.o)
                0x000000000010ec50                FSUSER_DeleteDirectory
 .text.FSUSER_CreateFile
                0x000000000010ed0c       0xd4 C:/devkitPro/libctru/lib\libctru.a(fs.o)
                0x000000000010ed0c                FSUSER_CreateFile
 .text.FSUSER_CreateDirectory
                0x000000000010ede0       0xc4 C:/devkitPro/libctru/lib\libctru.a(fs.o)
                0x000000000010ede0                FSUSER_CreateDirectory
 .text.FSUSER_RenameDirectory
                0x000000000010eea4       0xf8 C:/devkitPro/libctru/lib\libctru.a(fs.o)
                0x000000000010eea4                FSUSER_RenameDirectory
 .text.FSUSER_OpenDirectory
                0x000000000010ef9c       0xb4 C:/devkitPro/libctru/lib\libctru.a(fs.o)
                0x000000000010ef9c                FSUSER_OpenDirectory
 .text.FSUSER_OpenArchive
                0x000000000010f050       0x94 C:/devkitPro/libctru/lib\libctru.a(fs.o)
                0x000000000010f050                FSUSER_OpenArchive
 .text.FSUSER_CloseArchive
                0x000000000010f0e4       0x8c C:/devkitPro/libctru/lib\libctru.a(fs.o)
                0x000000000010f0e4                FSUSER_CloseArchive
 .text.FSUSER_GetSdmcArchiveResource
                0x000000000010f170       0x74 C:/devkitPro/libctru/lib\libctru.a(fs.o)
                0x000000000010f170                FSUSER_GetSdmcArchiveResource
 .text.FSUSER_IsSdmcWritable
                0x000000000010f1e4       0x64 C:/devkitPro/libctru/lib\libctru.a(fs.o)
                0x000000000010f1e4                FSUSER_IsSdmcWritable
 .text.FSFILE_Read
                0x000000000010f248       0x58 C:/devkitPro/libctru/lib\libctru.a(fs.o)
                0x000000000010f248                FSFILE_Read
 .text.FSFILE_Write
                0x000000000010f2a0       0x60 C:/devkitPro/libctru/lib\libctru.a(fs.o)
                0x000000000010f2a0                FSFILE_Write
 .text.FSFILE_GetSize
                0x000000000010f300       0x38 C:/devkitPro/libctru/lib\libctru.a(fs.o)
                0x000000000010f300                FSFILE_GetSize
 .text.FSFILE_SetSize
                0x000000000010f338       0x28 C:/devkitPro/libctru/lib\libctru.a(fs.o)
                0x000000000010f338                FSFILE_SetSize
 .text.FSFILE_Close
                0x000000000010f360       0x3c C:/devkitPro/libctru/lib\libctru.a(fs.o)
                0x000000000010f360                FSFILE_Close
 .text.FSFILE_Flush
                0x000000000010f39c       0x24 C:/devkitPro/libctru/lib\libctru.a(fs.o)
                0x000000000010f39c                FSFILE_Flush
 .text.FSDIR_Read
                0x000000000010f3c0       0x50 C:/devkitPro/libctru/lib\libctru.a(fs.o)
                0x000000000010f3c0                FSDIR_Read
 .text.FSDIR_Close
                0x000000000010f410       0x3c C:/devkitPro/libctru/lib\libctru.a(fs.o)
                0x000000000010f410                FSDIR_Close
 .text.buffer_read
                0x000000000010f44c       0xcc C:/devkitPro/libctru/lib\libctru.a(decompress.o)
 .text.iov_read
                0x000000000010f518       0xd0 C:/devkitPro/libctru/lib\libctru.a(decompress.o)
 .text.iov_memmove
                0x000000000010f5e8      0x128 C:/devkitPro/libctru/lib\libctru.a(decompress.o)
 .text.decompress_rle
                0x000000000010f710      0x1d8 C:/devkitPro/libctru/lib\libctru.a(decompress.o)
 .text.decompress_lzss
                0x000000000010f8e8      0x258 C:/devkitPro/libctru/lib\libctru.a(decompress.o)
 .text.decompress_huff.part.0
                0x000000000010fb40      0x2ec C:/devkitPro/libctru/lib\libctru.a(decompress.o)
 .text.decompress_lz11
                0x000000000010fe2c      0x440 C:/devkitPro/libctru/lib\libctru.a(decompress.o)
 .text.decompressCallback_Stdio
                0x000000000011026c       0x10 C:/devkitPro/libctru/lib\libctru.a(decompress.o)
                0x000000000011026c                decompressCallback_Stdio
 .text.decompressHeader
                0x000000000011027c       0xe4 C:/devkitPro/libctru/lib\libctru.a(decompress.o)
                0x000000000011027c                decompressHeader
 .text.decompressV
                0x0000000000110360      0x250 C:/devkitPro/libctru/lib\libctru.a(decompress.o)
                0x0000000000110360                decompressV
 .text.rbtree_init
                0x00000000001105b0       0x10 C:/devkitPro/libctru/lib\libctru.a(rbtree_init.o)
                0x00000000001105b0                rbtree_init
 .text.do_insert
                0x00000000001105c0      0x1a0 C:/devkitPro/libctru/lib\libctru.a(rbtree_insert.o)
 .text.rbtree_insert
                0x0000000000110760        0x8 C:/devkitPro/libctru/lib\libctru.a(rbtree_insert.o)
                0x0000000000110760                rbtree_insert
 .text.rbtree_rotate
                0x0000000000110768       0x90 C:/devkitPro/libctru/lib\libctru.a(rbtree_rotate.o)
                0x0000000000110768                rbtree_rotate
 .text.rbtree_remove
                0x00000000001107f8      0x338 C:/devkitPro/libctru/lib\libctru.a(rbtree_remove.o)
                0x00000000001107f8                rbtree_remove
 .text.rbtree_find
                0x0000000000110b30       0x74 C:/devkitPro/libctru/lib\libctru.a(rbtree_find.o)
                0x0000000000110b30                rbtree_find
 .text.utf16_to_utf8
                0x0000000000110ba4       0xe8 C:/devkitPro/libctru/lib\libctru.a(utf16_to_utf8.o)
                0x0000000000110ba4                utf16_to_utf8
 .text.decode_utf16
                0x0000000000110c8c       0x64 C:/devkitPro/libctru/lib\libctru.a(decode_utf16.o)
                0x0000000000110c8c                decode_utf16
 .text.utf8_to_utf16
                0x0000000000110cf0       0xc0 C:/devkitPro/libctru/lib\libctru.a(utf8_to_utf16.o)
                0x0000000000110cf0                utf8_to_utf16
 .text.__system_allocateHeaps
                0x0000000000110db0      0x1e0 C:/devkitPro/libctru/lib\libctru.a(allocateHeaps.o)
                0x0000000000110db0                __system_allocateHeaps
 .text.__libctru_init
                0x0000000000110f90       0x38 C:/devkitPro/libctru/lib\libctru.a(ctru_init.o)
                0x0000000000110f90                __libctru_init
 .text.__system_initArgv
                0x0000000000110fc8       0xf0 C:/devkitPro/libctru/lib\libctru.a(initArgv.o)
                0x0000000000110fc8                __system_initArgv
 .text.svcControlMemory
                0x00000000001110b8       0x20 C:/devkitPro/libctru/lib\libctru.a(svc.o)
                0x00000000001110b8                svcControlMemory
 .text.svcQueryMemory
                0x00000000001110d8       0x30 C:/devkitPro/libctru/lib\libctru.a(svc.o)
                0x00000000001110d8                svcQueryMemory
 .text.svcExitProcess
                0x0000000000111108        0x8 C:/devkitPro/libctru/lib\libctru.a(svc.o)
                0x0000000000111108                svcExitProcess
 .text.svcCreateThread
                0x0000000000111110       0x20 C:/devkitPro/libctru/lib\libctru.a(svc.o)
                0x0000000000111110                svcCreateThread
 .text.svcExitThread
                0x0000000000111130        0x8 C:/devkitPro/libctru/lib\libctru.a(svc.o)
                0x0000000000111130                svcExitThread
 .text.svcSleepThread
                0x0000000000111138        0x8 C:/devkitPro/libctru/lib\libctru.a(svc.o)
                0x0000000000111138                svcSleepThread
 .text.svcReleaseMutex
                0x0000000000111140        0x8 C:/devkitPro/libctru/lib\libctru.a(svc.o)
                0x0000000000111140                svcReleaseMutex
 .text.svcCreateEvent
                0x0000000000111148       0x14 C:/devkitPro/libctru/lib\libctru.a(svc.o)
                0x0000000000111148                svcCreateEvent
 .text.svcSignalEvent
                0x000000000011115c        0x8 C:/devkitPro/libctru/lib\libctru.a(svc.o)
                0x000000000011115c                svcSignalEvent
 .text.svcClearEvent
                0x0000000000111164        0x8 C:/devkitPro/libctru/lib\libctru.a(svc.o)
                0x0000000000111164                svcClearEvent
 .text.svcMapMemoryBlock
                0x000000000011116c        0x8 C:/devkitPro/libctru/lib\libctru.a(svc.o)
                0x000000000011116c                svcMapMemoryBlock
 .text.svcUnmapMemoryBlock
                0x0000000000111174        0x8 C:/devkitPro/libctru/lib\libctru.a(svc.o)
                0x0000000000111174                svcUnmapMemoryBlock
 .text.svcCreateAddressArbiter
                0x000000000011117c       0x14 C:/devkitPro/libctru/lib\libctru.a(svc.o)
                0x000000000011117c                svcCreateAddressArbiter
 .text.svcArbitrateAddressNoTimeout
                0x0000000000111190        0x8 C:/devkitPro/libctru/lib\libctru.a(svc.o)
                0x0000000000111190                svcArbitrateAddressNoTimeout
 .text.svcCloseHandle
                0x0000000000111198        0x8 C:/devkitPro/libctru/lib\libctru.a(svc.o)
                0x0000000000111198                svcCloseHandle
 .text.svcWaitSynchronization
                0x00000000001111a0        0x8 C:/devkitPro/libctru/lib\libctru.a(svc.o)
                0x00000000001111a0                svcWaitSynchronization
 .text.svcWaitSynchronizationN
                0x00000000001111a8       0x28 C:/devkitPro/libctru/lib\libctru.a(svc.o)
                0x00000000001111a8                svcWaitSynchronizationN
 .text.svcDuplicateHandle
                0x00000000001111d0       0x14 C:/devkitPro/libctru/lib\libctru.a(svc.o)
                0x00000000001111d0                svcDuplicateHandle
 .text.svcGetSystemTick
                0x00000000001111e4        0x8 C:/devkitPro/libctru/lib\libctru.a(svc.o)
                0x00000000001111e4                svcGetSystemTick
 .text.svcConnectToPort
                0x00000000001111ec       0x14 C:/devkitPro/libctru/lib\libctru.a(svc.o)
                0x00000000001111ec                svcConnectToPort
 .text.svcSendSyncRequest
                0x0000000000111200        0x8 C:/devkitPro/libctru/lib\libctru.a(svc.o)
                0x0000000000111200                svcSendSyncRequest
 .text.svcGetResourceLimit
                0x0000000000111208       0x14 C:/devkitPro/libctru/lib\libctru.a(svc.o)
                0x0000000000111208                svcGetResourceLimit
 .text.svcGetResourceLimitLimitValues
                0x000000000011121c        0x8 C:/devkitPro/libctru/lib\libctru.a(svc.o)
                0x000000000011121c                svcGetResourceLimitLimitValues
 .text.svcGetResourceLimitCurrentValues
                0x0000000000111224        0x8 C:/devkitPro/libctru/lib\libctru.a(svc.o)
                0x0000000000111224                svcGetResourceLimitCurrentValues
 .text.svcBreak
                0x000000000011122c        0x8 C:/devkitPro/libctru/lib\libctru.a(svc.o)
                0x000000000011122c                svcBreak
 .text.initSystem
                0x0000000000111234       0x50 C:/devkitPro/libctru/lib\libctru.a(stack_adjust.o)
                0x0000000000111234                initSystem
 .text.__ctru_exit
                0x0000000000111284       0x18 C:/devkitPro/libctru/lib\libctru.a(stack_adjust.o)
                0x0000000000111284                __ctru_exit
 .text.__aeabi_read_tp
                0x000000000011129c        0xc C:/devkitPro/libctru/lib\libctru.a(readtp.o)
                0x000000000011129c                __aeabi_read_tp
 .text.__sync_init
                0x00000000001112a8        0xc C:/devkitPro/libctru/lib\libctru.a(synchronization.o)
                0x00000000001112a8                __sync_init
 .text.__sync_fini
                0x00000000001112b4       0x18 C:/devkitPro/libctru/lib\libctru.a(synchronization.o)
                0x00000000001112b4                __sync_fini
 .text.syncArbitrateAddress
                0x00000000001112cc       0x2c C:/devkitPro/libctru/lib\libctru.a(synchronization.o)
                0x00000000001112cc                syncArbitrateAddress
 .text.LightLock_Init
                0x00000000001112f8       0x1c C:/devkitPro/libctru/lib\libctru.a(synchronization.o)
                0x00000000001112f8                LightLock_Init
 .text.LightLock_Lock
                0x0000000000111314       0x94 C:/devkitPro/libctru/lib\libctru.a(synchronization.o)
                0x0000000000111314                LightLock_Lock
 .text.LightLock_TryLock
                0x00000000001113a8       0x44 C:/devkitPro/libctru/lib\libctru.a(synchronization.o)
                0x00000000001113a8                LightLock_TryLock
 .text.LightLock_Unlock
                0x00000000001113ec       0x40 C:/devkitPro/libctru/lib\libctru.a(synchronization.o)
                0x00000000001113ec                LightLock_Unlock
 .text.RecursiveLock_Init
                0x000000000011142c       0x24 C:/devkitPro/libctru/lib\libctru.a(synchronization.o)
                0x000000000011142c                RecursiveLock_Init
 .text.RecursiveLock_Lock
                0x0000000000111450       0x30 C:/devkitPro/libctru/lib\libctru.a(synchronization.o)
                0x0000000000111450                RecursiveLock_Lock
 .text.RecursiveLock_TryLock
                0x0000000000111480       0x78 C:/devkitPro/libctru/lib\libctru.a(synchronization.o)
                0x0000000000111480                RecursiveLock_TryLock
 .text.RecursiveLock_Unlock
                0x00000000001114f8       0x54 C:/devkitPro/libctru/lib\libctru.a(synchronization.o)
                0x00000000001114f8                RecursiveLock_Unlock
 .text.LightEvent_Init
                0x000000000011154c       0x40 C:/devkitPro/libctru/lib\libctru.a(synchronization.o)
                0x000000000011154c                LightEvent_Init
 .text.LightEvent_Clear
                0x000000000011158c       0xa4 C:/devkitPro/libctru/lib\libctru.a(synchronization.o)
                0x000000000011158c                LightEvent_Clear
 .text.LightEvent_Signal
                0x0000000000111630       0xc8 C:/devkitPro/libctru/lib\libctru.a(synchronization.o)
                0x0000000000111630                LightEvent_Signal
 .text.LightEvent_TryWait
                0x00000000001116f8       0x58 C:/devkitPro/libctru/lib\libctru.a(synchronization.o)
                0x00000000001116f8                LightEvent_TryWait
 .text.LightEvent_Wait
                0x0000000000111750       0xb0 C:/devkitPro/libctru/lib\libctru.a(synchronization.o)
                0x0000000000111750                LightEvent_Wait
 .text.envGetHandle
                0x0000000000111800       0x84 C:/devkitPro/libctru/lib\libctru.a(env.o)
                0x0000000000111800                envGetHandle
 .text.envDestroyHandles
                0x0000000000111884       0x50 C:/devkitPro/libctru/lib\libctru.a(env.o)
                0x0000000000111884                envDestroyHandles
 .text.srvInit  0x00000000001118d4      0x124 C:/devkitPro/libctru/lib\libctru.a(srv.o)
                0x00000000001118d4                srvInit
 .text.srvExit  0x00000000001119f8       0x58 C:/devkitPro/libctru/lib\libctru.a(srv.o)
                0x00000000001119f8                srvExit
 .text.srvGetServiceHandleDirect
                0x0000000000111a50       0x80 C:/devkitPro/libctru/lib\libctru.a(srv.o)
                0x0000000000111a50                srvGetServiceHandleDirect
 .text.srvGetServiceHandle
                0x0000000000111ad0       0x48 C:/devkitPro/libctru/lib\libctru.a(srv.o)
                0x0000000000111ad0                srvGetServiceHandle
 .text.srvPublishToSubscriber
                0x0000000000111b18       0x38 C:/devkitPro/libctru/lib\libctru.a(srv.o)
                0x0000000000111b18                srvPublishToSubscriber
 .text.threadCreate
                0x0000000000111b50      0x188 C:/devkitPro/libctru/lib\libctru.a(thread.o)
                0x0000000000111b50                threadCreate
 .text.threadFree
                0x0000000000111cd8       0x2c C:/devkitPro/libctru/lib\libctru.a(thread.o)
                0x0000000000111cd8                threadFree
 .text.threadJoin
                0x0000000000111d04       0x24 C:/devkitPro/libctru/lib\libctru.a(thread.o)
                0x0000000000111d04                threadJoin
 .text.threadGetCurrent
                0x0000000000111d28       0x30 C:/devkitPro/libctru/lib\libctru.a(thread.o)
                0x0000000000111d28                threadGetCurrent
 .text.threadExit
                0x0000000000111d58       0x40 C:/devkitPro/libctru/lib\libctru.a(thread.o)
                0x0000000000111d58                threadExit
 .text._thread_begin
                0x0000000000111d98       0x44 C:/devkitPro/libctru/lib\libctru.a(thread.o)
 .text.mappableFindAddressWithin
                0x0000000000111ddc       0x94 C:/devkitPro/libctru/lib\libctru.a(mappable.o)
 .text.mappableInit
                0x0000000000111e70       0x28 C:/devkitPro/libctru/lib\libctru.a(mappable.o)
                0x0000000000111e70                mappableInit
 .text.mappableAlloc
                0x0000000000111e98       0x80 C:/devkitPro/libctru/lib\libctru.a(mappable.o)
                0x0000000000111e98                mappableAlloc
 .text.mappableFree
                0x0000000000111f18        0x4 C:/devkitPro/libctru/lib\libctru.a(mappable.o)
                0x0000000000111f18                mappableFree
 .text.irrstInit
                0x0000000000111f1c      0x160 C:/devkitPro/libctru/lib\libctru.a(irrst.o)
                0x0000000000111f1c                irrstInit
 .text.irrstExit
                0x000000000011207c       0xcc C:/devkitPro/libctru/lib\libctru.a(irrst.o)
                0x000000000011207c                irrstExit
 .text.irrstScanInput
                0x0000000000112148       0xb0 C:/devkitPro/libctru/lib\libctru.a(irrst.o)
                0x0000000000112148                irrstScanInput
 .text.irrstKeysHeld
                0x00000000001121f8       0x24 C:/devkitPro/libctru/lib\libctru.a(irrst.o)
                0x00000000001121f8                irrstKeysHeld
 .text.srvPmGetSessionHandle
                0x000000000011221c        0xc C:/devkitPro/libctru/lib\libctru.a(srvpm.o)
                0x000000000011221c                srvPmGetSessionHandle
 .text.rbtree_node_next
                0x0000000000112228       0x50 C:/devkitPro/libctru/lib\libctru.a(rbtree_iterator.o)
                0x0000000000112228                rbtree_node_next
 .text.encode_utf16
                0x0000000000112278       0x60 C:/devkitPro/libctru/lib\libctru.a(encode_utf16.o)
                0x0000000000112278                encode_utf16
 .text.encode_utf8
                0x00000000001122d8       0xfc C:/devkitPro/libctru/lib\libctru.a(encode_utf8.o)
                0x00000000001122d8                encode_utf8
 .text.decode_utf8
                0x00000000001123d4      0x13c C:/devkitPro/libctru/lib\libctru.a(decode_utf8.o)
                0x00000000001123d4                decode_utf8
 .text.__appInit
                0x0000000000112510       0x30 C:/devkitPro/libctru/lib\libctru.a(appInit.o)
                0x0000000000112510                __appInit
 .text.__libctru_nanosleep
                0x0000000000112540       0x30 C:/devkitPro/libctru/lib\libctru.a(syscalls.o)
 .text.__libctru_get_reent
                0x0000000000112570       0x30 C:/devkitPro/libctru/lib\libctru.a(syscalls.o)
 .text.__system_initSyscalls
                0x00000000001125a0       0xf8 C:/devkitPro/libctru/lib\libctru.a(syscalls.o)
                0x00000000001125a0                __system_initSyscalls
 .text.__appExit
                0x0000000000112698       0x30 C:/devkitPro/libctru/lib\libctru.a(appExit.o)
                0x0000000000112698                __appExit
 .text.__libctru_exit
                0x00000000001126c8       0x90 C:/devkitPro/libctru/lib\libctru.a(ctru_exit.o)
                0x00000000001126c8                __libctru_exit
 .text.archive_link
                0x0000000000112758       0x14 C:/devkitPro/libctru/lib\libctru.a(archive_dev.o)
 .text.archive_dirreset
                0x000000000011276c       0x14 C:/devkitPro/libctru/lib\libctru.a(archive_dev.o)
 .text.archive_chmod
                0x0000000000112780       0x14 C:/devkitPro/libctru/lib\libctru.a(archive_dev.o)
 .text.error_cmp
                0x0000000000112794       0x24 C:/devkitPro/libctru/lib\libctru.a(archive_dev.o)
 .text.archive_translate_error
                0x00000000001127b8       0x50 C:/devkitPro/libctru/lib\libctru.a(archive_dev.o)
 .text.archive_seek
                0x0000000000112808       0xd4 C:/devkitPro/libctru/lib\libctru.a(archive_dev.o)
 .text._archiveInit.part.0
                0x00000000001128dc       0x7c C:/devkitPro/libctru/lib\libctru.a(archive_dev.o)
 .text.archiveFindDevice.part.0
                0x0000000000112958       0x8c C:/devkitPro/libctru/lib\libctru.a(archive_dev.o)
 .text.archive_utf16path
                0x00000000001129e4      0x294 C:/devkitPro/libctru/lib\libctru.a(archive_dev.o)
 .text._archiveUnmountDeviceStruct.part.0
                0x0000000000112c78       0xa0 C:/devkitPro/libctru/lib\libctru.a(archive_dev.o)
 .text.archive_fchmod
                0x0000000000112d18       0x14 C:/devkitPro/libctru/lib\libctru.a(archive_dev.o)
 .text.archive_statvfs
                0x0000000000112d2c       0x14 C:/devkitPro/libctru/lib\libctru.a(archive_dev.o)
 .text._archiveMountDevice
                0x0000000000112d40      0x158 C:/devkitPro/libctru/lib\libctru.a(archive_dev.o)
 .text.archive_diropen
                0x0000000000112e98       0xe8 C:/devkitPro/libctru/lib\libctru.a(archive_dev.o)
 .text.archive_fstat
                0x0000000000112f80       0xa4 C:/devkitPro/libctru/lib\libctru.a(archive_dev.o)
 .text.archive_close
                0x0000000000113024       0x6c C:/devkitPro/libctru/lib\libctru.a(archive_dev.o)
 .text.archive_fsync
                0x0000000000113090       0x6c C:/devkitPro/libctru/lib\libctru.a(archive_dev.o)
 .text.archive_dirclose
                0x00000000001130fc       0x70 C:/devkitPro/libctru/lib\libctru.a(archive_dev.o)
 .text.sdmc_statvfs
                0x000000000011316c       0xe8 C:/devkitPro/libctru/lib\libctru.a(archive_dev.o)
 .text.archive_ftruncate
                0x0000000000113254       0x80 C:/devkitPro/libctru/lib\libctru.a(archive_dev.o)
 .text.archive_chdir
                0x00000000001132d4       0xfc C:/devkitPro/libctru/lib\libctru.a(archive_dev.o)
 .text.archive_read
                0x00000000001133d0       0xb0 C:/devkitPro/libctru/lib\libctru.a(archive_dev.o)
 .text.archive_unlink
                0x0000000000113480       0xac C:/devkitPro/libctru/lib\libctru.a(archive_dev.o)
 .text.archive_rmdir
                0x000000000011352c       0xc8 C:/devkitPro/libctru/lib\libctru.a(archive_dev.o)
 .text.archive_mkdir
                0x00000000001135f4       0xec C:/devkitPro/libctru/lib\libctru.a(archive_dev.o)
 .text.archive_stat
                0x00000000001136e0      0x1a8 C:/devkitPro/libctru/lib\libctru.a(archive_dev.o)
 .text.archive_rename
                0x0000000000113888      0x184 C:/devkitPro/libctru/lib\libctru.a(archive_dev.o)
 .text.archive_dirnext
                0x0000000000113a0c      0x168 C:/devkitPro/libctru/lib\libctru.a(archive_dev.o)
 .text.archive_write
                0x0000000000113b74      0x12c C:/devkitPro/libctru/lib\libctru.a(archive_dev.o)
 .text.archive_open
                0x0000000000113ca0      0x1f0 C:/devkitPro/libctru/lib\libctru.a(archive_dev.o)
 .text.archiveMountSdmc
                0x0000000000113e90      0x1a4 C:/devkitPro/libctru/lib\libctru.a(archive_dev.o)
                0x0000000000113e90                archiveMountSdmc
 .text.archiveUnmountAll
                0x0000000000114034       0x54 C:/devkitPro/libctru/lib\libctru.a(archive_dev.o)
                0x0000000000114034                archiveUnmountAll
 .text.cosf     0x0000000000114088      0x22c c:/devkitpro/devkitarm/bin/../lib/gcc/arm-none-eabi/10.2.0/../../../../arm-none-eabi/lib/armv6k/fpu\libm.a(lib_a-cosf.o)
                0x0000000000114088                cosf
 .text.with_errnof
                0x00000000001142b4       0x24 c:/devkitpro/devkitarm/bin/../lib/gcc/arm-none-eabi/10.2.0/../../../../arm-none-eabi/lib/armv6k/fpu\libm.a(lib_a-math_errf.o)
 .text.__math_invalidf
                0x00000000001142d8       0x1c c:/devkitpro/devkitarm/bin/../lib/gcc/arm-none-eabi/10.2.0/../../../../arm-none-eabi/lib/armv6k/fpu\libm.a(lib_a-math_errf.o)
                0x00000000001142d8                __math_invalidf
 *fill*         0x00000000001142f4        0x4 
 .text.sinf     0x00000000001142f8      0x274 c:/devkitpro/devkitarm/bin/../lib/gcc/arm-none-eabi/10.2.0/../../../../arm-none-eabi/lib/armv6k/fpu\libm.a(lib_a-sinf.o)
                0x00000000001142f8                sinf
 .text.__udivmoddi4
                0x000000000011456c      0x120 c:/devkitpro/devkitarm/bin/../lib/gcc/arm-none-eabi/10.2.0/armv6k/fpu\libgcc.a(_udivmoddi4.o)
                0x000000000011456c                __udivmoddi4
 .text.bsearch  0x000000000011468c       0x78 c:/devkitpro/devkitarm/bin/../lib/gcc/arm-none-eabi/10.2.0/../../../../arm-none-eabi/lib/armv6k/fpu\libg.a(lib_a-bsearch.o)
                0x000000000011468c                bsearch
 .text.calloc   0x0000000000114704       0x28 c:/devkitpro/devkitarm/bin/../lib/gcc/arm-none-eabi/10.2.0/../../../../arm-none-eabi/lib/armv6k/fpu\libg.a(lib_a-calloc.o)
                0x0000000000114704                calloc
 .text._calloc_r
                0x000000000011472c       0x94 c:/devkitpro/devkitarm/bin/../lib/gcc/arm-none-eabi/10.2.0/../../../../arm-none-eabi/lib/armv6k/fpu\libg.a(lib_a-callocr.o)
                0x000000000011472c                _calloc_r
 .text.__errno  0x00000000001147c0        0xc c:/devkitpro/devkitarm/bin/../lib/gcc/arm-none-eabi/10.2.0/../../../../arm-none-eabi/lib/armv6k/fpu\libg.a(lib_a-errno.o)
                0x00000000001147c0                __errno
 .text.exit     0x00000000001147cc       0x34 c:/devkitpro/devkitarm/bin/../lib/gcc/arm-none-eabi/10.2.0/../../../../arm-none-eabi/lib/armv6k/fpu\libg.a(lib_a-exit.o)
                0x00000000001147cc                exit
 .text._fclose_r
                0x0000000000114800      0x160 c:/devkitpro/devkitarm/bin/../lib/gcc/arm-none-eabi/10.2.0/../../../../arm-none-eabi/lib/armv6k/fpu\libg.a(lib_a-fclose.o)
                0x0000000000114800                _fclose_r
 .text.fclose   0x0000000000114960       0x20 c:/devkitpro/devkitarm/bin/../lib/gcc/arm-none-eabi/10.2.0/../../../../arm-none-eabi/lib/armv6k/fpu\libg.a(lib_a-fclose.o)
                0x0000000000114960                fclose
 .text.__sflush_r
                0x0000000000114980      0x258 c:/devkitpro/devkitarm/bin/../lib/gcc/arm-none-eabi/10.2.0/../../../../arm-none-eabi/lib/armv6k/fpu\libg.a(lib_a-fflush.o)
                0x0000000000114980                __sflush_r
 .text._fflush_r
                0x0000000000114bd8       0x94 c:/devkitpro/devkitarm/bin/../lib/gcc/arm-none-eabi/10.2.0/../../../../arm-none-eabi/lib/armv6k/fpu\libg.a(lib_a-fflush.o)
                0x0000000000114bd8                _fflush_r
 .text.fflush   0x0000000000114c6c       0x38 c:/devkitpro/devkitarm/bin/../lib/gcc/arm-none-eabi/10.2.0/../../../../arm-none-eabi/lib/armv6k/fpu\libg.a(lib_a-fflush.o)
                0x0000000000114c6c                fflush
 .text._cleanup_r
                0x0000000000114ca4        0xc c:/devkitpro/devkitarm/bin/../lib/gcc/arm-none-eabi/10.2.0/../../../../arm-none-eabi/lib/armv6k/fpu\libg.a(lib_a-findfp.o)
                0x0000000000114ca4                _cleanup_r
 .text.__sinit  0x0000000000114cb0      0x184 c:/devkitpro/devkitarm/bin/../lib/gcc/arm-none-eabi/10.2.0/../../../../arm-none-eabi/lib/armv6k/fpu\libg.a(lib_a-findfp.o)
                0x0000000000114cb0                __sinit
 .text.__sfp    0x0000000000114e34      0x134 c:/devkitpro/devkitarm/bin/../lib/gcc/arm-none-eabi/10.2.0/../../../../arm-none-eabi/lib/armv6k/fpu\libg.a(lib_a-findfp.o)
                0x0000000000114e34                __sfp
 .text.__sfp_lock_acquire
                0x0000000000114f68        0xc c:/devkitpro/devkitarm/bin/../lib/gcc/arm-none-eabi/10.2.0/../../../../arm-none-eabi/lib/armv6k/fpu\libg.a(lib_a-findfp.o)
                0x0000000000114f68                __sfp_lock_acquire
 .text.__sfp_lock_release
                0x0000000000114f74        0xc c:/devkitpro/devkitarm/bin/../lib/gcc/arm-none-eabi/10.2.0/../../../../arm-none-eabi/lib/armv6k/fpu\libg.a(lib_a-findfp.o)
                0x0000000000114f74                __sfp_lock_release
 .text.__libc_fini_array
                0x0000000000114f80       0x3c c:/devkitpro/devkitarm/bin/../lib/gcc/arm-none-eabi/10.2.0/../../../../arm-none-eabi/lib/armv6k/fpu\libg.a(lib_a-fini.o)
                0x0000000000114f80                __libc_fini_array
 .text._fopen_r
                0x0000000000114fbc      0x140 c:/devkitpro/devkitarm/bin/../lib/gcc/arm-none-eabi/10.2.0/../../../../arm-none-eabi/lib/armv6k/fpu\libg.a(lib_a-fopen.o)
                0x0000000000114fbc                _fopen_r
 .text.fopen    0x00000000001150fc       0x28 c:/devkitpro/devkitarm/bin/../lib/gcc/arm-none-eabi/10.2.0/../../../../arm-none-eabi/lib/armv6k/fpu\libg.a(lib_a-fopen.o)
                0x00000000001150fc                fopen
 .text._fread_r
                0x0000000000115124      0x2d0 c:/devkitpro/devkitarm/bin/../lib/gcc/arm-none-eabi/10.2.0/../../../../arm-none-eabi/lib/armv6k/fpu\libg.a(lib_a-fread.o)
                0x0000000000115124                _fread_r
 .text.fread    0x00000000001153f4       0x38 c:/devkitpro/devkitarm/bin/../lib/gcc/arm-none-eabi/10.2.0/../../../../arm-none-eabi/lib/armv6k/fpu\libg.a(lib_a-fread.o)
                0x00000000001153f4                fread
 .text._malloc_trim_r
                0x000000000011542c       0xf8 c:/devkitpro/devkitarm/bin/../lib/gcc/arm-none-eabi/10.2.0/../../../../arm-none-eabi/lib/armv6k/fpu\libg.a(lib_a-freer.o)
                0x000000000011542c                _malloc_trim_r
 .text._free_r  0x0000000000115524      0x2e4 c:/devkitpro/devkitarm/bin/../lib/gcc/arm-none-eabi/10.2.0/../../../../arm-none-eabi/lib/armv6k/fpu\libg.a(lib_a-freer.o)
                0x0000000000115524                _free_r
 .text._fseek_r
                0x0000000000115808       0x1c c:/devkitpro/devkitarm/bin/../lib/gcc/arm-none-eabi/10.2.0/../../../../arm-none-eabi/lib/armv6k/fpu\libg.a(lib_a-fseek.o)
                0x0000000000115808                _fseek_r
 .text._fseeko_r
                0x0000000000115824      0x4f8 c:/devkitpro/devkitarm/bin/../lib/gcc/arm-none-eabi/10.2.0/../../../../arm-none-eabi/lib/armv6k/fpu\libg.a(lib_a-fseeko.o)
                0x0000000000115824                _fseeko_r
 .text._ftello_r
                0x0000000000115d1c      0x1bc c:/devkitpro/devkitarm/bin/../lib/gcc/arm-none-eabi/10.2.0/../../../../arm-none-eabi/lib/armv6k/fpu\libg.a(lib_a-ftello.o)
                0x0000000000115d1c                _ftello_r
 .text._fwalk   0x0000000000115ed8       0x68 c:/devkitpro/devkitarm/bin/../lib/gcc/arm-none-eabi/10.2.0/../../../../arm-none-eabi/lib/armv6k/fpu\libg.a(lib_a-fwalk.o)
                0x0000000000115ed8                _fwalk
 .text._fwalk_reent
                0x0000000000115f40       0x70 c:/devkitpro/devkitarm/bin/../lib/gcc/arm-none-eabi/10.2.0/../../../../arm-none-eabi/lib/armv6k/fpu\libg.a(lib_a-fwalk.o)
                0x0000000000115f40                _fwalk_reent
 .text.__libc_init_array
                0x0000000000115fb0       0x7c c:/devkitpro/devkitarm/bin/../lib/gcc/arm-none-eabi/10.2.0/../../../../arm-none-eabi/lib/armv6k/fpu\libg.a(lib_a-init.o)
                0x0000000000115fb0                __libc_init_array
 .text.__smakebuf_r
                0x000000000011602c      0x138 c:/devkitpro/devkitarm/bin/../lib/gcc/arm-none-eabi/10.2.0/../../../../arm-none-eabi/lib/armv6k/fpu\libg.a(lib_a-makebuf.o)
                0x000000000011602c                __smakebuf_r
 .text.__swhatbuf_r
                0x0000000000116164       0x94 c:/devkitpro/devkitarm/bin/../lib/gcc/arm-none-eabi/10.2.0/../../../../arm-none-eabi/lib/armv6k/fpu\libg.a(lib_a-makebuf.o)
                0x0000000000116164                __swhatbuf_r
 .text.memalign
                0x00000000001161f8       0x28 c:/devkitpro/devkitarm/bin/../lib/gcc/arm-none-eabi/10.2.0/../../../../arm-none-eabi/lib/armv6k/fpu\libg.a(lib_a-malign.o)
                0x00000000001161f8                memalign
 .text._memalign_r
                0x0000000000116220      0x148 c:/devkitpro/devkitarm/bin/../lib/gcc/arm-none-eabi/10.2.0/../../../../arm-none-eabi/lib/armv6k/fpu\libg.a(lib_a-malignr.o)
                0x0000000000116220                _memalign_r
 .text.malloc   0x0000000000116368       0x20 c:/devkitpro/devkitarm/bin/../lib/gcc/arm-none-eabi/10.2.0/../../../../arm-none-eabi/lib/armv6k/fpu\libg.a(lib_a-malloc.o)
                0x0000000000116368                malloc
 .text.free     0x0000000000116388       0x20 c:/devkitpro/devkitarm/bin/../lib/gcc/arm-none-eabi/10.2.0/../../../../arm-none-eabi/lib/armv6k/fpu\libg.a(lib_a-malloc.o)
                0x0000000000116388                free
 .text._malloc_r
                0x00000000001163a8      0x7f0 c:/devkitpro/devkitarm/bin/../lib/gcc/arm-none-eabi/10.2.0/../../../../arm-none-eabi/lib/armv6k/fpu\libg.a(lib_a-mallocr.o)
                0x00000000001163a8                _malloc_r
 .text.memchr   0x0000000000116b98       0xe0 c:/devkitpro/devkitarm/bin/../lib/gcc/arm-none-eabi/10.2.0/../../../../arm-none-eabi/lib/armv6k/fpu\libg.a(lib_a-memchr-stub.o)
                0x0000000000116b98                memchr
 .text.memcmp   0x0000000000116c78       0xa8 c:/devkitpro/devkitarm/bin/../lib/gcc/arm-none-eabi/10.2.0/../../../../arm-none-eabi/lib/armv6k/fpu\libg.a(lib_a-memcmp.o)
                0x0000000000116c78                memcmp
 .text.memcpy   0x0000000000116d20      0x11c c:/devkitpro/devkitarm/bin/../lib/gcc/arm-none-eabi/10.2.0/../../../../arm-none-eabi/lib/armv6k/fpu\libg.a(lib_a-memcpy-stub.o)
                0x0000000000116d20                memcpy
 .text.memset   0x0000000000116e3c      0x118 c:/devkitpro/devkitarm/bin/../lib/gcc/arm-none-eabi/10.2.0/../../../../arm-none-eabi/lib/armv6k/fpu\libg.a(lib_a-memset.o)
                0x0000000000116e3c                memset
 .text.__malloc_lock
                0x0000000000116f54        0xc c:/devkitpro/devkitarm/bin/../lib/gcc/arm-none-eabi/10.2.0/../../../../arm-none-eabi/lib/armv6k/fpu\libg.a(lib_a-mlock.o)
                0x0000000000116f54                __malloc_lock
 .text.__malloc_unlock
                0x0000000000116f60        0xc c:/devkitpro/devkitarm/bin/../lib/gcc/arm-none-eabi/10.2.0/../../../../arm-none-eabi/lib/armv6k/fpu\libg.a(lib_a-mlock.o)
                0x0000000000116f60                __malloc_unlock
 .text.printf   0x0000000000116f6c       0x34 c:/devkitpro/devkitarm/bin/../lib/gcc/arm-none-eabi/10.2.0/../../../../arm-none-eabi/lib/armv6k/fpu\libg.a(lib_a-printf.o)
                0x0000000000116f6c                printf
 .text.srand    0x0000000000116fa0       0x1c c:/devkitpro/devkitarm/bin/../lib/gcc/arm-none-eabi/10.2.0/../../../../arm-none-eabi/lib/armv6k/fpu\libg.a(lib_a-rand.o)
                0x0000000000116fa0                srand
 .text.rand     0x0000000000116fbc       0x44 c:/devkitpro/devkitarm/bin/../lib/gcc/arm-none-eabi/10.2.0/../../../../arm-none-eabi/lib/armv6k/fpu\libg.a(lib_a-rand.o)
                0x0000000000116fbc                rand
 .text.lflush   0x0000000000117000       0x1c c:/devkitpro/devkitarm/bin/../lib/gcc/arm-none-eabi/10.2.0/../../../../arm-none-eabi/lib/armv6k/fpu\libg.a(lib_a-refill.o)
 .text.__srefill_r
                0x000000000011701c      0x1ac c:/devkitpro/devkitarm/bin/../lib/gcc/arm-none-eabi/10.2.0/../../../../arm-none-eabi/lib/armv6k/fpu\libg.a(lib_a-refill.o)
                0x000000000011701c                __srefill_r
 .text.setvbuf  0x00000000001171c8      0x260 c:/devkitpro/devkitarm/bin/../lib/gcc/arm-none-eabi/10.2.0/../../../../arm-none-eabi/lib/armv6k/fpu\libg.a(lib_a-setvbuf.o)
                0x00000000001171c8                setvbuf
 .text.sscanf   0x0000000000117428       0x74 c:/devkitpro/devkitarm/bin/../lib/gcc/arm-none-eabi/10.2.0/../../../../arm-none-eabi/lib/armv6k/fpu\libg.a(lib_a-sscanf.o)
                0x0000000000117428                sscanf
 .text.__sread  0x000000000011749c       0x44 c:/devkitpro/devkitarm/bin/../lib/gcc/arm-none-eabi/10.2.0/../../../../arm-none-eabi/lib/armv6k/fpu\libg.a(lib_a-stdio.o)
                0x000000000011749c                __sread
 .text.__seofread
                0x00000000001174e0        0x8 c:/devkitpro/devkitarm/bin/../lib/gcc/arm-none-eabi/10.2.0/../../../../arm-none-eabi/lib/armv6k/fpu\libg.a(lib_a-stdio.o)
                0x00000000001174e0                __seofread
 .text.__swrite
                0x00000000001174e8       0x68 c:/devkitpro/devkitarm/bin/../lib/gcc/arm-none-eabi/10.2.0/../../../../arm-none-eabi/lib/armv6k/fpu\libg.a(lib_a-stdio.o)
                0x00000000001174e8                __swrite
 .text.__sseek  0x0000000000117550       0x48 c:/devkitpro/devkitarm/bin/../lib/gcc/arm-none-eabi/10.2.0/../../../../arm-none-eabi/lib/armv6k/fpu\libg.a(lib_a-stdio.o)
                0x0000000000117550                __sseek
 .text.__sclose
                0x0000000000117598        0x8 c:/devkitpro/devkitarm/bin/../lib/gcc/arm-none-eabi/10.2.0/../../../../arm-none-eabi/lib/armv6k/fpu\libg.a(lib_a-stdio.o)
                0x0000000000117598                __sclose
 .text.strchr   0x00000000001175a0      0x144 c:/devkitpro/devkitarm/bin/../lib/gcc/arm-none-eabi/10.2.0/../../../../arm-none-eabi/lib/armv6k/fpu\libg.a(lib_a-strchr.o)
                0x00000000001175a0                strchr
 .text.strlen   0x00000000001176e4       0x5c c:/devkitpro/devkitarm/bin/../lib/gcc/arm-none-eabi/10.2.0/../../../../arm-none-eabi/lib/armv6k/fpu\libg.a(lib_a-strlen-stub.o)
                0x00000000001176e4                strlen
 .text.strncat  0x0000000000117740       0xec c:/devkitpro/devkitarm/bin/../lib/gcc/arm-none-eabi/10.2.0/../../../../arm-none-eabi/lib/armv6k/fpu\libg.a(lib_a-strncat.o)
                0x0000000000117740                strncat
 .text.strncmp  0x000000000011782c       0xdc c:/devkitpro/devkitarm/bin/../lib/gcc/arm-none-eabi/10.2.0/../../../../arm-none-eabi/lib/armv6k/fpu\libg.a(lib_a-strncmp.o)
                0x000000000011782c                strncmp
 .text.strncpy  0x0000000000117908       0xc0 c:/devkitpro/devkitarm/bin/../lib/gcc/arm-none-eabi/10.2.0/../../../../arm-none-eabi/lib/armv6k/fpu\libg.a(lib_a-strncpy.o)
                0x0000000000117908                strncpy
 .text.strnlen  0x00000000001179c8       0x48 c:/devkitpro/devkitarm/bin/../lib/gcc/arm-none-eabi/10.2.0/../../../../arm-none-eabi/lib/armv6k/fpu\libg.a(lib_a-strnlen.o)
                0x00000000001179c8                strnlen
 .text.get_arg  0x0000000000117a10       0x50 c:/devkitpro/devkitarm/bin/../lib/gcc/arm-none-eabi/10.2.0/../../../../arm-none-eabi/lib/armv6k/fpu\libg.a(lib_a-svfscanf.o)
 .text.__ssvfscanf_r
                0x0000000000117a60     0x2b68 c:/devkitpro/devkitarm/bin/../lib/gcc/arm-none-eabi/10.2.0/../../../../arm-none-eabi/lib/armv6k/fpu\libg.a(lib_a-svfscanf.o)
                0x0000000000117a60                __ssvfscanf_r
 .text.time     0x000000000011a5c8       0x3c c:/devkitpro/devkitarm/bin/../lib/gcc/arm-none-eabi/10.2.0/../../../../arm-none-eabi/lib/armv6k/fpu\libg.a(lib_a-time.o)
                0x000000000011a5c8                time
 .text.get_arg  0x000000000011a604      0x64c c:/devkitpro/devkitarm/bin/../lib/gcc/arm-none-eabi/10.2.0/../../../../arm-none-eabi/lib/armv6k/fpu\libg.a(lib_a-vfiprintf.o)
 .text.__sprint_r
                0x000000000011ac50       0x34 c:/devkitpro/devkitarm/bin/../lib/gcc/arm-none-eabi/10.2.0/../../../../arm-none-eabi/lib/armv6k/fpu\libg.a(lib_a-vfiprintf.o)
                0x000000000011ac50                __sprint_r
 .text._vfiprintf_r
                0x000000000011ac84     0x2584 c:/devkitpro/devkitarm/bin/../lib/gcc/arm-none-eabi/10.2.0/../../../../arm-none-eabi/lib/armv6k/fpu\libg.a(lib_a-vfiprintf.o)
                0x000000000011ac84                _vfiprintf_r
 .text.__sbprintf
                0x000000000011d208       0xd4 c:/devkitpro/devkitarm/bin/../lib/gcc/arm-none-eabi/10.2.0/../../../../arm-none-eabi/lib/armv6k/fpu\libg.a(lib_a-vfiprintf.o)
 .text.get_arg  0x000000000011d2dc      0x64c c:/devkitpro/devkitarm/bin/../lib/gcc/arm-none-eabi/10.2.0/../../../../arm-none-eabi/lib/armv6k/fpu\libg.a(lib_a-vfprintf.o)
 .text._vfprintf_r
                0x000000000011d928     0x38d4 c:/devkitpro/devkitarm/bin/../lib/gcc/arm-none-eabi/10.2.0/../../../../arm-none-eabi/lib/armv6k/fpu\libg.a(lib_a-vfprintf.o)
                0x000000000011d928                _vfprintf_r
 .text.__sbprintf
                0x00000000001211fc       0xd4 c:/devkitpro/devkitarm/bin/../lib/gcc/arm-none-eabi/10.2.0/../../../../arm-none-eabi/lib/armv6k/fpu\libg.a(lib_a-vfprintf.o)
 .text._wcrtomb_r
                0x00000000001212d0       0x54 c:/devkitpro/devkitarm/bin/../lib/gcc/arm-none-eabi/10.2.0/../../../../arm-none-eabi/lib/armv6k/fpu\libg.a(lib_a-wcrtomb.o)
                0x00000000001212d0                _wcrtomb_r
 .text._wcsrtombs_r
                0x0000000000121324       0x28 c:/devkitpro/devkitarm/bin/../lib/gcc/arm-none-eabi/10.2.0/../../../../arm-none-eabi/lib/armv6k/fpu\libg.a(lib_a-wcsrtombs.o)
                0x0000000000121324                _wcsrtombs_r
 .text.__swsetup_r
                0x000000000012134c      0x154 c:/devkitpro/devkitarm/bin/../lib/gcc/arm-none-eabi/10.2.0/../../../../arm-none-eabi/lib/armv6k/fpu\libg.a(lib_a-wsetup.o)
                0x000000000012134c                __swsetup_r
 .text.__call_exitprocs
                0x00000000001214a0      0x114 c:/devkitpro/devkitarm/bin/../lib/gcc/arm-none-eabi/10.2.0/../../../../arm-none-eabi/lib/armv6k/fpu\libg.a(lib_a-__call_atexit.o)
                0x00000000001214a0                __call_exitprocs
 .text.quorem   0x00000000001215b4      0x1a8 c:/devkitpro/devkitarm/bin/../lib/gcc/arm-none-eabi/10.2.0/../../../../arm-none-eabi/lib/armv6k/fpu\libg.a(lib_a-dtoa.o)
 *fill*         0x000000000012175c        0x4 
 .text._dtoa_r  0x0000000000121760     0x12ec c:/devkitpro/devkitarm/bin/../lib/gcc/arm-none-eabi/10.2.0/../../../../arm-none-eabi/lib/armv6k/fpu\libg.a(lib_a-dtoa.o)
                0x0000000000121760                _dtoa_r
 .text.__sflags
                0x0000000000122a4c       0xc8 c:/devkitpro/devkitarm/bin/../lib/gcc/arm-none-eabi/10.2.0/../../../../arm-none-eabi/lib/armv6k/fpu\libg.a(lib_a-flags.o)
                0x0000000000122a4c                __sflags
 .text.__sfvwrite_r
                0x0000000000122b14      0x4a4 c:/devkitpro/devkitarm/bin/../lib/gcc/arm-none-eabi/10.2.0/../../../../arm-none-eabi/lib/armv6k/fpu\libg.a(lib_a-fvwrite.o)
                0x0000000000122b14                __sfvwrite_r
 .text.iswspace
                0x0000000000122fb8        0x8 c:/devkitpro/devkitarm/bin/../lib/gcc/arm-none-eabi/10.2.0/../../../../arm-none-eabi/lib/armv6k/fpu\libg.a(lib_a-iswspace.o)
                0x0000000000122fb8                iswspace
 .text._localeconv_r
                0x0000000000122fc0        0xc c:/devkitpro/devkitarm/bin/../lib/gcc/arm-none-eabi/10.2.0/../../../../arm-none-eabi/lib/armv6k/fpu\libg.a(lib_a-localeconv.o)
                0x0000000000122fc0                _localeconv_r
 .text.__locale_mb_cur_max
                0x0000000000122fcc       0x10 c:/devkitpro/devkitarm/bin/../lib/gcc/arm-none-eabi/10.2.0/../../../../arm-none-eabi/lib/armv6k/fpu\libg.a(lib_a-locale.o)
                0x0000000000122fcc                __locale_mb_cur_max
 .text._mbrtowc_r
                0x0000000000122fdc       0x68 c:/devkitpro/devkitarm/bin/../lib/gcc/arm-none-eabi/10.2.0/../../../../arm-none-eabi/lib/armv6k/fpu\libg.a(lib_a-mbrtowc.o)
                0x0000000000122fdc                _mbrtowc_r
 .text.__utf8_mbtowc
                0x0000000000123044      0x2fc c:/devkitpro/devkitarm/bin/../lib/gcc/arm-none-eabi/10.2.0/../../../../arm-none-eabi/lib/armv6k/fpu\libg.a(lib_a-mbtowc_r.o)
                0x0000000000123044                __utf8_mbtowc
 .text.memmove  0x0000000000123340      0x154 c:/devkitpro/devkitarm/bin/../lib/gcc/arm-none-eabi/10.2.0/../../../../arm-none-eabi/lib/armv6k/fpu\libg.a(lib_a-memmove.o)
                0x0000000000123340                memmove
 .text._Balloc  0x0000000000123494       0x88 c:/devkitpro/devkitarm/bin/../lib/gcc/arm-none-eabi/10.2.0/../../../../arm-none-eabi/lib/armv6k/fpu\libg.a(lib_a-mprec.o)
                0x0000000000123494                _Balloc
 .text._Bfree   0x000000000012351c       0x1c c:/devkitpro/devkitarm/bin/../lib/gcc/arm-none-eabi/10.2.0/../../../../arm-none-eabi/lib/armv6k/fpu\libg.a(lib_a-mprec.o)
                0x000000000012351c                _Bfree
 .text.__multadd
                0x0000000000123538       0xf4 c:/devkitpro/devkitarm/bin/../lib/gcc/arm-none-eabi/10.2.0/../../../../arm-none-eabi/lib/armv6k/fpu\libg.a(lib_a-mprec.o)
                0x0000000000123538                __multadd
 .text.__s2b    0x000000000012362c      0x110 c:/devkitpro/devkitarm/bin/../lib/gcc/arm-none-eabi/10.2.0/../../../../arm-none-eabi/lib/armv6k/fpu\libg.a(lib_a-mprec.o)
                0x000000000012362c                __s2b
 .text.__hi0bits
                0x000000000012373c       0x58 c:/devkitpro/devkitarm/bin/../lib/gcc/arm-none-eabi/10.2.0/../../../../arm-none-eabi/lib/armv6k/fpu\libg.a(lib_a-mprec.o)
                0x000000000012373c                __hi0bits
 .text.__lo0bits
                0x0000000000123794       0x9c c:/devkitpro/devkitarm/bin/../lib/gcc/arm-none-eabi/10.2.0/../../../../arm-none-eabi/lib/armv6k/fpu\libg.a(lib_a-mprec.o)
                0x0000000000123794                __lo0bits
 .text.__i2b    0x0000000000123830       0xa4 c:/devkitpro/devkitarm/bin/../lib/gcc/arm-none-eabi/10.2.0/../../../../arm-none-eabi/lib/armv6k/fpu\libg.a(lib_a-mprec.o)
                0x0000000000123830                __i2b
 .text.__multiply
                0x00000000001238d4      0x204 c:/devkitpro/devkitarm/bin/../lib/gcc/arm-none-eabi/10.2.0/../../../../arm-none-eabi/lib/armv6k/fpu\libg.a(lib_a-mprec.o)
                0x00000000001238d4                __multiply
 .text.__pow5mult
                0x0000000000123ad8      0x120 c:/devkitpro/devkitarm/bin/../lib/gcc/arm-none-eabi/10.2.0/../../../../arm-none-eabi/lib/armv6k/fpu\libg.a(lib_a-mprec.o)
                0x0000000000123ad8                __pow5mult
 .text.__lshift
                0x0000000000123bf8      0x13c c:/devkitpro/devkitarm/bin/../lib/gcc/arm-none-eabi/10.2.0/../../../../arm-none-eabi/lib/armv6k/fpu\libg.a(lib_a-mprec.o)
                0x0000000000123bf8                __lshift
 .text.__mcmp   0x0000000000123d34       0x58 c:/devkitpro/devkitarm/bin/../lib/gcc/arm-none-eabi/10.2.0/../../../../arm-none-eabi/lib/armv6k/fpu\libg.a(lib_a-mprec.o)
                0x0000000000123d34                __mcmp
 .text.__mdiff  0x0000000000123d8c      0x1cc c:/devkitpro/devkitarm/bin/../lib/gcc/arm-none-eabi/10.2.0/../../../../arm-none-eabi/lib/armv6k/fpu\libg.a(lib_a-mprec.o)
                0x0000000000123d8c                __mdiff
 .text.__ulp    0x0000000000123f58       0x88 c:/devkitpro/devkitarm/bin/../lib/gcc/arm-none-eabi/10.2.0/../../../../arm-none-eabi/lib/armv6k/fpu\libg.a(lib_a-mprec.o)
                0x0000000000123f58                __ulp
 .text.__b2d    0x0000000000123fe0       0xd4 c:/devkitpro/devkitarm/bin/../lib/gcc/arm-none-eabi/10.2.0/../../../../arm-none-eabi/lib/armv6k/fpu\libg.a(lib_a-mprec.o)
                0x0000000000123fe0                __b2d
 .text.__d2b    0x00000000001240b4      0x12c c:/devkitpro/devkitarm/bin/../lib/gcc/arm-none-eabi/10.2.0/../../../../arm-none-eabi/lib/armv6k/fpu\libg.a(lib_a-mprec.o)
                0x00000000001240b4                __d2b
 .text.__ratio  0x00000000001241e0       0x78 c:/devkitpro/devkitarm/bin/../lib/gcc/arm-none-eabi/10.2.0/../../../../arm-none-eabi/lib/armv6k/fpu\libg.a(lib_a-mprec.o)
                0x00000000001241e0                __ratio
 .text.__copybits
                0x0000000000124258       0x88 c:/devkitpro/devkitarm/bin/../lib/gcc/arm-none-eabi/10.2.0/../../../../arm-none-eabi/lib/armv6k/fpu\libg.a(lib_a-mprec.o)
                0x0000000000124258                __copybits
 .text.__any_on
                0x00000000001242e0       0x5c c:/devkitpro/devkitarm/bin/../lib/gcc/arm-none-eabi/10.2.0/../../../../arm-none-eabi/lib/armv6k/fpu\libg.a(lib_a-mprec.o)
                0x00000000001242e0                __any_on
 .text.realloc  0x000000000012433c       0x28 c:/devkitpro/devkitarm/bin/../lib/gcc/arm-none-eabi/10.2.0/../../../../arm-none-eabi/lib/armv6k/fpu\libg.a(lib_a-realloc.o)
                0x000000000012433c                realloc
 .text._realloc_r
                0x0000000000124364      0x598 c:/devkitpro/devkitarm/bin/../lib/gcc/arm-none-eabi/10.2.0/../../../../arm-none-eabi/lib/armv6k/fpu\libg.a(lib_a-reallocr.o)
                0x0000000000124364                _realloc_r
 .text.__sccl   0x00000000001248fc       0xe4 c:/devkitpro/devkitarm/bin/../lib/gcc/arm-none-eabi/10.2.0/../../../../arm-none-eabi/lib/armv6k/fpu\libg.a(lib_a-sccl.o)
                0x00000000001248fc                __sccl
 .text.nanf     0x00000000001249e0        0xc c:/devkitpro/devkitarm/bin/../lib/gcc/arm-none-eabi/10.2.0/../../../../arm-none-eabi/lib/armv6k/fpu\libg.a(lib_a-sf_nan.o)
                0x00000000001249e0                nanf
 *fill*         0x00000000001249ec        0x4 
 .text.frexp    0x00000000001249f0       0xa8 c:/devkitpro/devkitarm/bin/../lib/gcc/arm-none-eabi/10.2.0/../../../../arm-none-eabi/lib/armv6k/fpu\libg.a(lib_a-s_frexp.o)
                0x00000000001249f0                frexp
 .text.sprintf  0x0000000000124a98       0x64 c:/devkitpro/devkitarm/bin/../lib/gcc/arm-none-eabi/10.2.0/../../../../arm-none-eabi/lib/armv6k/fpu\libg.a(lib_a-sprintf.o)
                0x0000000000124a98                sprintf
 .text.stpncpy  0x0000000000124afc       0xb8 c:/devkitpro/devkitarm/bin/../lib/gcc/arm-none-eabi/10.2.0/../../../../arm-none-eabi/lib/armv6k/fpu\libg.a(lib_a-stpncpy.o)